<?xml version="1.0" encoding="utf-8"?>
<TestRun id="1816ebae-13c1-4705-8b61-d363208419ed" name="kenac@WOODGAME 2026-09-29 23:34:15" runUser="WOODGAME\kenac" xmlns="http://microsoft.com/schemas/VisualStudio/TeamTest/2010">
  <Times creation="2026-09-29T23:34:15.4041680-04:00" queuing="2026-09-29T23:34:15.4041685-04:00" start="2026-09-29T23:34:12.0297082-04:00" finish="2026-09-29T23:34:37.9470053-04:00" />
  <TestSettings name="default" id="6be75fb5-ae4e-486c-8e42-27b05d58474a">
    <Deployment runDeploymentRoot="kenac_WOODGAME_2026-09-29_23_34_15" />
  </TestSettings>
  <Results>
    <UnitTestResult executionId="c9d06022-ef18-463a-a5f3-bff43666d917" testId="02b5b00b-ffcc-40ee-d097-533628b59cf9" testName="DreamGenClone.Tests.RolePlay.ComfyUIImageEditingClientTests.BuildResolvedWorkflow_Qwen21WithFeather_EmitsFeatherBetweenTheMaskAndTheEncoder" computerName="WOODGAME" duration="00:00:00.0130556" startTime="2026-09-29T23:34:15.3258260-04:00" endTime="2026-09-29T23:34:15.3258261-04:00" testType="13cdc9d9-ddb5-4fa4-a97d-d965ccfc6d4b" outcome="Passed" testListId="8c84fa94-04c1-424b-9868-57a2d4851a1d" relativeResultsDirectory="c9d06022-ef18-463a-a5f3-bff43666d917" />
    <UnitTestResult executionId="fb2eb3af-4dad-4a82-89c3-756d2d7129a1" testId="9031749f-1908-eba5-9322-c84472a0bf34" testName="DreamGenClone.Tests.RolePlay.MediaEditImageEditingJobHandlerTests.Payload_WithoutAnOperationKind_FailsFastWithoutTouchingTheImage" computerName="WOODGAME" duration="00:00:00.8523131" startTime="2026-09-29T23:34:29.2136681-04:00" endTime="2026-09-29T23:34:29.2136683-04:00" testType="13cdc9d9-ddb5-4fa4-a97d-d965ccfc6d4b" outcome="Passed" testListId="8c84fa94-04c1-424b-9868-57a2d4851a1d" relativeResultsDirectory="fb2eb3af-4dad-4a82-89c3-756d2d7129a1" />
    <UnitTestResult executionId="032e4f32-52e6-41f0-9d8f-1fc2adeba8e4" testId="f3179e05-ddc8-3a16-eca0-4b54d0702a53" testName="DreamGenClone.Tests.RolePlay.ComfyUIImageEditingClientTests.BuildResolvedWorkflow_MergedCheckpointWithLora_RewiresModelAndBothClipBranches" computerName="WOODGAME" duration="00:00:00.0006877" startTime="2026-09-29T23:34:15.3304334-04:00" endTime="2026-09-29T23:34:15.3304335-04:00" testType="13cdc9d9-ddb5-4fa4-a97d-d965ccfc6d4b" outcome="Passed" testListId="8c84fa94-04c1-424b-9868-57a2d4851a1d" relativeResultsDirectory="032e4f32-52e6-41f0-9d8f-1fc2adeba8e4" />
    <UnitTestResult executionId="8939484e-8bc4-4de0-9512-186cb620259d" testId="dc7f6bfe-f910-6daa-9496-62f93df45cba" testName="DreamGenClone.Tests.RolePlay.ComfyUIImageClientQwenImage21Tests.ModelSettings_MissingResolution_FailsFastNamingIt" computerName="WOODGAME" duration="00:00:00.0002960" startTime="2026-09-29T23:34:15.3808598-04:00" endTime="2026-09-29T23:34:15.3808599-04:00" testType="13cdc9d9-ddb5-4fa4-a97d-d965ccfc6d4b" outcome="Passed" testListId="8c84fa94-04c1-424b-9868-57a2d4851a1d" relativeResultsDirectory="8939484e-8bc4-4de0-9512-186cb620259d" />
    <UnitTestResult executionId="9e2d6c92-3ed6-4f34-9a57-17c60b4be22a" testId="70b0bc71-3f33-6aa2-f46c-bee9c1d0cb07" testName="DreamGenClone.Tests.RolePlay.MediaEditImageEditingJobHandlerTests.AssetIdentityRun_RefusesARowWithoutTheChosenModel" computerName="WOODGAME" duration="00:00:00.8299436" startTime="2026-09-29T23:34:28.3593656-04:00" endTime="2026-09-29T23:34:28.3593669-04:00" testType="13cdc9d9-ddb5-4fa4-a97d-d965ccfc6d4b" outcome="Passed" testListId="8c84fa94-04c1-424b-9868-57a2d4851a1d" relativeResultsDirectory="9e2d6c92-3ed6-4f34-9a57-17c60b4be22a" />
    <UnitTestResult executionId="ef231ab9-5bb5-46ec-a92c-986de98f662d" testId="9280b183-fa66-8a06-7a15-df47e3735142" testName="DreamGenClone.Tests.RolePlay.MediaEditImageEditingJobHandlerTests.AssetIdentityRun_SendsTheBoundFacesAndTheChosenModel" computerName="WOODGAME" duration="00:00:01.5485064" startTime="2026-09-29T23:34:24.4994191-04:00" endTime="2026-09-29T23:34:24.4994195-04:00" testType="13cdc9d9-ddb5-4fa4-a97d-d965ccfc6d4b" outcome="Passed" testListId="8c84fa94-04c1-424b-9868-57a2d4851a1d" relativeResultsDirectory="ef231ab9-5bb5-46ec-a92c-986de98f662d" />
    <UnitTestResult executionId="f4ea5922-51fc-400e-b6cb-fd6ac0fc95ee" testId="d042ae3d-ab65-f017-7a08-0b6c6146d13e" testName="DreamGenClone.Tests.RolePlay.ComfyUIImageClientQwenImage21Tests.ModelSettings_MissingSamplerEnvelopeValue_FailsFastNamingTheField(envelope: &quot;\&quot;Steps\&quot;:25,\&quot;SamplerName\&quot;:\&quot;euler\&quot;,\&quot;Scheduler&quot;···, missing: &quot;Cfg&quot;)" computerName="WOODGAME" duration="00:00:00.0000611" startTime="2026-09-29T23:34:15.4179953-04:00" endTime="2026-09-29T23:34:15.4179954-04:00" testType="13cdc9d9-ddb5-4fa4-a97d-d965ccfc6d4b" outcome="Passed" testListId="8c84fa94-04c1-424b-9868-57a2d4851a1d" relativeResultsDirectory="f4ea5922-51fc-400e-b6cb-fd6ac0fc95ee" />
    <UnitTestResult executionId="2bfcc583-c1a5-4cce-ad33-44740762d102" testId="7ab5f2e0-d036-40c8-5127-83d9d86788a5" testName="DreamGenClone.Tests.RolePlay.MediaEditImageEditingJobHandlerTests.CropRun_HeadAwareWithoutAMeasurement_MarksTheImageFailed" computerName="WOODGAME" duration="00:00:01.2422424" startTime="2026-09-29T23:34:25.7437406-04:00" endTime="2026-09-29T23:34:25.7437409-04:00" testType="13cdc9d9-ddb5-4fa4-a97d-d965ccfc6d4b" outcome="Passed" testListId="8c84fa94-04c1-424b-9868-57a2d4851a1d" relativeResultsDirectory="2bfcc583-c1a5-4cce-ad33-44740762d102" />
    <UnitTestResult executionId="472270c2-a798-49fa-a5d8-0686a48c6a0b" testId="0010c121-371e-fd10-a35b-116e3a2ece73" testName="DreamGenClone.Tests.RolePlay.SceneImageEditCompilationJobTests.EditingWorker_RejectsRevisionMadeStaleAfterEnqueueBeforeQwenCall" computerName="WOODGAME" duration="00:00:04.2752796" startTime="2026-09-29T23:34:19.4166280-04:00" endTime="2026-09-29T23:34:19.4166284-04:00" testType="13cdc9d9-ddb5-4fa4-a97d-d965ccfc6d4b" outcome="Passed" testListId="8c84fa94-04c1-424b-9868-57a2d4851a1d" relativeResultsDirectory="472270c2-a798-49fa-a5d8-0686a48c6a0b" />
    <UnitTestResult executionId="b08b1bea-587f-4c05-a38b-88636f046d0b" testId="8998c9ac-bfeb-b7e4-f2c7-b4e5ebf9ca2a" testName="DreamGenClone.Tests.RolePlay.ComfyUIImageEditingClientTests.BuildResolvedWorkflow_WithoutLora_EmitsNoLoraNode" computerName="WOODGAME" duration="00:00:00.0003415" startTime="2026-09-29T23:34:15.3531244-04:00" endTime="2026-09-29T23:34:15.3531244-04:00" testType="13cdc9d9-ddb5-4fa4-a97d-d965ccfc6d4b" outcome="Passed" testListId="8c84fa94-04c1-424b-9868-57a2d4851a1d" relativeResultsDirectory="b08b1bea-587f-4c05-a38b-88636f046d0b" />
    <UnitTestResult executionId="e441a742-4215-4839-ad21-10dd480b3af3" testId="9e8aac3e-004d-fb41-d9b5-1e5f7b8f7d32" testName="DreamGenClone.Tests.RolePlay.ImageEditingClientDispatcherTests.Dispatcher_ComfyUiServerlessProtocol_PostsRunWithInlineSource" computerName="WOODGAME" duration="00:00:05.2600398" startTime="2026-09-29T23:34:20.3401598-04:00" endTime="2026-09-29T23:34:20.3401602-04:00" testType="13cdc9d9-ddb5-4fa4-a97d-d965ccfc6d4b" outcome="Passed" testListId="8c84fa94-04c1-424b-9868-57a2d4851a1d" relativeResultsDirectory="e441a742-4215-4839-ad21-10dd480b3af3" />
    <UnitTestResult executionId="2ec1b493-228c-4535-915c-ba9fbc172a8b" testId="8e333ce5-f6db-de57-c58c-a47d88ac65cd" testName="DreamGenClone.Tests.RolePlay.MediaEditImageEditingJobHandlerTests.CropRun_IsIdempotentWhenTheImageAlreadyCompleted" computerName="WOODGAME" duration="00:00:01.4381702" startTime="2026-09-29T23:34:35.3711005-04:00" endTime="2026-09-29T23:34:35.3711010-04:00" testType="13cdc9d9-ddb5-4fa4-a97d-d965ccfc6d4b" outcome="Passed" testListId="8c84fa94-04c1-424b-9868-57a2d4851a1d" relativeResultsDirectory="2ec1b493-228c-4535-915c-ba9fbc172a8b" />
    <UnitTestResult executionId="cd8cb523-81ab-40b9-995f-11d9227f4533" testId="935cb8f4-8c40-d55f-2930-9fb995128da8" testName="DreamGenClone.Tests.RolePlay.ComfyUIImageEditingClientTests.BuildWorkflow_UsesOnlyResolvedQwenArtifactsAndSamplerSettings" computerName="WOODGAME" duration="00:00:00.0002663" startTime="2026-09-29T23:34:15.3534637-04:00" endTime="2026-09-29T23:34:15.3534638-04:00" testType="13cdc9d9-ddb5-4fa4-a97d-d965ccfc6d4b" outcome="Passed" testListId="8c84fa94-04c1-424b-9868-57a2d4851a1d" relativeResultsDirectory="cd8cb523-81ab-40b9-995f-11d9227f4533" />
    <UnitTestResult executionId="e2e111b2-c00d-48b9-a148-0fb9c5bc8a65" testId="3c9ef6d1-6e22-e965-df52-a0c78533c300" testName="DreamGenClone.Tests.RolePlay.ComfyUIImageEditingClientTests.BuildWorkflow_BindsOrderedReferencesToBothEncoders(mergedCheckpoint: False)" computerName="WOODGAME" duration="00:00:00.0241029" startTime="2026-09-29T23:34:15.3191964-04:00" endTime="2026-09-29T23:34:15.3191965-04:00" testType="13cdc9d9-ddb5-4fa4-a97d-d965ccfc6d4b" outcome="Passed" testListId="8c84fa94-04c1-424b-9868-57a2d4851a1d" relativeResultsDirectory="e2e111b2-c00d-48b9-a148-0fb9c5bc8a65" />
    <UnitTestResult executionId="1b917ee7-1898-4323-a097-1fbecbd36372" testId="fe14c807-adcd-02d2-e3f2-898146908fdf" testName="DreamGenClone.Tests.RolePlay.ComfyUIImageEditingClientTests.BuildResolvedWorkflow_MergedCheckpointGraph_EmitsCheckpointLoaderGraphWithResolvedSettings" computerName="WOODGAME" duration="00:00:00.0045370" startTime="2026-09-29T23:34:15.3312187-04:00" endTime="2026-09-29T23:34:15.3312189-04:00" testType="13cdc9d9-ddb5-4fa4-a97d-d965ccfc6d4b" outcome="Passed" testListId="8c84fa94-04c1-424b-9868-57a2d4851a1d" relativeResultsDirectory="1b917ee7-1898-4323-a097-1fbecbd36372" />
    <UnitTestResult executionId="54ce5678-3dcf-49e2-a058-12aad66cba78" testId="bca6b75e-204f-3db2-46db-726bdf6d7f5d" testName="DreamGenClone.Tests.RolePlay.ComfyUIImageEditingClientTests.BuildResolvedWorkflow_LoraNameWithoutStrength_FailsFast" computerName="WOODGAME" duration="00:00:00.0005132" startTime="2026-09-29T23:34:15.3528922-04:00" endTime="2026-09-29T23:34:15.3528923-04:00" testType="13cdc9d9-ddb5-4fa4-a97d-d965ccfc6d4b" outcome="Passed" testListId="8c84fa94-04c1-424b-9868-57a2d4851a1d" relativeResultsDirectory="54ce5678-3dcf-49e2-a058-12aad66cba78" />
    <UnitTestResult executionId="c1f81561-b136-4201-9f2d-9d1724532e08" testId="36abed88-dbbc-78b0-3744-afdb4405ba04" testName="DreamGenClone.Tests.RolePlay.SceneImageEditCompilationJobTests.ReadyCompilation_CreatesRevisionZeroAndIsIdempotent" computerName="WOODGAME" duration="00:00:01.1499523" startTime="2026-09-29T23:34:26.3376629-04:00" endTime="2026-09-29T23:34:26.3376633-04:00" testType="13cdc9d9-ddb5-4fa4-a97d-d965ccfc6d4b" outcome="Passed" testListId="8c84fa94-04c1-424b-9868-57a2d4851a1d" relativeResultsDirectory="c1f81561-b136-4201-9f2d-9d1724532e08" />
    <UnitTestResult executionId="7de85a11-947e-4d20-8bbc-57886c7b6a25" testId="0b9211bc-83d7-b868-d468-7a6ab111b63e" testName="DreamGenClone.Tests.RolePlay.ComfyUIImageClientQwenImage21Tests.ModelSettings_NegativeResolution_FailsFast" computerName="WOODGAME" duration="00:00:00.2851559" startTime="2026-09-29T23:34:15.3726920-04:00" endTime="2026-09-29T23:34:15.3726923-04:00" testType="13cdc9d9-ddb5-4fa4-a97d-d965ccfc6d4b" outcome="Passed" testListId="8c84fa94-04c1-424b-9868-57a2d4851a1d" relativeResultsDirectory="7de85a11-947e-4d20-8bbc-57886c7b6a25" />
    <UnitTestResult executionId="f4d602ad-c802-4790-b9ba-1a3fe54adbdd" testId="21361c03-022f-1d47-6680-0e36bb5624ec" testName="DreamGenClone.Tests.RolePlay.ComfyUIImageClientQwenImage21Tests.ModelSettings_ResolutionZero_IsAcceptedAsKeepEachReferenceAtItsOwnSize" computerName="WOODGAME" duration="00:00:00.0009224" startTime="2026-09-29T23:34:15.3807347-04:00" endTime="2026-09-29T23:34:15.3807348-04:00" testType="13cdc9d9-ddb5-4fa4-a97d-d965ccfc6d4b" outcome="Passed" testListId="8c84fa94-04c1-424b-9868-57a2d4851a1d" relativeResultsDirectory="f4d602ad-c802-4790-b9ba-1a3fe54adbdd" />
    <UnitTestResult executionId="cb9a3a5d-7ddc-4e53-b6c7-c119cb165881" testId="b58f142e-c98e-41c4-811d-785e030f4d38" testName="DreamGenClone.Tests.RolePlay.ComfyUIImageClientQwenImage21Tests.BuildEditWorkflow_SourceIsImageOneAndReferencesFollow" computerName="WOODGAME" duration="00:00:00.0008510" startTime="2026-09-29T23:34:15.4716553-04:00" endTime="2026-09-29T23:34:15.4716555-04:00" testType="13cdc9d9-ddb5-4fa4-a97d-d965ccfc6d4b" outcome="Passed" testListId="8c84fa94-04c1-424b-9868-57a2d4851a1d" relativeResultsDirectory="cb9a3a5d-7ddc-4e53-b6c7-c119cb165881" />
    <UnitTestResult executionId="731f6d39-0b9d-45c6-b19c-1505f1f648b8" testId="3932559f-4569-5772-fe89-977f5e910cec" testName="DreamGenClone.Tests.RolePlay.ComfyUIImageClientQwenImage21Tests.BuildWorkflow_WithReferences_UsesFlatAutogrowSubInputIds" computerName="WOODGAME" duration="00:00:00.0158054" startTime="2026-09-29T23:34:15.4349853-04:00" endTime="2026-09-29T23:34:15.4349853-04:00" testType="13cdc9d9-ddb5-4fa4-a97d-d965ccfc6d4b" outcome="Passed" testListId="8c84fa94-04c1-424b-9868-57a2d4851a1d" relativeResultsDirectory="731f6d39-0b9d-45c6-b19c-1505f1f648b8" />
    <UnitTestResult executionId="ca0664aa-6f59-4e97-a37e-c3a2c908e215" testId="7b930681-6826-f7cf-4789-1188851978ca" testName="DreamGenClone.Tests.RolePlay.MediaEditImageEditingJobHandlerTests.PresetRun_SendsTheAssembledInstructionAndCompletes" computerName="WOODGAME" duration="00:00:00.8574802" startTime="2026-09-29T23:34:37.8853336-04:00" endTime="2026-09-29T23:34:37.8853339-04:00" testType="13cdc9d9-ddb5-4fa4-a97d-d965ccfc6d4b" outcome="Passed" testListId="8c84fa94-04c1-424b-9868-57a2d4851a1d" relativeResultsDirectory="ca0664aa-6f59-4e97-a37e-c3a2c908e215" />
    <UnitTestResult executionId="88f98c53-d5d3-43f6-a9f5-75af86540992" testId="4e0e5b3f-3962-fd02-63b6-1496da317233" testName="DreamGenClone.Tests.RolePlay.MediaEditImageEditingJobHandlerTests.AssetRun_WritesTheResultAndCompletesTheEditSession" computerName="WOODGAME" duration="00:00:02.3437127" startTime="2026-09-29T23:34:33.9322400-04:00" endTime="2026-09-29T23:34:33.9322404-04:00" testType="13cdc9d9-ddb5-4fa4-a97d-d965ccfc6d4b" outcome="Passed" testListId="8c84fa94-04c1-424b-9868-57a2d4851a1d" relativeResultsDirectory="88f98c53-d5d3-43f6-a9f5-75af86540992" />
    <UnitTestResult executionId="72960ca0-917b-4c4e-8d48-b9396b6c4ba1" testId="43d99af4-da85-3da9-3f90-1aa4a22df908" testName="DreamGenClone.Tests.RolePlay.ComfyUIImageClientQwenImage21Tests.BuildWorkflow_TextToImage_WiresSplitLoadersAndInertNegative" computerName="WOODGAME" duration="00:00:00.0165985" startTime="2026-09-29T23:34:15.4511307-04:00" endTime="2026-09-29T23:34:15.4511311-04:00" testType="13cdc9d9-ddb5-4fa4-a97d-d965ccfc6d4b" outcome="Passed" testListId="8c84fa94-04c1-424b-9868-57a2d4851a1d" relativeResultsDirectory="72960ca0-917b-4c4e-8d48-b9396b6c4ba1" />
    <UnitTestResult executionId="65b01126-4a26-48fd-8adf-c4c741fba14c" testId="eca99a3b-ade7-b69d-431b-5aab1d13484b" testName="DreamGenClone.Tests.RolePlay.ComfyUIImageEditingClientTests.GraphKindPersistence_RoundTripsKnownValuesAndRejectsUnknown" computerName="WOODGAME" duration="00:00:00.0128298" startTime="2026-09-29T23:34:15.3532415-04:00" endTime="2026-09-29T23:34:15.3532416-04:00" testType="13cdc9d9-ddb5-4fa4-a97d-d965ccfc6d4b" outcome="Passed" testListId="8c84fa94-04c1-424b-9868-57a2d4851a1d" relativeResultsDirectory="65b01126-4a26-48fd-8adf-c4c741fba14c" />
    <UnitTestResult executionId="45079b02-2e98-4158-b4ea-0477b73689e6" testId="0d66209c-ef4e-384a-b1ae-bb493294f629" testName="DreamGenClone.Tests.RolePlay.MediaEditImageEditingJobHandlerTests.AssetRun_FailsTheImageWhenTheEditorModelRejectsTheRequest" computerName="WOODGAME" duration="00:00:03.7427890" startTime="2026-09-29T23:34:18.8795164-04:00" endTime="2026-09-29T23:34:18.8795169-04:00" testType="13cdc9d9-ddb5-4fa4-a97d-d965ccfc6d4b" outcome="Passed" testListId="8c84fa94-04c1-424b-9868-57a2d4851a1d" relativeResultsDirectory="45079b02-2e98-4158-b4ea-0477b73689e6" />
    <UnitTestResult executionId="776a2ffa-63a2-48fb-ad42-31cce80114bc" testId="bf5e6d04-5edc-94db-ca3c-c8236415f981" testName="DreamGenClone.Tests.RolePlay.SceneImageEditCompilationJobTests.UserRevision_AppendsToLatestReadyAttempt" computerName="WOODGAME" duration="00:00:02.5561151" startTime="2026-09-29T23:34:22.1281722-04:00" endTime="2026-09-29T23:34:22.1281726-04:00" testType="13cdc9d9-ddb5-4fa4-a97d-d965ccfc6d4b" outcome="Passed" testListId="8c84fa94-04c1-424b-9868-57a2d4851a1d" relativeResultsDirectory="776a2ffa-63a2-48fb-ad42-31cce80114bc" />
    <UnitTestResult executionId="1686dbfb-ef61-41a4-939b-d77d4c069231" testId="25c5d65c-a7a9-523c-1df9-922ccaf7958a" testName="DreamGenClone.Tests.RolePlay.ComfyUIImageClientQwenImage21Tests.BuildWorkflow_EmitGraphForHostProof_WhenRequested" computerName="WOODGAME" duration="00:00:00.0003534" startTime="2026-09-29T23:34:15.4702168-04:00" endTime="2026-09-29T23:34:15.4702170-04:00" testType="13cdc9d9-ddb5-4fa4-a97d-d965ccfc6d4b" outcome="Passed" testListId="8c84fa94-04c1-424b-9868-57a2d4851a1d" relativeResultsDirectory="1686dbfb-ef61-41a4-939b-d77d4c069231" />
    <UnitTestResult executionId="c5e0ead9-f903-487d-983f-cb2d16b8adea" testId="8c96bca5-e4c6-8b4f-2d03-c92effbc952c" testName="DreamGenClone.Tests.RolePlay.MediaEditImageEditingJobHandlerTests.Payload_CarriesAnExplicitSubjectKind" computerName="WOODGAME" duration="00:00:00.7714431" startTime="2026-09-29T23:34:27.5290236-04:00" endTime="2026-09-29T23:34:27.5290241-04:00" testType="13cdc9d9-ddb5-4fa4-a97d-d965ccfc6d4b" outcome="Passed" testListId="8c84fa94-04c1-424b-9868-57a2d4851a1d" relativeResultsDirectory="c5e0ead9-f903-487d-983f-cb2d16b8adea" />
    <UnitTestResult executionId="de13da5d-86e3-4f22-b19e-f879d3d3655e" testId="395ac9b7-e532-7ca0-95e2-865020504e37" testName="DreamGenClone.Tests.RolePlay.ComfyUIImageClientQwenImage21Tests.BuildEditWorkflow_QwenImage21WithoutResolutionBudget_FailsFast" computerName="WOODGAME" duration="00:00:00.0004464" startTime="2026-09-29T23:34:15.4585814-04:00" endTime="2026-09-29T23:34:15.4585816-04:00" testType="13cdc9d9-ddb5-4fa4-a97d-d965ccfc6d4b" outcome="Passed" testListId="8c84fa94-04c1-424b-9868-57a2d4851a1d" relativeResultsDirectory="de13da5d-86e3-4f22-b19e-f879d3d3655e" />
    <UnitTestResult executionId="c608975a-5c32-44f0-ab15-1ff3f241acf5" testId="7658c636-8042-b613-1168-2fae44ba0a42" testName="DreamGenClone.Tests.RolePlay.ComfyUIImageClientQwenImage21Tests.ModelSettings_MissingSamplerEnvelopeValue_FailsFastNamingTheField(envelope: &quot;\&quot;Steps\&quot;:25,\&quot;Cfg\&quot;:1.0,\&quot;SamplerName\&quot;:\&quot;euler\&quot;&quot;, missing: &quot;Scheduler&quot;)" computerName="WOODGAME" duration="00:00:00.0004386" startTime="2026-09-29T23:34:15.4175288-04:00" endTime="2026-09-29T23:34:15.4175290-04:00" testType="13cdc9d9-ddb5-4fa4-a97d-d965ccfc6d4b" outcome="Passed" testListId="8c84fa94-04c1-424b-9868-57a2d4851a1d" relativeResultsDirectory="c608975a-5c32-44f0-ab15-1ff3f241acf5" />
    <UnitTestResult executionId="f0e145c9-492d-479b-b9d7-3237729072ab" testId="f6132641-d044-ed09-871a-d0d232b9f19b" testName="DreamGenClone.Tests.RolePlay.ComfyUIImageEditingClientTests.BuildResolvedWorkflow_Qwen21WithoutARegion_KeepsTheEncoderLatent" computerName="WOODGAME" duration="00:00:00.0002213" startTime="2026-09-29T23:34:15.3524741-04:00" endTime="2026-09-29T23:34:15.3524742-04:00" testType="13cdc9d9-ddb5-4fa4-a97d-d965ccfc6d4b" outcome="Passed" testListId="8c84fa94-04c1-424b-9868-57a2d4851a1d" relativeResultsDirectory="f0e145c9-492d-479b-b9d7-3237729072ab" />
    <UnitTestResult executionId="a729ef4f-e9a0-4621-8426-7f9f7b293ba3" testId="66af0cf6-6954-2422-ac47-c9ae5db840eb" testName="DreamGenClone.Tests.RolePlay.MediaEditImageEditingJobHandlerTests.PresetRun_WhenThePresetWordingChanged_RefusesInsteadOfRenderingTheStaleText" computerName="WOODGAME" duration="00:00:00.8242126" startTime="2026-09-29T23:34:37.0271954-04:00" endTime="2026-09-29T23:34:37.0271957-04:00" testType="13cdc9d9-ddb5-4fa4-a97d-d965ccfc6d4b" outcome="Passed" testListId="8c84fa94-04c1-424b-9868-57a2d4851a1d" relativeResultsDirectory="a729ef4f-e9a0-4621-8426-7f9f7b293ba3" />
    <UnitTestResult executionId="438ab0f2-3763-45f9-9e86-01649f709cc4" testId="af7d0a0a-2461-0c4e-b833-05876d6b55df" testName="DreamGenClone.Tests.RolePlay.MediaEditImageEditingJobHandlerTests.Run_ClaimsTheRowBeforeAnyWorkIsPaidFor" computerName="WOODGAME" duration="00:00:00.0013710" startTime="2026-09-29T23:34:28.3608847-04:00" endTime="2026-09-29T23:34:28.3608849-04:00" testType="13cdc9d9-ddb5-4fa4-a97d-d965ccfc6d4b" outcome="Passed" testListId="8c84fa94-04c1-424b-9868-57a2d4851a1d" relativeResultsDirectory="438ab0f2-3763-45f9-9e86-01649f709cc4" />
    <UnitTestResult executionId="e3280db3-e94d-48b5-9453-5abd5c451386" testId="03e0045e-ce00-3e04-0b85-a3dfc088bea2" testName="DreamGenClone.Tests.RolePlay.ComfyUIImageClientQwenImage21Tests.ModelSettings_UnqualifiedEntry_FailsFast" computerName="WOODGAME" duration="00:00:00.0004423" startTime="2026-09-29T23:34:15.4707294-04:00" endTime="2026-09-29T23:34:15.4707296-04:00" testType="13cdc9d9-ddb5-4fa4-a97d-d965ccfc6d4b" outcome="Passed" testListId="8c84fa94-04c1-424b-9868-57a2d4851a1d" relativeResultsDirectory="e3280db3-e94d-48b5-9453-5abd5c451386" />
    <UnitTestResult executionId="d9325759-6e26-4314-ab87-3def08f17bc0" testId="d3ea9e8e-b93a-2471-e308-c9cbb2937e3f" testName="DreamGenClone.Tests.RolePlay.ComfyUIImageEditingClientTests.BuildResolvedWorkflow_SplitUnetWithLora_RewiresUnetAndClipLoader" computerName="WOODGAME" duration="00:00:00.0002901" startTime="2026-09-29T23:34:15.3527606-04:00" endTime="2026-09-29T23:34:15.3527607-04:00" testType="13cdc9d9-ddb5-4fa4-a97d-d965ccfc6d4b" outcome="Passed" testListId="8c84fa94-04c1-424b-9868-57a2d4851a1d" relativeResultsDirectory="d9325759-6e26-4314-ab87-3def08f17bc0" />
    <UnitTestResult executionId="7dee6b7e-8724-4006-8bb4-9a4b54dd3c31" testId="71084545-9096-455a-ef89-68ef89491281" testName="DreamGenClone.Tests.RolePlay.SceneImageEditCompilationJobTests.Clarification_CreatesNewAttemptWithStructuredHistory" computerName="WOODGAME" duration="00:00:01.8613927" startTime="2026-09-29T23:34:24.0131338-04:00" endTime="2026-09-29T23:34:24.0131341-04:00" testType="13cdc9d9-ddb5-4fa4-a97d-d965ccfc6d4b" outcome="Passed" testListId="8c84fa94-04c1-424b-9868-57a2d4851a1d" relativeResultsDirectory="7dee6b7e-8724-4006-8bb4-9a4b54dd3c31" />
    <UnitTestResult executionId="b235a26e-aeae-4490-a8cd-0b56fb0bdd02" testId="9cba4037-3925-1ba5-f122-20a8be6db2c8" testName="DreamGenClone.Tests.RolePlay.ComfyUIImageClientQwenImage21Tests.ModelSettings_ReadsArtifactsFromQualification" computerName="WOODGAME" duration="00:00:00.0065474" startTime="2026-09-29T23:34:15.4580545-04:00" endTime="2026-09-29T23:34:15.4580548-04:00" testType="13cdc9d9-ddb5-4fa4-a97d-d965ccfc6d4b" outcome="Passed" testListId="8c84fa94-04c1-424b-9868-57a2d4851a1d" relativeResultsDirectory="b235a26e-aeae-4490-a8cd-0b56fb0bdd02" />
    <UnitTestResult executionId="a78d8ab1-9042-4a34-a84e-d2c64f61494c" testId="776e541d-bfdc-9e7f-4663-c662df66e2e5" testName="DreamGenClone.Tests.RolePlay.SceneImageEditCompilationJobTests.MalformedCompilerOutput_PersistsFailedAttemptWithoutRetry" computerName="WOODGAME" duration="00:00:01.1675989" startTime="2026-09-29T23:34:25.1869749-04:00" endTime="2026-09-29T23:34:25.1869753-04:00" testType="13cdc9d9-ddb5-4fa4-a97d-d965ccfc6d4b" outcome="Passed" testListId="8c84fa94-04c1-424b-9868-57a2d4851a1d" relativeResultsDirectory="a78d8ab1-9042-4a34-a84e-d2c64f61494c" />
    <UnitTestResult executionId="7b349486-a609-4ef4-9fc4-341f0fca3b4f" testId="06dcdee9-c73c-a298-9ee7-60a278755994" testName="DreamGenClone.Tests.RolePlay.ComfyUIImageEditingClientTests.BuildResolvedWorkflow_SplitUnetGraph_EmitsSeparateLoaderGraph" computerName="WOODGAME" duration="00:00:00.0010956" startTime="2026-09-29T23:34:15.3198244-04:00" endTime="2026-09-29T23:34:15.3198245-04:00" testType="13cdc9d9-ddb5-4fa4-a97d-d965ccfc6d4b" outcome="Passed" testListId="8c84fa94-04c1-424b-9868-57a2d4851a1d" relativeResultsDirectory="7b349486-a609-4ef4-9fc4-341f0fca3b4f" />
    <UnitTestResult executionId="d49f90b8-c394-4952-9eaf-fa2bbe70815c" testId="dfe883bb-bf53-af66-6faf-6646b52adb30" testName="DreamGenClone.Tests.RolePlay.ComfyUIImageClientQwenImage21Tests.ModelSettings_MissingArtifact_FailsFastNamingTheField" computerName="WOODGAME" duration="00:00:00.0003220" startTime="2026-09-29T23:34:15.4348556-04:00" endTime="2026-09-29T23:34:15.4348558-04:00" testType="13cdc9d9-ddb5-4fa4-a97d-d965ccfc6d4b" outcome="Passed" testListId="8c84fa94-04c1-424b-9868-57a2d4851a1d" relativeResultsDirectory="d49f90b8-c394-4952-9eaf-fa2bbe70815c" />
    <UnitTestResult executionId="40fd56cc-1bba-4e6d-b00f-18b2a52b496f" testId="c2f205d7-2d6f-e775-a750-990e8fd7369d" testName="DreamGenClone.Tests.RolePlay.ComfyUIImageClientQwenImage21Tests.ModelSettings_MissingSamplerEnvelopeValue_FailsFastNamingTheField(envelope: &quot;\&quot;Steps\&quot;:25,\&quot;Cfg\&quot;:1.0,\&quot;Scheduler\&quot;:\&quot;simple\&quot;&quot;, missing: &quot;SamplerName&quot;)" computerName="WOODGAME" duration="00:00:00.0003085" startTime="2026-09-29T23:34:15.4179019-04:00" endTime="2026-09-29T23:34:15.4179021-04:00" testType="13cdc9d9-ddb5-4fa4-a97d-d965ccfc6d4b" outcome="Passed" testListId="8c84fa94-04c1-424b-9868-57a2d4851a1d" relativeResultsDirectory="40fd56cc-1bba-4e6d-b00f-18b2a52b496f" />
    <UnitTestResult executionId="1c41885f-d7d2-462a-9250-3be15e02adbb" testId="ef0d825f-2eda-9c83-8aba-45cb0db38ab0" testName="DreamGenClone.Tests.RolePlay.MediaEditImageEditingJobHandlerTests.AssetRun_RefusesProvenanceThatDoesNotMatchTheAcceptedRevision" computerName="WOODGAME" duration="00:00:01.0125711" startTime="2026-09-29T23:34:26.7571710-04:00" endTime="2026-09-29T23:34:26.7571712-04:00" testType="13cdc9d9-ddb5-4fa4-a97d-d965ccfc6d4b" outcome="Passed" testListId="8c84fa94-04c1-424b-9868-57a2d4851a1d" relativeResultsDirectory="1c41885f-d7d2-462a-9250-3be15e02adbb" />
    <UnitTestResult executionId="d5eec2ee-0e92-4ca7-a85a-6eb8630aad60" testId="0349578b-a431-2bc6-fa7d-45f019899d4b" testName="DreamGenClone.Tests.RolePlay.ComfyUIImageEditingClientTests.BuildResolvedWorkflow_Qwen21WithARegion_StartsTheSamplerFromAMaskedLatent" computerName="WOODGAME" duration="00:00:00.0002464" startTime="2026-09-29T23:34:15.3535696-04:00" endTime="2026-09-29T23:34:15.3535697-04:00" testType="13cdc9d9-ddb5-4fa4-a97d-d965ccfc6d4b" outcome="Passed" testListId="8c84fa94-04c1-424b-9868-57a2d4851a1d" relativeResultsDirectory="d5eec2ee-0e92-4ca7-a85a-6eb8630aad60" />
    <UnitTestResult executionId="7be296f5-6dfb-4af9-9b23-a9a89e507156" testId="35106e36-e8e5-e743-da00-264f3a3a7177" testName="DreamGenClone.Tests.RolePlay.MediaEditImageEditingJobHandlerTests.CropRun_WritesANewImageAndLeavesTheSourceUntouched" computerName="WOODGAME" duration="00:00:03.9715738" startTime="2026-09-29T23:34:22.8898795-04:00" endTime="2026-09-29T23:34:22.8898799-04:00" testType="13cdc9d9-ddb5-4fa4-a97d-d965ccfc6d4b" outcome="Passed" testListId="8c84fa94-04c1-424b-9868-57a2d4851a1d" relativeResultsDirectory="7be296f5-6dfb-4af9-9b23-a9a89e507156" />
    <UnitTestResult executionId="c1e26728-8a4e-461f-8b83-90d90befb203" testId="ca53f6e3-8c73-d98e-0e11-996a12ca75e8" testName="DreamGenClone.Tests.RolePlay.MediaEditImageEditingJobHandlerTests.PresetRun_WhenTheRowIsNotWhatThePresetAssembles_IsRefused" computerName="WOODGAME" duration="00:00:00.8519621" startTime="2026-09-29T23:34:30.0660855-04:00" endTime="2026-09-29T23:34:30.0660859-04:00" testType="13cdc9d9-ddb5-4fa4-a97d-d965ccfc6d4b" outcome="Passed" testListId="8c84fa94-04c1-424b-9868-57a2d4851a1d" relativeResultsDirectory="c1e26728-8a4e-461f-8b83-90d90befb203" />
    <UnitTestResult executionId="bfd4576b-1ba3-4854-8691-37a72b3054ec" testId="72550580-46b5-6703-561d-3cfed8c98336" testName="DreamGenClone.Tests.RolePlay.ComfyUIImageEditingClientTests.BuildResolvedWorkflow_UnconfiguredGraph_FailsFastWithoutGuessing" computerName="WOODGAME" duration="00:00:00.0002327" startTime="2026-09-29T23:34:15.3533563-04:00" endTime="2026-09-29T23:34:15.3533564-04:00" testType="13cdc9d9-ddb5-4fa4-a97d-d965ccfc6d4b" outcome="Passed" testListId="8c84fa94-04c1-424b-9868-57a2d4851a1d" relativeResultsDirectory="bfd4576b-1ba3-4854-8691-37a72b3054ec" />
    <UnitTestResult executionId="4cee01b3-8cbf-4276-8562-3bceeffc4c57" testId="bbe5f8ed-bade-43de-48c3-ba8d1f1e70fa" testName="DreamGenClone.Tests.RolePlay.ComfyUIImageClientQwenImage21Tests.BuildWorkflow_UsesTheQualifiedEnvelope_AndCannotBeHandedForeignFamilySettings" computerName="WOODGAME" duration="00:00:00.0235989" startTime="2026-09-29T23:34:15.3886371-04:00" endTime="2026-09-29T23:34:15.3886376-04:00" testType="13cdc9d9-ddb5-4fa4-a97d-d965ccfc6d4b" outcome="Passed" testListId="8c84fa94-04c1-424b-9868-57a2d4851a1d" relativeResultsDirectory="4cee01b3-8cbf-4276-8562-3bceeffc4c57" />
    <UnitTestResult executionId="3f0e9c8d-be9d-4154-a925-0efafe9c5770" testId="fdb8de22-6d59-9f01-34b6-b0134f87276d" testName="DreamGenClone.Tests.RolePlay.ComfyUIImageClientQwenImage21Tests.GenerateAsync_QwenImage21WithoutQualification_FailsFastBeforeSubmission" computerName="WOODGAME" duration="00:00:00.0177959" startTime="2026-09-29T23:34:15.4065518-04:00" endTime="2026-09-29T23:34:15.4065522-04:00" testType="13cdc9d9-ddb5-4fa4-a97d-d965ccfc6d4b" outcome="Passed" testListId="8c84fa94-04c1-424b-9868-57a2d4851a1d" relativeResultsDirectory="3f0e9c8d-be9d-4154-a925-0efafe9c5770" />
    <UnitTestResult executionId="040b9c5d-1178-4f71-87d2-9f40da12f729" testId="6dc6c08b-721f-5c34-4a04-c741f6bea575" testName="DreamGenClone.Tests.RolePlay.MediaEditImageEditingJobHandlerTests.Run_SkipsWhenTheRowCanNoLongerBeClaimed" computerName="WOODGAME" duration="00:00:00.0554125" startTime="2026-09-29T23:34:22.9456454-04:00" endTime="2026-09-29T23:34:22.9456459-04:00" testType="13cdc9d9-ddb5-4fa4-a97d-d965ccfc6d4b" outcome="Passed" testListId="8c84fa94-04c1-424b-9868-57a2d4851a1d" relativeResultsDirectory="040b9c5d-1178-4f71-87d2-9f40da12f729" />
    <UnitTestResult executionId="cc2d877f-223b-40e1-afe1-5272bbd3d316" testId="718ccfd8-483a-98d7-a8bf-809a9d971d2b" testName="DreamGenClone.Tests.RolePlay.ComfyUIImageClientQwenImage21Tests.ModelSettings_MissingSamplerEnvelopeValue_FailsFastNamingTheField(envelope: &quot;\&quot;Cfg\&quot;:1.0,\&quot;SamplerName\&quot;:\&quot;euler\&quot;,\&quot;Scheduler\&quot;···, missing: &quot;Steps&quot;)" computerName="WOODGAME" duration="00:00:00.0000586" startTime="2026-09-29T23:34:15.4181239-04:00" endTime="2026-09-29T23:34:15.4181241-04:00" testType="13cdc9d9-ddb5-4fa4-a97d-d965ccfc6d4b" outcome="Passed" testListId="8c84fa94-04c1-424b-9868-57a2d4851a1d" relativeResultsDirectory="cc2d877f-223b-40e1-afe1-5272bbd3d316" />
    <UnitTestResult executionId="aa633944-6072-4731-ba57-ab88176d8373" testId="e718a674-3124-f4d0-a654-267d370835d9" testName="DreamGenClone.Tests.RolePlay.MediaEditImageEditingJobHandlerTests.AssetRun_IsIdempotentWhenTheImageAlreadyCompleted" computerName="WOODGAME" duration="00:00:01.3622072" startTime="2026-09-29T23:34:31.4823896-04:00" endTime="2026-09-29T23:34:31.4823901-04:00" testType="13cdc9d9-ddb5-4fa4-a97d-d965ccfc6d4b" outcome="Passed" testListId="8c84fa94-04c1-424b-9868-57a2d4851a1d" relativeResultsDirectory="aa633944-6072-4731-ba57-ab88176d8373" />
    <UnitTestResult executionId="f3e9d989-6349-44d3-a460-df623bbca415" testId="c5d934a4-c263-aef4-0991-6d4adcbbfde4" testName="DreamGenClone.Tests.RolePlay.MediaEditImageEditingJobHandlerTests.CropRun_NeverResolvesAModelOrCallsTheEditorClient" computerName="WOODGAME" duration="00:00:00.8309862" startTime="2026-09-29T23:34:36.2024747-04:00" endTime="2026-09-29T23:34:36.2024750-04:00" testType="13cdc9d9-ddb5-4fa4-a97d-d965ccfc6d4b" outcome="Passed" testListId="8c84fa94-04c1-424b-9868-57a2d4851a1d" relativeResultsDirectory="f3e9d989-6349-44d3-a460-df623bbca415" />
    <UnitTestResult executionId="0932c494-b282-457f-a57a-9e6f5e3a22b9" testId="e32b6284-e336-e04d-2626-9dd4d2c0280c" testName="DreamGenClone.Tests.RolePlay.ComfyUIImageEditingClientTests.BuildWorkflow_BindsOrderedReferencesToBothEncoders(mergedCheckpoint: True)" computerName="WOODGAME" duration="00:00:00.1945135" startTime="2026-09-29T23:34:15.2877826-04:00" endTime="2026-09-29T23:34:15.2878223-04:00" testType="13cdc9d9-ddb5-4fa4-a97d-d965ccfc6d4b" outcome="Passed" testListId="8c84fa94-04c1-424b-9868-57a2d4851a1d" relativeResultsDirectory="0932c494-b282-457f-a57a-9e6f5e3a22b9" />
    <UnitTestResult executionId="c59f08b6-5e8d-4525-96bb-c38ca3fcc59e" testId="1026fd82-0f11-1823-e4a7-c03316b7f68a" testName="DreamGenClone.Tests.RolePlay.ImageEditingClientDispatcherTests.Dispatcher_ComfyUiProtocol_UsesPodUploadFlow" computerName="WOODGAME" duration="00:00:02.2201042" startTime="2026-09-29T23:34:22.6084015-04:00" endTime="2026-09-29T23:34:22.6084020-04:00" testType="13cdc9d9-ddb5-4fa4-a97d-d965ccfc6d4b" outcome="Passed" testListId="8c84fa94-04c1-424b-9868-57a2d4851a1d" relativeResultsDirectory="c59f08b6-5e8d-4525-96bb-c38ca3fcc59e" />
    <UnitTestResult executionId="7aa4cf4b-bf76-47e0-a24f-6723b0015d3b" testId="aacc43b2-c883-08f5-12ee-0dba1554e8a7" testName="DreamGenClone.Tests.RolePlay.ComfyUIImageClientQwenImage21Tests.ModelSettings_ReferenceResolutionBudget_ReadsResolution" computerName="WOODGAME" duration="00:00:00.0002720" startTime="2026-09-29T23:34:15.4169955-04:00" endTime="2026-09-29T23:34:15.4169957-04:00" testType="13cdc9d9-ddb5-4fa4-a97d-d965ccfc6d4b" outcome="Passed" testListId="8c84fa94-04c1-424b-9868-57a2d4851a1d" relativeResultsDirectory="7aa4cf4b-bf76-47e0-a24f-6723b0015d3b" />
    <UnitTestResult executionId="00849d65-c7d7-4e58-b0bc-a4e5c8b066eb" testId="82c106c2-b83c-4880-ecc6-b256bc2684a2" testName="DreamGenClone.Tests.RolePlay.ComfyUIImageEditingClientTests.BuildResolvedWorkflow_RegionOnANonQwen21Graph_IsRefusedNamingTheFix" computerName="WOODGAME" duration="00:00:00.0025341" startTime="2026-09-29T23:34:15.3530032-04:00" endTime="2026-09-29T23:34:15.3530033-04:00" testType="13cdc9d9-ddb5-4fa4-a97d-d965ccfc6d4b" outcome="Passed" testListId="8c84fa94-04c1-424b-9868-57a2d4851a1d" relativeResultsDirectory="00849d65-c7d7-4e58-b0bc-a4e5c8b066eb" />
  </Results>
  <TestDefinitions>
    <UnitTest name="DreamGenClone.Tests.RolePlay.SceneImageEditCompilationJobTests.UserRevision_AppendsToLatestReadyAttempt" storage="d:\src\dreamgenclone\dreamgenclone.tests\artifacts\build-check\mask7\dreamgenclone.tests.dll" id="bf5e6d04-5edc-94db-ca3c-c8236415f981">
      <Execution id="776a2ffa-63a2-48fb-ad42-31cce80114bc" />
      <TestMethod codeBase="D:\src\DreamGenClone\DreamGenClone.Tests\artifacts\build-check\mask7\DreamGenClone.Tests.dll" adapterTypeName="executor://xunit/VsTestRunner2/netcoreapp" className="DreamGenClone.Tests.RolePlay.SceneImageEditCompilationJobTests" name="UserRevision_AppendsToLatestReadyAttempt" />
    </UnitTest>
    <UnitTest name="DreamGenClone.Tests.RolePlay.ComfyUIImageClientQwenImage21Tests.ModelSettings_MissingArtifact_FailsFastNamingTheField" storage="d:\src\dreamgenclone\dreamgenclone.tests\artifacts\build-check\mask7\dreamgenclone.tests.dll" id="dfe883bb-bf53-af66-6faf-6646b52adb30">
      <Execution id="d49f90b8-c394-4952-9eaf-fa2bbe70815c" />
      <TestMethod codeBase="D:\src\DreamGenClone\DreamGenClone.Tests\artifacts\build-check\mask7\DreamGenClone.Tests.dll" adapterTypeName="executor://xunit/VsTestRunner2/netcoreapp" className="DreamGenClone.Tests.RolePlay.ComfyUIImageClientQwenImage21Tests" name="ModelSettings_MissingArtifact_FailsFastNamingTheField" />
    </UnitTest>
    <UnitTest name="DreamGenClone.Tests.RolePlay.MediaEditImageEditingJobHandlerTests.PresetRun_WhenTheRowIsNotWhatThePresetAssembles_IsRefused" storage="d:\src\dreamgenclone\dreamgenclone.tests\artifacts\build-check\mask7\dreamgenclone.tests.dll" id="ca53f6e3-8c73-d98e-0e11-996a12ca75e8">
      <Execution id="c1e26728-8a4e-461f-8b83-90d90befb203" />
      <TestMethod codeBase="D:\src\DreamGenClone\DreamGenClone.Tests\artifacts\build-check\mask7\DreamGenClone.Tests.dll" adapterTypeName="executor://xunit/VsTestRunner2/netcoreapp" className="DreamGenClone.Tests.RolePlay.MediaEditImageEditingJobHandlerTests" name="PresetRun_WhenTheRowIsNotWhatThePresetAssembles_IsRefused" />
    </UnitTest>
    <UnitTest name="DreamGenClone.Tests.RolePlay.MediaEditImageEditingJobHandlerTests.AssetRun_IsIdempotentWhenTheImageAlreadyCompleted" storage="d:\src\dreamgenclone\dreamgenclone.tests\artifacts\build-check\mask7\dreamgenclone.tests.dll" id="e718a674-3124-f4d0-a654-267d370835d9">
      <Execution id="aa633944-6072-4731-ba57-ab88176d8373" />
      <TestMethod codeBase="D:\src\DreamGenClone\DreamGenClone.Tests\artifacts\build-check\mask7\DreamGenClone.Tests.dll" adapterTypeName="executor://xunit/VsTestRunner2/netcoreapp" className="DreamGenClone.Tests.RolePlay.MediaEditImageEditingJobHandlerTests" name="AssetRun_IsIdempotentWhenTheImageAlreadyCompleted" />
    </UnitTest>
    <UnitTest name="DreamGenClone.Tests.RolePlay.ComfyUIImageClientQwenImage21Tests.ModelSettings_MissingSamplerEnvelopeValue_FailsFastNamingTheField(envelope: &quot;\&quot;Cfg\&quot;:1.0,\&quot;SamplerName\&quot;:\&quot;euler\&quot;,\&quot;Scheduler\&quot;···, missing: &quot;Steps&quot;)" storage="d:\src\dreamgenclone\dreamgenclone.tests\artifacts\build-check\mask7\dreamgenclone.tests.dll" id="718ccfd8-483a-98d7-a8bf-809a9d971d2b">
      <Execution id="cc2d877f-223b-40e1-afe1-5272bbd3d316" />
      <TestMethod codeBase="D:\src\DreamGenClone\DreamGenClone.Tests\artifacts\build-check\mask7\DreamGenClone.Tests.dll" adapterTypeName="executor://xunit/VsTestRunner2/netcoreapp" className="DreamGenClone.Tests.RolePlay.ComfyUIImageClientQwenImage21Tests" name="ModelSettings_MissingSamplerEnvelopeValue_FailsFastNamingTheField" />
    </UnitTest>
    <UnitTest name="DreamGenClone.Tests.RolePlay.MediaEditImageEditingJobHandlerTests.AssetRun_FailsTheImageWhenTheEditorModelRejectsTheRequest" storage="d:\src\dreamgenclone\dreamgenclone.tests\artifacts\build-check\mask7\dreamgenclone.tests.dll" id="0d66209c-ef4e-384a-b1ae-bb493294f629">
      <Execution id="45079b02-2e98-4158-b4ea-0477b73689e6" />
      <TestMethod codeBase="D:\src\DreamGenClone\DreamGenClone.Tests\artifacts\build-check\mask7\DreamGenClone.Tests.dll" adapterTypeName="executor://xunit/VsTestRunner2/netcoreapp" className="DreamGenClone.Tests.RolePlay.MediaEditImageEditingJobHandlerTests" name="AssetRun_FailsTheImageWhenTheEditorModelRejectsTheRequest" />
    </UnitTest>
    <UnitTest name="DreamGenClone.Tests.RolePlay.ComfyUIImageEditingClientTests.BuildResolvedWorkflow_UnconfiguredGraph_FailsFastWithoutGuessing" storage="d:\src\dreamgenclone\dreamgenclone.tests\artifacts\build-check\mask7\dreamgenclone.tests.dll" id="72550580-46b5-6703-561d-3cfed8c98336">
      <Execution id="bfd4576b-1ba3-4854-8691-37a72b3054ec" />
      <TestMethod codeBase="D:\src\DreamGenClone\DreamGenClone.Tests\artifacts\build-check\mask7\DreamGenClone.Tests.dll" adapterTypeName="executor://xunit/VsTestRunner2/netcoreapp" className="DreamGenClone.Tests.RolePlay.ComfyUIImageEditingClientTests" name="BuildResolvedWorkflow_UnconfiguredGraph_FailsFastWithoutGuessing" />
    </UnitTest>
    <UnitTest name="DreamGenClone.Tests.RolePlay.ComfyUIImageEditingClientTests.GraphKindPersistence_RoundTripsKnownValuesAndRejectsUnknown" storage="d:\src\dreamgenclone\dreamgenclone.tests\artifacts\build-check\mask7\dreamgenclone.tests.dll" id="eca99a3b-ade7-b69d-431b-5aab1d13484b">
      <Execution id="65b01126-4a26-48fd-8adf-c4c741fba14c" />
      <TestMethod codeBase="D:\src\DreamGenClone\DreamGenClone.Tests\artifacts\build-check\mask7\DreamGenClone.Tests.dll" adapterTypeName="executor://xunit/VsTestRunner2/netcoreapp" className="DreamGenClone.Tests.RolePlay.ComfyUIImageEditingClientTests" name="GraphKindPersistence_RoundTripsKnownValuesAndRejectsUnknown" />
    </UnitTest>
    <UnitTest name="DreamGenClone.Tests.RolePlay.MediaEditImageEditingJobHandlerTests.Payload_WithoutAnOperationKind_FailsFastWithoutTouchingTheImage" storage="d:\src\dreamgenclone\dreamgenclone.tests\artifacts\build-check\mask7\dreamgenclone.tests.dll" id="9031749f-1908-eba5-9322-c84472a0bf34">
      <Execution id="fb2eb3af-4dad-4a82-89c3-756d2d7129a1" />
      <TestMethod codeBase="D:\src\DreamGenClone\DreamGenClone.Tests\artifacts\build-check\mask7\DreamGenClone.Tests.dll" adapterTypeName="executor://xunit/VsTestRunner2/netcoreapp" className="DreamGenClone.Tests.RolePlay.MediaEditImageEditingJobHandlerTests" name="Payload_WithoutAnOperationKind_FailsFastWithoutTouchingTheImage" />
    </UnitTest>
    <UnitTest name="DreamGenClone.Tests.RolePlay.ComfyUIImageClientQwenImage21Tests.ModelSettings_ReferenceResolutionBudget_ReadsResolution" storage="d:\src\dreamgenclone\dreamgenclone.tests\artifacts\build-check\mask7\dreamgenclone.tests.dll" id="aacc43b2-c883-08f5-12ee-0dba1554e8a7">
      <Execution id="7aa4cf4b-bf76-47e0-a24f-6723b0015d3b" />
      <TestMethod codeBase="D:\src\DreamGenClone\DreamGenClone.Tests\artifacts\build-check\mask7\DreamGenClone.Tests.dll" adapterTypeName="executor://xunit/VsTestRunner2/netcoreapp" className="DreamGenClone.Tests.RolePlay.ComfyUIImageClientQwenImage21Tests" name="ModelSettings_ReferenceResolutionBudget_ReadsResolution" />
    </UnitTest>
    <UnitTest name="DreamGenClone.Tests.RolePlay.ComfyUIImageClientQwenImage21Tests.BuildEditWorkflow_QwenImage21WithoutResolutionBudget_FailsFast" storage="d:\src\dreamgenclone\dreamgenclone.tests\artifacts\build-check\mask7\dreamgenclone.tests.dll" id="395ac9b7-e532-7ca0-95e2-865020504e37">
      <Execution id="de13da5d-86e3-4f22-b19e-f879d3d3655e" />
      <TestMethod codeBase="D:\src\DreamGenClone\DreamGenClone.Tests\artifacts\build-check\mask7\DreamGenClone.Tests.dll" adapterTypeName="executor://xunit/VsTestRunner2/netcoreapp" className="DreamGenClone.Tests.RolePlay.ComfyUIImageClientQwenImage21Tests" name="BuildEditWorkflow_QwenImage21WithoutResolutionBudget_FailsFast" />
    </UnitTest>
    <UnitTest name="DreamGenClone.Tests.RolePlay.ComfyUIImageEditingClientTests.BuildResolvedWorkflow_Qwen21WithARegion_StartsTheSamplerFromAMaskedLatent" storage="d:\src\dreamgenclone\dreamgenclone.tests\artifacts\build-check\mask7\dreamgenclone.tests.dll" id="0349578b-a431-2bc6-fa7d-45f019899d4b">
      <Execution id="d5eec2ee-0e92-4ca7-a85a-6eb8630aad60" />
      <TestMethod codeBase="D:\src\DreamGenClone\DreamGenClone.Tests\artifacts\build-check\mask7\DreamGenClone.Tests.dll" adapterTypeName="executor://xunit/VsTestRunner2/netcoreapp" className="DreamGenClone.Tests.RolePlay.ComfyUIImageEditingClientTests" name="BuildResolvedWorkflow_Qwen21WithARegion_StartsTheSamplerFromAMaskedLatent" />
    </UnitTest>
    <UnitTest name="DreamGenClone.Tests.RolePlay.MediaEditImageEditingJobHandlerTests.CropRun_HeadAwareWithoutAMeasurement_MarksTheImageFailed" storage="d:\src\dreamgenclone\dreamgenclone.tests\artifacts\build-check\mask7\dreamgenclone.tests.dll" id="7ab5f2e0-d036-40c8-5127-83d9d86788a5">
      <Execution id="2bfcc583-c1a5-4cce-ad33-44740762d102" />
      <TestMethod codeBase="D:\src\DreamGenClone\DreamGenClone.Tests\artifacts\build-check\mask7\DreamGenClone.Tests.dll" adapterTypeName="executor://xunit/VsTestRunner2/netcoreapp" className="DreamGenClone.Tests.RolePlay.MediaEditImageEditingJobHandlerTests" name="CropRun_HeadAwareWithoutAMeasurement_MarksTheImageFailed" />
    </UnitTest>
    <UnitTest name="DreamGenClone.Tests.RolePlay.ComfyUIImageClientQwenImage21Tests.ModelSettings_ReadsArtifactsFromQualification" storage="d:\src\dreamgenclone\dreamgenclone.tests\artifacts\build-check\mask7\dreamgenclone.tests.dll" id="9cba4037-3925-1ba5-f122-20a8be6db2c8">
      <Execution id="b235a26e-aeae-4490-a8cd-0b56fb0bdd02" />
      <TestMethod codeBase="D:\src\DreamGenClone\DreamGenClone.Tests\artifacts\build-check\mask7\DreamGenClone.Tests.dll" adapterTypeName="executor://xunit/VsTestRunner2/netcoreapp" className="DreamGenClone.Tests.RolePlay.ComfyUIImageClientQwenImage21Tests" name="ModelSettings_ReadsArtifactsFromQualification" />
    </UnitTest>
    <UnitTest name="DreamGenClone.Tests.RolePlay.MediaEditImageEditingJobHandlerTests.AssetRun_RefusesProvenanceThatDoesNotMatchTheAcceptedRevision" storage="d:\src\dreamgenclone\dreamgenclone.tests\artifacts\build-check\mask7\dreamgenclone.tests.dll" id="ef0d825f-2eda-9c83-8aba-45cb0db38ab0">
      <Execution id="1c41885f-d7d2-462a-9250-3be15e02adbb" />
      <TestMethod codeBase="D:\src\DreamGenClone\DreamGenClone.Tests\artifacts\build-check\mask7\DreamGenClone.Tests.dll" adapterTypeName="executor://xunit/VsTestRunner2/netcoreapp" className="DreamGenClone.Tests.RolePlay.MediaEditImageEditingJobHandlerTests" name="AssetRun_RefusesProvenanceThatDoesNotMatchTheAcceptedRevision" />
    </UnitTest>
    <UnitTest name="DreamGenClone.Tests.RolePlay.ComfyUIImageEditingClientTests.BuildResolvedWorkflow_Qwen21WithFeather_EmitsFeatherBetweenTheMaskAndTheEncoder" storage="d:\src\dreamgenclone\dreamgenclone.tests\artifacts\build-check\mask7\dreamgenclone.tests.dll" id="02b5b00b-ffcc-40ee-d097-533628b59cf9">
      <Execution id="c9d06022-ef18-463a-a5f3-bff43666d917" />
      <TestMethod codeBase="D:\src\DreamGenClone\DreamGenClone.Tests\artifacts\build-check\mask7\DreamGenClone.Tests.dll" adapterTypeName="executor://xunit/VsTestRunner2/netcoreapp" className="DreamGenClone.Tests.RolePlay.ComfyUIImageEditingClientTests" name="BuildResolvedWorkflow_Qwen21WithFeather_EmitsFeatherBetweenTheMaskAndTheEncoder" />
    </UnitTest>
    <UnitTest name="DreamGenClone.Tests.RolePlay.ComfyUIImageEditingClientTests.BuildWorkflow_BindsOrderedReferencesToBothEncoders(mergedCheckpoint: True)" storage="d:\src\dreamgenclone\dreamgenclone.tests\artifacts\build-check\mask7\dreamgenclone.tests.dll" id="e32b6284-e336-e04d-2626-9dd4d2c0280c">
      <Execution id="0932c494-b282-457f-a57a-9e6f5e3a22b9" />
      <TestMethod codeBase="D:\src\DreamGenClone\DreamGenClone.Tests\artifacts\build-check\mask7\DreamGenClone.Tests.dll" adapterTypeName="executor://xunit/VsTestRunner2/netcoreapp" className="DreamGenClone.Tests.RolePlay.ComfyUIImageEditingClientTests" name="BuildWorkflow_BindsOrderedReferencesToBothEncoders" />
    </UnitTest>
    <UnitTest name="DreamGenClone.Tests.RolePlay.ComfyUIImageClientQwenImage21Tests.ModelSettings_UnqualifiedEntry_FailsFast" storage="d:\src\dreamgenclone\dreamgenclone.tests\artifacts\build-check\mask7\dreamgenclone.tests.dll" id="03e0045e-ce00-3e04-0b85-a3dfc088bea2">
      <Execution id="e3280db3-e94d-48b5-9453-5abd5c451386" />
      <TestMethod codeBase="D:\src\DreamGenClone\DreamGenClone.Tests\artifacts\build-check\mask7\DreamGenClone.Tests.dll" adapterTypeName="executor://xunit/VsTestRunner2/netcoreapp" className="DreamGenClone.Tests.RolePlay.ComfyUIImageClientQwenImage21Tests" name="ModelSettings_UnqualifiedEntry_FailsFast" />
    </UnitTest>
    <UnitTest name="DreamGenClone.Tests.RolePlay.ComfyUIImageEditingClientTests.BuildResolvedWorkflow_MergedCheckpointWithLora_RewiresModelAndBothClipBranches" storage="d:\src\dreamgenclone\dreamgenclone.tests\artifacts\build-check\mask7\dreamgenclone.tests.dll" id="f3179e05-ddc8-3a16-eca0-4b54d0702a53">
      <Execution id="032e4f32-52e6-41f0-9d8f-1fc2adeba8e4" />
      <TestMethod codeBase="D:\src\DreamGenClone\DreamGenClone.Tests\artifacts\build-check\mask7\DreamGenClone.Tests.dll" adapterTypeName="executor://xunit/VsTestRunner2/netcoreapp" className="DreamGenClone.Tests.RolePlay.ComfyUIImageEditingClientTests" name="BuildResolvedWorkflow_MergedCheckpointWithLora_RewiresModelAndBothClipBranches" />
    </UnitTest>
    <UnitTest name="DreamGenClone.Tests.RolePlay.ComfyUIImageClientQwenImage21Tests.ModelSettings_MissingSamplerEnvelopeValue_FailsFastNamingTheField(envelope: &quot;\&quot;Steps\&quot;:25,\&quot;SamplerName\&quot;:\&quot;euler\&quot;,\&quot;Scheduler&quot;···, missing: &quot;Cfg&quot;)" storage="d:\src\dreamgenclone\dreamgenclone.tests\artifacts\build-check\mask7\dreamgenclone.tests.dll" id="d042ae3d-ab65-f017-7a08-0b6c6146d13e">
      <Execution id="f4ea5922-51fc-400e-b6cb-fd6ac0fc95ee" />
      <TestMethod codeBase="D:\src\DreamGenClone\DreamGenClone.Tests\artifacts\build-check\mask7\DreamGenClone.Tests.dll" adapterTypeName="executor://xunit/VsTestRunner2/netcoreapp" className="DreamGenClone.Tests.RolePlay.ComfyUIImageClientQwenImage21Tests" name="ModelSettings_MissingSamplerEnvelopeValue_FailsFastNamingTheField" />
    </UnitTest>
    <UnitTest name="DreamGenClone.Tests.RolePlay.ComfyUIImageEditingClientTests.BuildWorkflow_UsesOnlyResolvedQwenArtifactsAndSamplerSettings" storage="d:\src\dreamgenclone\dreamgenclone.tests\artifacts\build-check\mask7\dreamgenclone.tests.dll" id="935cb8f4-8c40-d55f-2930-9fb995128da8">
      <Execution id="cd8cb523-81ab-40b9-995f-11d9227f4533" />
      <TestMethod codeBase="D:\src\DreamGenClone\DreamGenClone.Tests\artifacts\build-check\mask7\DreamGenClone.Tests.dll" adapterTypeName="executor://xunit/VsTestRunner2/netcoreapp" className="DreamGenClone.Tests.RolePlay.ComfyUIImageEditingClientTests" name="BuildWorkflow_UsesOnlyResolvedQwenArtifactsAndSamplerSettings" />
    </UnitTest>
    <UnitTest name="DreamGenClone.Tests.RolePlay.ComfyUIImageClientQwenImage21Tests.BuildWorkflow_TextToImage_WiresSplitLoadersAndInertNegative" storage="d:\src\dreamgenclone\dreamgenclone.tests\artifacts\build-check\mask7\dreamgenclone.tests.dll" id="43d99af4-da85-3da9-3f90-1aa4a22df908">
      <Execution id="72960ca0-917b-4c4e-8d48-b9396b6c4ba1" />
      <TestMethod codeBase="D:\src\DreamGenClone\DreamGenClone.Tests\artifacts\build-check\mask7\DreamGenClone.Tests.dll" adapterTypeName="executor://xunit/VsTestRunner2/netcoreapp" className="DreamGenClone.Tests.RolePlay.ComfyUIImageClientQwenImage21Tests" name="BuildWorkflow_TextToImage_WiresSplitLoadersAndInertNegative" />
    </UnitTest>
    <UnitTest name="DreamGenClone.Tests.RolePlay.ComfyUIImageClientQwenImage21Tests.BuildEditWorkflow_SourceIsImageOneAndReferencesFollow" storage="d:\src\dreamgenclone\dreamgenclone.tests\artifacts\build-check\mask7\dreamgenclone.tests.dll" id="b58f142e-c98e-41c4-811d-785e030f4d38">
      <Execution id="cb9a3a5d-7ddc-4e53-b6c7-c119cb165881" />
      <TestMethod codeBase="D:\src\DreamGenClone\DreamGenClone.Tests\artifacts\build-check\mask7\DreamGenClone.Tests.dll" adapterTypeName="executor://xunit/VsTestRunner2/netcoreapp" className="DreamGenClone.Tests.RolePlay.ComfyUIImageClientQwenImage21Tests" name="BuildEditWorkflow_SourceIsImageOneAndReferencesFollow" />
    </UnitTest>
    <UnitTest name="DreamGenClone.Tests.RolePlay.MediaEditImageEditingJobHandlerTests.Run_ClaimsTheRowBeforeAnyWorkIsPaidFor" storage="d:\src\dreamgenclone\dreamgenclone.tests\artifacts\build-check\mask7\dreamgenclone.tests.dll" id="af7d0a0a-2461-0c4e-b833-05876d6b55df">
      <Execution id="438ab0f2-3763-45f9-9e86-01649f709cc4" />
      <TestMethod codeBase="D:\src\DreamGenClone\DreamGenClone.Tests\artifacts\build-check\mask7\DreamGenClone.Tests.dll" adapterTypeName="executor://xunit/VsTestRunner2/netcoreapp" className="DreamGenClone.Tests.RolePlay.MediaEditImageEditingJobHandlerTests" name="Run_ClaimsTheRowBeforeAnyWorkIsPaidFor" />
    </UnitTest>
    <UnitTest name="DreamGenClone.Tests.RolePlay.ComfyUIImageClientQwenImage21Tests.BuildWorkflow_WithReferences_UsesFlatAutogrowSubInputIds" storage="d:\src\dreamgenclone\dreamgenclone.tests\artifacts\build-check\mask7\dreamgenclone.tests.dll" id="3932559f-4569-5772-fe89-977f5e910cec">
      <Execution id="731f6d39-0b9d-45c6-b19c-1505f1f648b8" />
      <TestMethod codeBase="D:\src\DreamGenClone\DreamGenClone.Tests\artifacts\build-check\mask7\DreamGenClone.Tests.dll" adapterTypeName="executor://xunit/VsTestRunner2/netcoreapp" className="DreamGenClone.Tests.RolePlay.ComfyUIImageClientQwenImage21Tests" name="BuildWorkflow_WithReferences_UsesFlatAutogrowSubInputIds" />
    </UnitTest>
    <UnitTest name="DreamGenClone.Tests.RolePlay.ComfyUIImageEditingClientTests.BuildResolvedWorkflow_SplitUnetGraph_EmitsSeparateLoaderGraph" storage="d:\src\dreamgenclone\dreamgenclone.tests\artifacts\build-check\mask7\dreamgenclone.tests.dll" id="06dcdee9-c73c-a298-9ee7-60a278755994">
      <Execution id="7b349486-a609-4ef4-9fc4-341f0fca3b4f" />
      <TestMethod codeBase="D:\src\DreamGenClone\DreamGenClone.Tests\artifacts\build-check\mask7\DreamGenClone.Tests.dll" adapterTypeName="executor://xunit/VsTestRunner2/netcoreapp" className="DreamGenClone.Tests.RolePlay.ComfyUIImageEditingClientTests" name="BuildResolvedWorkflow_SplitUnetGraph_EmitsSeparateLoaderGraph" />
    </UnitTest>
    <UnitTest name="DreamGenClone.Tests.RolePlay.MediaEditImageEditingJobHandlerTests.AssetRun_WritesTheResultAndCompletesTheEditSession" storage="d:\src\dreamgenclone\dreamgenclone.tests\artifacts\build-check\mask7\dreamgenclone.tests.dll" id="4e0e5b3f-3962-fd02-63b6-1496da317233">
      <Execution id="88f98c53-d5d3-43f6-a9f5-75af86540992" />
      <TestMethod codeBase="D:\src\DreamGenClone\DreamGenClone.Tests\artifacts\build-check\mask7\DreamGenClone.Tests.dll" adapterTypeName="executor://xunit/VsTestRunner2/netcoreapp" className="DreamGenClone.Tests.RolePlay.MediaEditImageEditingJobHandlerTests" name="AssetRun_WritesTheResultAndCompletesTheEditSession" />
    </UnitTest>
    <UnitTest name="DreamGenClone.Tests.RolePlay.MediaEditImageEditingJobHandlerTests.AssetIdentityRun_RefusesARowWithoutTheChosenModel" storage="d:\src\dreamgenclone\dreamgenclone.tests\artifacts\build-check\mask7\dreamgenclone.tests.dll" id="70b0bc71-3f33-6aa2-f46c-bee9c1d0cb07">
      <Execution id="9e2d6c92-3ed6-4f34-9a57-17c60b4be22a" />
      <TestMethod codeBase="D:\src\DreamGenClone\DreamGenClone.Tests\artifacts\build-check\mask7\DreamGenClone.Tests.dll" adapterTypeName="executor://xunit/VsTestRunner2/netcoreapp" className="DreamGenClone.Tests.RolePlay.MediaEditImageEditingJobHandlerTests" name="AssetIdentityRun_RefusesARowWithoutTheChosenModel" />
    </UnitTest>
    <UnitTest name="DreamGenClone.Tests.RolePlay.ComfyUIImageEditingClientTests.BuildResolvedWorkflow_SplitUnetWithLora_RewiresUnetAndClipLoader" storage="d:\src\dreamgenclone\dreamgenclone.tests\artifacts\build-check\mask7\dreamgenclone.tests.dll" id="d3ea9e8e-b93a-2471-e308-c9cbb2937e3f">
      <Execution id="d9325759-6e26-4314-ab87-3def08f17bc0" />
      <TestMethod codeBase="D:\src\DreamGenClone\DreamGenClone.Tests\artifacts\build-check\mask7\DreamGenClone.Tests.dll" adapterTypeName="executor://xunit/VsTestRunner2/netcoreapp" className="DreamGenClone.Tests.RolePlay.ComfyUIImageEditingClientTests" name="BuildResolvedWorkflow_SplitUnetWithLora_RewiresUnetAndClipLoader" />
    </UnitTest>
    <UnitTest name="DreamGenClone.Tests.RolePlay.ComfyUIImageEditingClientTests.BuildResolvedWorkflow_Qwen21WithoutARegion_KeepsTheEncoderLatent" storage="d:\src\dreamgenclone\dreamgenclone.tests\artifacts\build-check\mask7\dreamgenclone.tests.dll" id="f6132641-d044-ed09-871a-d0d232b9f19b">
      <Execution id="f0e145c9-492d-479b-b9d7-3237729072ab" />
      <TestMethod codeBase="D:\src\DreamGenClone\DreamGenClone.Tests\artifacts\build-check\mask7\DreamGenClone.Tests.dll" adapterTypeName="executor://xunit/VsTestRunner2/netcoreapp" className="DreamGenClone.Tests.RolePlay.ComfyUIImageEditingClientTests" name="BuildResolvedWorkflow_Qwen21WithoutARegion_KeepsTheEncoderLatent" />
    </UnitTest>
    <UnitTest name="DreamGenClone.Tests.RolePlay.MediaEditImageEditingJobHandlerTests.CropRun_IsIdempotentWhenTheImageAlreadyCompleted" storage="d:\src\dreamgenclone\dreamgenclone.tests\artifacts\build-check\mask7\dreamgenclone.tests.dll" id="8e333ce5-f6db-de57-c58c-a47d88ac65cd">
      <Execution id="2ec1b493-228c-4535-915c-ba9fbc172a8b" />
      <TestMethod codeBase="D:\src\DreamGenClone\DreamGenClone.Tests\artifacts\build-check\mask7\DreamGenClone.Tests.dll" adapterTypeName="executor://xunit/VsTestRunner2/netcoreapp" className="DreamGenClone.Tests.RolePlay.MediaEditImageEditingJobHandlerTests" name="CropRun_IsIdempotentWhenTheImageAlreadyCompleted" />
    </UnitTest>
    <UnitTest name="DreamGenClone.Tests.RolePlay.MediaEditImageEditingJobHandlerTests.CropRun_NeverResolvesAModelOrCallsTheEditorClient" storage="d:\src\dreamgenclone\dreamgenclone.tests\artifacts\build-check\mask7\dreamgenclone.tests.dll" id="c5d934a4-c263-aef4-0991-6d4adcbbfde4">
      <Execution id="f3e9d989-6349-44d3-a460-df623bbca415" />
      <TestMethod codeBase="D:\src\DreamGenClone\DreamGenClone.Tests\artifacts\build-check\mask7\DreamGenClone.Tests.dll" adapterTypeName="executor://xunit/VsTestRunner2/netcoreapp" className="DreamGenClone.Tests.RolePlay.MediaEditImageEditingJobHandlerTests" name="CropRun_NeverResolvesAModelOrCallsTheEditorClient" />
    </UnitTest>
    <UnitTest name="DreamGenClone.Tests.RolePlay.ComfyUIImageClientQwenImage21Tests.ModelSettings_MissingSamplerEnvelopeValue_FailsFastNamingTheField(envelope: &quot;\&quot;Steps\&quot;:25,\&quot;Cfg\&quot;:1.0,\&quot;SamplerName\&quot;:\&quot;euler\&quot;&quot;, missing: &quot;Scheduler&quot;)" storage="d:\src\dreamgenclone\dreamgenclone.tests\artifacts\build-check\mask7\dreamgenclone.tests.dll" id="7658c636-8042-b613-1168-2fae44ba0a42">
      <Execution id="c608975a-5c32-44f0-ab15-1ff3f241acf5" />
      <TestMethod codeBase="D:\src\DreamGenClone\DreamGenClone.Tests\artifacts\build-check\mask7\DreamGenClone.Tests.dll" adapterTypeName="executor://xunit/VsTestRunner2/netcoreapp" className="DreamGenClone.Tests.RolePlay.ComfyUIImageClientQwenImage21Tests" name="ModelSettings_MissingSamplerEnvelopeValue_FailsFastNamingTheField" />
    </UnitTest>
    <UnitTest name="DreamGenClone.Tests.RolePlay.ComfyUIImageEditingClientTests.BuildResolvedWorkflow_MergedCheckpointGraph_EmitsCheckpointLoaderGraphWithResolvedSettings" storage="d:\src\dreamgenclone\dreamgenclone.tests\artifacts\build-check\mask7\dreamgenclone.tests.dll" id="fe14c807-adcd-02d2-e3f2-898146908fdf">
      <Execution id="1b917ee7-1898-4323-a097-1fbecbd36372" />
      <TestMethod codeBase="D:\src\DreamGenClone\DreamGenClone.Tests\artifacts\build-check\mask7\DreamGenClone.Tests.dll" adapterTypeName="executor://xunit/VsTestRunner2/netcoreapp" className="DreamGenClone.Tests.RolePlay.ComfyUIImageEditingClientTests" name="BuildResolvedWorkflow_MergedCheckpointGraph_EmitsCheckpointLoaderGraphWithResolvedSettings" />
    </UnitTest>
    <UnitTest name="DreamGenClone.Tests.RolePlay.SceneImageEditCompilationJobTests.ReadyCompilation_CreatesRevisionZeroAndIsIdempotent" storage="d:\src\dreamgenclone\dreamgenclone.tests\artifacts\build-check\mask7\dreamgenclone.tests.dll" id="36abed88-dbbc-78b0-3744-afdb4405ba04">
      <Execution id="c1f81561-b136-4201-9f2d-9d1724532e08" />
      <TestMethod codeBase="D:\src\DreamGenClone\DreamGenClone.Tests\artifacts\build-check\mask7\DreamGenClone.Tests.dll" adapterTypeName="executor://xunit/VsTestRunner2/netcoreapp" className="DreamGenClone.Tests.RolePlay.SceneImageEditCompilationJobTests" name="ReadyCompilation_CreatesRevisionZeroAndIsIdempotent" />
    </UnitTest>
    <UnitTest name="DreamGenClone.Tests.RolePlay.ComfyUIImageClientQwenImage21Tests.GenerateAsync_QwenImage21WithoutQualification_FailsFastBeforeSubmission" storage="d:\src\dreamgenclone\dreamgenclone.tests\artifacts\build-check\mask7\dreamgenclone.tests.dll" id="fdb8de22-6d59-9f01-34b6-b0134f87276d">
      <Execution id="3f0e9c8d-be9d-4154-a925-0efafe9c5770" />
      <TestMethod codeBase="D:\src\DreamGenClone\DreamGenClone.Tests\artifacts\build-check\mask7\DreamGenClone.Tests.dll" adapterTypeName="executor://xunit/VsTestRunner2/netcoreapp" className="DreamGenClone.Tests.RolePlay.ComfyUIImageClientQwenImage21Tests" name="GenerateAsync_QwenImage21WithoutQualification_FailsFastBeforeSubmission" />
    </UnitTest>
    <UnitTest name="DreamGenClone.Tests.RolePlay.ComfyUIImageClientQwenImage21Tests.ModelSettings_MissingResolution_FailsFastNamingIt" storage="d:\src\dreamgenclone\dreamgenclone.tests\artifacts\build-check\mask7\dreamgenclone.tests.dll" id="dc7f6bfe-f910-6daa-9496-62f93df45cba">
      <Execution id="8939484e-8bc4-4de0-9512-186cb620259d" />
      <TestMethod codeBase="D:\src\DreamGenClone\DreamGenClone.Tests\artifacts\build-check\mask7\DreamGenClone.Tests.dll" adapterTypeName="executor://xunit/VsTestRunner2/netcoreapp" className="DreamGenClone.Tests.RolePlay.ComfyUIImageClientQwenImage21Tests" name="ModelSettings_MissingResolution_FailsFastNamingIt" />
    </UnitTest>
    <UnitTest name="DreamGenClone.Tests.RolePlay.ComfyUIImageClientQwenImage21Tests.ModelSettings_ResolutionZero_IsAcceptedAsKeepEachReferenceAtItsOwnSize" storage="d:\src\dreamgenclone\dreamgenclone.tests\artifacts\build-check\mask7\dreamgenclone.tests.dll" id="21361c03-022f-1d47-6680-0e36bb5624ec">
      <Execution id="f4d602ad-c802-4790-b9ba-1a3fe54adbdd" />
      <TestMethod codeBase="D:\src\DreamGenClone\DreamGenClone.Tests\artifacts\build-check\mask7\DreamGenClone.Tests.dll" adapterTypeName="executor://xunit/VsTestRunner2/netcoreapp" className="DreamGenClone.Tests.RolePlay.ComfyUIImageClientQwenImage21Tests" name="ModelSettings_ResolutionZero_IsAcceptedAsKeepEachReferenceAtItsOwnSize" />
    </UnitTest>
    <UnitTest name="DreamGenClone.Tests.RolePlay.ImageEditingClientDispatcherTests.Dispatcher_ComfyUiProtocol_UsesPodUploadFlow" storage="d:\src\dreamgenclone\dreamgenclone.tests\artifacts\build-check\mask7\dreamgenclone.tests.dll" id="1026fd82-0f11-1823-e4a7-c03316b7f68a">
      <Execution id="c59f08b6-5e8d-4525-96bb-c38ca3fcc59e" />
      <TestMethod codeBase="D:\src\DreamGenClone\DreamGenClone.Tests\artifacts\build-check\mask7\DreamGenClone.Tests.dll" adapterTypeName="executor://xunit/VsTestRunner2/netcoreapp" className="DreamGenClone.Tests.RolePlay.ImageEditingClientDispatcherTests" name="Dispatcher_ComfyUiProtocol_UsesPodUploadFlow" />
    </UnitTest>
    <UnitTest name="DreamGenClone.Tests.RolePlay.MediaEditImageEditingJobHandlerTests.Run_SkipsWhenTheRowCanNoLongerBeClaimed" storage="d:\src\dreamgenclone\dreamgenclone.tests\artifacts\build-check\mask7\dreamgenclone.tests.dll" id="6dc6c08b-721f-5c34-4a04-c741f6bea575">
      <Execution id="040b9c5d-1178-4f71-87d2-9f40da12f729" />
      <TestMethod codeBase="D:\src\DreamGenClone\DreamGenClone.Tests\artifacts\build-check\mask7\DreamGenClone.Tests.dll" adapterTypeName="executor://xunit/VsTestRunner2/netcoreapp" className="DreamGenClone.Tests.RolePlay.MediaEditImageEditingJobHandlerTests" name="Run_SkipsWhenTheRowCanNoLongerBeClaimed" />
    </UnitTest>
    <UnitTest name="DreamGenClone.Tests.RolePlay.ComfyUIImageClientQwenImage21Tests.ModelSettings_NegativeResolution_FailsFast" storage="d:\src\dreamgenclone\dreamgenclone.tests\artifacts\build-check\mask7\dreamgenclone.tests.dll" id="0b9211bc-83d7-b868-d468-7a6ab111b63e">
      <Execution id="7de85a11-947e-4d20-8bbc-57886c7b6a25" />
      <TestMethod codeBase="D:\src\DreamGenClone\DreamGenClone.Tests\artifacts\build-check\mask7\DreamGenClone.Tests.dll" adapterTypeName="executor://xunit/VsTestRunner2/netcoreapp" className="DreamGenClone.Tests.RolePlay.ComfyUIImageClientQwenImage21Tests" name="ModelSettings_NegativeResolution_FailsFast" />
    </UnitTest>
    <UnitTest name="DreamGenClone.Tests.RolePlay.ComfyUIImageClientQwenImage21Tests.BuildWorkflow_EmitGraphForHostProof_WhenRequested" storage="d:\src\dreamgenclone\dreamgenclone.tests\artifacts\build-check\mask7\dreamgenclone.tests.dll" id="25c5d65c-a7a9-523c-1df9-922ccaf7958a">
      <Execution id="1686dbfb-ef61-41a4-939b-d77d4c069231" />
      <TestMethod codeBase="D:\src\DreamGenClone\DreamGenClone.Tests\artifacts\build-check\mask7\DreamGenClone.Tests.dll" adapterTypeName="executor://xunit/VsTestRunner2/netcoreapp" className="DreamGenClone.Tests.RolePlay.ComfyUIImageClientQwenImage21Tests" name="BuildWorkflow_EmitGraphForHostProof_WhenRequested" />
    </UnitTest>
    <UnitTest name="DreamGenClone.Tests.RolePlay.ComfyUIImageEditingClientTests.BuildResolvedWorkflow_RegionOnANonQwen21Graph_IsRefusedNamingTheFix" storage="d:\src\dreamgenclone\dreamgenclone.tests\artifacts\build-check\mask7\dreamgenclone.tests.dll" id="82c106c2-b83c-4880-ecc6-b256bc2684a2">
      <Execution id="00849d65-c7d7-4e58-b0bc-a4e5c8b066eb" />
      <TestMethod codeBase="D:\src\DreamGenClone\DreamGenClone.Tests\artifacts\build-check\mask7\DreamGenClone.Tests.dll" adapterTypeName="executor://xunit/VsTestRunner2/netcoreapp" className="DreamGenClone.Tests.RolePlay.ComfyUIImageEditingClientTests" name="BuildResolvedWorkflow_RegionOnANonQwen21Graph_IsRefusedNamingTheFix" />
    </UnitTest>
    <UnitTest name="DreamGenClone.Tests.RolePlay.ImageEditingClientDispatcherTests.Dispatcher_ComfyUiServerlessProtocol_PostsRunWithInlineSource" storage="d:\src\dreamgenclone\dreamgenclone.tests\artifacts\build-check\mask7\dreamgenclone.tests.dll" id="9e8aac3e-004d-fb41-d9b5-1e5f7b8f7d32">
      <Execution id="e441a742-4215-4839-ad21-10dd480b3af3" />
      <TestMethod codeBase="D:\src\DreamGenClone\DreamGenClone.Tests\artifacts\build-check\mask7\DreamGenClone.Tests.dll" adapterTypeName="executor://xunit/VsTestRunner2/netcoreapp" className="DreamGenClone.Tests.RolePlay.ImageEditingClientDispatcherTests" name="Dispatcher_ComfyUiServerlessProtocol_PostsRunWithInlineSource" />
    </UnitTest>
    <UnitTest name="DreamGenClone.Tests.RolePlay.ComfyUIImageClientQwenImage21Tests.BuildWorkflow_UsesTheQualifiedEnvelope_AndCannotBeHandedForeignFamilySettings" storage="d:\src\dreamgenclone\dreamgenclone.tests\artifacts\build-check\mask7\dreamgenclone.tests.dll" id="bbe5f8ed-bade-43de-48c3-ba8d1f1e70fa">
      <Execution id="4cee01b3-8cbf-4276-8562-3bceeffc4c57" />
      <TestMethod codeBase="D:\src\DreamGenClone\DreamGenClone.Tests\artifacts\build-check\mask7\DreamGenClone.Tests.dll" adapterTypeName="executor://xunit/VsTestRunner2/netcoreapp" className="DreamGenClone.Tests.RolePlay.ComfyUIImageClientQwenImage21Tests" name="BuildWorkflow_UsesTheQualifiedEnvelope_AndCannotBeHandedForeignFamilySettings" />
    </UnitTest>
    <UnitTest name="DreamGenClone.Tests.RolePlay.ComfyUIImageEditingClientTests.BuildResolvedWorkflow_WithoutLora_EmitsNoLoraNode" storage="d:\src\dreamgenclone\dreamgenclone.tests\artifacts\build-check\mask7\dreamgenclone.tests.dll" id="8998c9ac-bfeb-b7e4-f2c7-b4e5ebf9ca2a">
      <Execution id="b08b1bea-587f-4c05-a38b-88636f046d0b" />
      <TestMethod codeBase="D:\src\DreamGenClone\DreamGenClone.Tests\artifacts\build-check\mask7\DreamGenClone.Tests.dll" adapterTypeName="executor://xunit/VsTestRunner2/netcoreapp" className="DreamGenClone.Tests.RolePlay.ComfyUIImageEditingClientTests" name="BuildResolvedWorkflow_WithoutLora_EmitsNoLoraNode" />
    </UnitTest>
    <UnitTest name="DreamGenClone.Tests.RolePlay.ComfyUIImageEditingClientTests.BuildResolvedWorkflow_LoraNameWithoutStrength_FailsFast" storage="d:\src\dreamgenclone\dreamgenclone.tests\artifacts\build-check\mask7\dreamgenclone.tests.dll" id="bca6b75e-204f-3db2-46db-726bdf6d7f5d">
      <Execution id="54ce5678-3dcf-49e2-a058-12aad66cba78" />
      <TestMethod codeBase="D:\src\DreamGenClone\DreamGenClone.Tests\artifacts\build-check\mask7\DreamGenClone.Tests.dll" adapterTypeName="executor://xunit/VsTestRunner2/netcoreapp" className="DreamGenClone.Tests.RolePlay.ComfyUIImageEditingClientTests" name="BuildResolvedWorkflow_LoraNameWithoutStrength_FailsFast" />
    </UnitTest>
    <UnitTest name="DreamGenClone.Tests.RolePlay.MediaEditImageEditingJobHandlerTests.Payload_CarriesAnExplicitSubjectKind" storage="d:\src\dreamgenclone\dreamgenclone.tests\artifacts\build-check\mask7\dreamgenclone.tests.dll" id="8c96bca5-e4c6-8b4f-2d03-c92effbc952c">
      <Execution id="c5e0ead9-f903-487d-983f-cb2d16b8adea" />
      <TestMethod codeBase="D:\src\DreamGenClone\DreamGenClone.Tests\artifacts\build-check\mask7\DreamGenClone.Tests.dll" adapterTypeName="executor://xunit/VsTestRunner2/netcoreapp" className="DreamGenClone.Tests.RolePlay.MediaEditImageEditingJobHandlerTests" name="Payload_CarriesAnExplicitSubjectKind" />
    </UnitTest>
    <UnitTest name="DreamGenClone.Tests.RolePlay.SceneImageEditCompilationJobTests.MalformedCompilerOutput_PersistsFailedAttemptWithoutRetry" storage="d:\src\dreamgenclone\dreamgenclone.tests\artifacts\build-check\mask7\dreamgenclone.tests.dll" id="776e541d-bfdc-9e7f-4663-c662df66e2e5">
      <Execution id="a78d8ab1-9042-4a34-a84e-d2c64f61494c" />
      <TestMethod codeBase="D:\src\DreamGenClone\DreamGenClone.Tests\artifacts\build-check\mask7\DreamGenClone.Tests.dll" adapterTypeName="executor://xunit/VsTestRunner2/netcoreapp" className="DreamGenClone.Tests.RolePlay.SceneImageEditCompilationJobTests" name="MalformedCompilerOutput_PersistsFailedAttemptWithoutRetry" />
    </UnitTest>
    <UnitTest name="DreamGenClone.Tests.RolePlay.ComfyUIImageEditingClientTests.BuildWorkflow_BindsOrderedReferencesToBothEncoders(mergedCheckpoint: False)" storage="d:\src\dreamgenclone\dreamgenclone.tests\artifacts\build-check\mask7\dreamgenclone.tests.dll" id="3c9ef6d1-6e22-e965-df52-a0c78533c300">
      <Execution id="e2e111b2-c00d-48b9-a148-0fb9c5bc8a65" />
      <TestMethod codeBase="D:\src\DreamGenClone\DreamGenClone.Tests\artifacts\build-check\mask7\DreamGenClone.Tests.dll" adapterTypeName="executor://xunit/VsTestRunner2/netcoreapp" className="DreamGenClone.Tests.RolePlay.ComfyUIImageEditingClientTests" name="BuildWorkflow_BindsOrderedReferencesToBothEncoders" />
    </UnitTest>
    <UnitTest name="DreamGenClone.Tests.RolePlay.SceneImageEditCompilationJobTests.EditingWorker_RejectsRevisionMadeStaleAfterEnqueueBeforeQwenCall" storage="d:\src\dreamgenclone\dreamgenclone.tests\artifacts\build-check\mask7\dreamgenclone.tests.dll" id="0010c121-371e-fd10-a35b-116e3a2ece73">
      <Execution id="472270c2-a798-49fa-a5d8-0686a48c6a0b" />
      <TestMethod codeBase="D:\src\DreamGenClone\DreamGenClone.Tests\artifacts\build-check\mask7\DreamGenClone.Tests.dll" adapterTypeName="executor://xunit/VsTestRunner2/netcoreapp" className="DreamGenClone.Tests.RolePlay.SceneImageEditCompilationJobTests" name="EditingWorker_RejectsRevisionMadeStaleAfterEnqueueBeforeQwenCall" />
    </UnitTest>
    <UnitTest name="DreamGenClone.Tests.RolePlay.MediaEditImageEditingJobHandlerTests.PresetRun_SendsTheAssembledInstructionAndCompletes" storage="d:\src\dreamgenclone\dreamgenclone.tests\artifacts\build-check\mask7\dreamgenclone.tests.dll" id="7b930681-6826-f7cf-4789-1188851978ca">
      <Execution id="ca0664aa-6f59-4e97-a37e-c3a2c908e215" />
      <TestMethod codeBase="D:\src\DreamGenClone\DreamGenClone.Tests\artifacts\build-check\mask7\DreamGenClone.Tests.dll" adapterTypeName="executor://xunit/VsTestRunner2/netcoreapp" className="DreamGenClone.Tests.RolePlay.MediaEditImageEditingJobHandlerTests" name="PresetRun_SendsTheAssembledInstructionAndCompletes" />
    </UnitTest>
    <UnitTest name="DreamGenClone.Tests.RolePlay.MediaEditImageEditingJobHandlerTests.AssetIdentityRun_SendsTheBoundFacesAndTheChosenModel" storage="d:\src\dreamgenclone\dreamgenclone.tests\artifacts\build-check\mask7\dreamgenclone.tests.dll" id="9280b183-fa66-8a06-7a15-df47e3735142">
      <Execution id="ef231ab9-5bb5-46ec-a92c-986de98f662d" />
      <TestMethod codeBase="D:\src\DreamGenClone\DreamGenClone.Tests\artifacts\build-check\mask7\DreamGenClone.Tests.dll" adapterTypeName="executor://xunit/VsTestRunner2/netcoreapp" className="DreamGenClone.Tests.RolePlay.MediaEditImageEditingJobHandlerTests" name="AssetIdentityRun_SendsTheBoundFacesAndTheChosenModel" />
    </UnitTest>
    <UnitTest name="DreamGenClone.Tests.RolePlay.ComfyUIImageClientQwenImage21Tests.ModelSettings_MissingSamplerEnvelopeValue_FailsFastNamingTheField(envelope: &quot;\&quot;Steps\&quot;:25,\&quot;Cfg\&quot;:1.0,\&quot;Scheduler\&quot;:\&quot;simple\&quot;&quot;, missing: &quot;SamplerName&quot;)" storage="d:\src\dreamgenclone\dreamgenclone.tests\artifacts\build-check\mask7\dreamgenclone.tests.dll" id="c2f205d7-2d6f-e775-a750-990e8fd7369d">
      <Execution id="40fd56cc-1bba-4e6d-b00f-18b2a52b496f" />
      <TestMethod codeBase="D:\src\DreamGenClone\DreamGenClone.Tests\artifacts\build-check\mask7\DreamGenClone.Tests.dll" adapterTypeName="executor://xunit/VsTestRunner2/netcoreapp" className="DreamGenClone.Tests.RolePlay.ComfyUIImageClientQwenImage21Tests" name="ModelSettings_MissingSamplerEnvelopeValue_FailsFastNamingTheField" />
    </UnitTest>
    <UnitTest name="DreamGenClone.Tests.RolePlay.MediaEditImageEditingJobHandlerTests.PresetRun_WhenThePresetWordingChanged_RefusesInsteadOfRenderingTheStaleText" storage="d:\src\dreamgenclone\dreamgenclone.tests\artifacts\build-check\mask7\dreamgenclone.tests.dll" id="66af0cf6-6954-2422-ac47-c9ae5db840eb">
      <Execution id="a729ef4f-e9a0-4621-8426-7f9f7b293ba3" />
      <TestMethod codeBase="D:\src\DreamGenClone\DreamGenClone.Tests\artifacts\build-check\mask7\DreamGenClone.Tests.dll" adapterTypeName="executor://xunit/VsTestRunner2/netcoreapp" className="DreamGenClone.Tests.RolePlay.MediaEditImageEditingJobHandlerTests" name="PresetRun_WhenThePresetWordingChanged_RefusesInsteadOfRenderingTheStaleText" />
    </UnitTest>
    <UnitTest name="DreamGenClone.Tests.RolePlay.MediaEditImageEditingJobHandlerTests.CropRun_WritesANewImageAndLeavesTheSourceUntouched" storage="d:\src\dreamgenclone\dreamgenclone.tests\artifacts\build-check\mask7\dreamgenclone.tests.dll" id="35106e36-e8e5-e743-da00-264f3a3a7177">
      <Execution id="7be296f5-6dfb-4af9-9b23-a9a89e507156" />
      <TestMethod codeBase="D:\src\DreamGenClone\DreamGenClone.Tests\artifacts\build-check\mask7\DreamGenClone.Tests.dll" adapterTypeName="executor://xunit/VsTestRunner2/netcoreapp" className="DreamGenClone.Tests.RolePlay.MediaEditImageEditingJobHandlerTests" name="CropRun_WritesANewImageAndLeavesTheSourceUntouched" />
    </UnitTest>
    <UnitTest name="DreamGenClone.Tests.RolePlay.SceneImageEditCompilationJobTests.Clarification_CreatesNewAttemptWithStructuredHistory" storage="d:\src\dreamgenclone\dreamgenclone.tests\artifacts\build-check\mask7\dreamgenclone.tests.dll" id="71084545-9096-455a-ef89-68ef89491281">
      <Execution id="7dee6b7e-8724-4006-8bb4-9a4b54dd3c31" />
      <TestMethod codeBase="D:\src\DreamGenClone\DreamGenClone.Tests\artifacts\build-check\mask7\DreamGenClone.Tests.dll" adapterTypeName="executor://xunit/VsTestRunner2/netcoreapp" className="DreamGenClone.Tests.RolePlay.SceneImageEditCompilationJobTests" name="Clarification_CreatesNewAttemptWithStructuredHistory" />
    </UnitTest>
  </TestDefinitions>
  <TestEntries>
    <TestEntry testId="02b5b00b-ffcc-40ee-d097-533628b59cf9" executionId="c9d06022-ef18-463a-a5f3-bff43666d917" testListId="8c84fa94-04c1-424b-9868-57a2d4851a1d" />
    <TestEntry testId="9031749f-1908-eba5-9322-c84472a0bf34" executionId="fb2eb3af-4dad-4a82-89c3-756d2d7129a1" testListId="8c84fa94-04c1-424b-9868-57a2d4851a1d" />
    <TestEntry testId="f3179e05-ddc8-3a16-eca0-4b54d0702a53" executionId="032e4f32-52e6-41f0-9d8f-1fc2adeba8e4" testListId="8c84fa94-04c1-424b-9868-57a2d4851a1d" />
    <TestEntry testId="dc7f6bfe-f910-6daa-9496-62f93df45cba" executionId="8939484e-8bc4-4de0-9512-186cb620259d" testListId="8c84fa94-04c1-424b-9868-57a2d4851a1d" />
    <TestEntry testId="70b0bc71-3f33-6aa2-f46c-bee9c1d0cb07" executionId="9e2d6c92-3ed6-4f34-9a57-17c60b4be22a" testListId="8c84fa94-04c1-424b-9868-57a2d4851a1d" />
    <TestEntry testId="9280b183-fa66-8a06-7a15-df47e3735142" executionId="ef231ab9-5bb5-46ec-a92c-986de98f662d" testListId="8c84fa94-04c1-424b-9868-57a2d4851a1d" />
    <TestEntry testId="d042ae3d-ab65-f017-7a08-0b6c6146d13e" executionId="f4ea5922-51fc-400e-b6cb-fd6ac0fc95ee" testListId="8c84fa94-04c1-424b-9868-57a2d4851a1d" />
    <TestEntry testId="7ab5f2e0-d036-40c8-5127-83d9d86788a5" executionId="2bfcc583-c1a5-4cce-ad33-44740762d102" testListId="8c84fa94-04c1-424b-9868-57a2d4851a1d" />
    <TestEntry testId="0010c121-371e-fd10-a35b-116e3a2ece73" executionId="472270c2-a798-49fa-a5d8-0686a48c6a0b" testListId="8c84fa94-04c1-424b-9868-57a2d4851a1d" />
    <TestEntry testId="8998c9ac-bfeb-b7e4-f2c7-b4e5ebf9ca2a" executionId="b08b1bea-587f-4c05-a38b-88636f046d0b" testListId="8c84fa94-04c1-424b-9868-57a2d4851a1d" />
    <TestEntry testId="9e8aac3e-004d-fb41-d9b5-1e5f7b8f7d32" executionId="e441a742-4215-4839-ad21-10dd480b3af3" testListId="8c84fa94-04c1-424b-9868-57a2d4851a1d" />
    <TestEntry testId="8e333ce5-f6db-de57-c58c-a47d88ac65cd" executionId="2ec1b493-228c-4535-915c-ba9fbc172a8b" testListId="8c84fa94-04c1-424b-9868-57a2d4851a1d" />
    <TestEntry testId="935cb8f4-8c40-d55f-2930-9fb995128da8" executionId="cd8cb523-81ab-40b9-995f-11d9227f4533" testListId="8c84fa94-04c1-424b-9868-57a2d4851a1d" />
    <TestEntry testId="3c9ef6d1-6e22-e965-df52-a0c78533c300" executionId="e2e111b2-c00d-48b9-a148-0fb9c5bc8a65" testListId="8c84fa94-04c1-424b-9868-57a2d4851a1d" />
    <TestEntry testId="fe14c807-adcd-02d2-e3f2-898146908fdf" executionId="1b917ee7-1898-4323-a097-1fbecbd36372" testListId="8c84fa94-04c1-424b-9868-57a2d4851a1d" />
    <TestEntry testId="bca6b75e-204f-3db2-46db-726bdf6d7f5d" executionId="54ce5678-3dcf-49e2-a058-12aad66cba78" testListId="8c84fa94-04c1-424b-9868-57a2d4851a1d" />
    <TestEntry testId="36abed88-dbbc-78b0-3744-afdb4405ba04" executionId="c1f81561-b136-4201-9f2d-9d1724532e08" testListId="8c84fa94-04c1-424b-9868-57a2d4851a1d" />
    <TestEntry testId="0b9211bc-83d7-b868-d468-7a6ab111b63e" executionId="7de85a11-947e-4d20-8bbc-57886c7b6a25" testListId="8c84fa94-04c1-424b-9868-57a2d4851a1d" />
    <TestEntry testId="21361c03-022f-1d47-6680-0e36bb5624ec" executionId="f4d602ad-c802-4790-b9ba-1a3fe54adbdd" testListId="8c84fa94-04c1-424b-9868-57a2d4851a1d" />
    <TestEntry testId="b58f142e-c98e-41c4-811d-785e030f4d38" executionId="cb9a3a5d-7ddc-4e53-b6c7-c119cb165881" testListId="8c84fa94-04c1-424b-9868-57a2d4851a1d" />
    <TestEntry testId="3932559f-4569-5772-fe89-977f5e910cec" executionId="731f6d39-0b9d-45c6-b19c-1505f1f648b8" testListId="8c84fa94-04c1-424b-9868-57a2d4851a1d" />
    <TestEntry testId="7b930681-6826-f7cf-4789-1188851978ca" executionId="ca0664aa-6f59-4e97-a37e-c3a2c908e215" testListId="8c84fa94-04c1-424b-9868-57a2d4851a1d" />
    <TestEntry testId="4e0e5b3f-3962-fd02-63b6-1496da317233" executionId="88f98c53-d5d3-43f6-a9f5-75af86540992" testListId="8c84fa94-04c1-424b-9868-57a2d4851a1d" />
    <TestEntry testId="43d99af4-da85-3da9-3f90-1aa4a22df908" executionId="72960ca0-917b-4c4e-8d48-b9396b6c4ba1" testListId="8c84fa94-04c1-424b-9868-57a2d4851a1d" />
    <TestEntry testId="eca99a3b-ade7-b69d-431b-5aab1d13484b" executionId="65b01126-4a26-48fd-8adf-c4c741fba14c" testListId="8c84fa94-04c1-424b-9868-57a2d4851a1d" />
    <TestEntry testId="0d66209c-ef4e-384a-b1ae-bb493294f629" executionId="45079b02-2e98-4158-b4ea-0477b73689e6" testListId="8c84fa94-04c1-424b-9868-57a2d4851a1d" />
    <TestEntry testId="bf5e6d04-5edc-94db-ca3c-c8236415f981" executionId="776a2ffa-63a2-48fb-ad42-31cce80114bc" testListId="8c84fa94-04c1-424b-9868-57a2d4851a1d" />
    <TestEntry testId="25c5d65c-a7a9-523c-1df9-922ccaf7958a" executionId="1686dbfb-ef61-41a4-939b-d77d4c069231" testListId="8c84fa94-04c1-424b-9868-57a2d4851a1d" />
    <TestEntry testId="8c96bca5-e4c6-8b4f-2d03-c92effbc952c" executionId="c5e0ead9-f903-487d-983f-cb2d16b8adea" testListId="8c84fa94-04c1-424b-9868-57a2d4851a1d" />
    <TestEntry testId="395ac9b7-e532-7ca0-95e2-865020504e37" executionId="de13da5d-86e3-4f22-b19e-f879d3d3655e" testListId="8c84fa94-04c1-424b-9868-57a2d4851a1d" />
    <TestEntry testId="7658c636-8042-b613-1168-2fae44ba0a42" executionId="c608975a-5c32-44f0-ab15-1ff3f241acf5" testListId="8c84fa94-04c1-424b-9868-57a2d4851a1d" />
    <TestEntry testId="f6132641-d044-ed09-871a-d0d232b9f19b" executionId="f0e145c9-492d-479b-b9d7-3237729072ab" testListId="8c84fa94-04c1-424b-9868-57a2d4851a1d" />
    <TestEntry testId="66af0cf6-6954-2422-ac47-c9ae5db840eb" executionId="a729ef4f-e9a0-4621-8426-7f9f7b293ba3" testListId="8c84fa94-04c1-424b-9868-57a2d4851a1d" />
    <TestEntry testId="af7d0a0a-2461-0c4e-b833-05876d6b55df" executionId="438ab0f2-3763-45f9-9e86-01649f709cc4" testListId="8c84fa94-04c1-424b-9868-57a2d4851a1d" />
    <TestEntry testId="03e0045e-ce00-3e04-0b85-a3dfc088bea2" executionId="e3280db3-e94d-48b5-9453-5abd5c451386" testListId="8c84fa94-04c1-424b-9868-57a2d4851a1d" />
    <TestEntry testId="d3ea9e8e-b93a-2471-e308-c9cbb2937e3f" executionId="d9325759-6e26-4314-ab87-3def08f17bc0" testListId="8c84fa94-04c1-424b-9868-57a2d4851a1d" />
    <TestEntry testId="71084545-9096-455a-ef89-68ef89491281" executionId="7dee6b7e-8724-4006-8bb4-9a4b54dd3c31" testListId="8c84fa94-04c1-424b-9868-57a2d4851a1d" />
    <TestEntry testId="9cba4037-3925-1ba5-f122-20a8be6db2c8" executionId="b235a26e-aeae-4490-a8cd-0b56fb0bdd02" testListId="8c84fa94-04c1-424b-9868-57a2d4851a1d" />
    <TestEntry testId="776e541d-bfdc-9e7f-4663-c662df66e2e5" executionId="a78d8ab1-9042-4a34-a84e-d2c64f61494c" testListId="8c84fa94-04c1-424b-9868-57a2d4851a1d" />
    <TestEntry testId="06dcdee9-c73c-a298-9ee7-60a278755994" executionId="7b349486-a609-4ef4-9fc4-341f0fca3b4f" testListId="8c84fa94-04c1-424b-9868-57a2d4851a1d" />
    <TestEntry testId="dfe883bb-bf53-af66-6faf-6646b52adb30" executionId="d49f90b8-c394-4952-9eaf-fa2bbe70815c" testListId="8c84fa94-04c1-424b-9868-57a2d4851a1d" />
    <TestEntry testId="c2f205d7-2d6f-e775-a750-990e8fd7369d" executionId="40fd56cc-1bba-4e6d-b00f-18b2a52b496f" testListId="8c84fa94-04c1-424b-9868-57a2d4851a1d" />
    <TestEntry testId="ef0d825f-2eda-9c83-8aba-45cb0db38ab0" executionId="1c41885f-d7d2-462a-9250-3be15e02adbb" testListId="8c84fa94-04c1-424b-9868-57a2d4851a1d" />
    <TestEntry testId="0349578b-a431-2bc6-fa7d-45f019899d4b" executionId="d5eec2ee-0e92-4ca7-a85a-6eb8630aad60" testListId="8c84fa94-04c1-424b-9868-57a2d4851a1d" />
    <TestEntry testId="35106e36-e8e5-e743-da00-264f3a3a7177" executionId="7be296f5-6dfb-4af9-9b23-a9a89e507156" testListId="8c84fa94-04c1-424b-9868-57a2d4851a1d" />
    <TestEntry testId="ca53f6e3-8c73-d98e-0e11-996a12ca75e8" executionId="c1e26728-8a4e-461f-8b83-90d90befb203" testListId="8c84fa94-04c1-424b-9868-57a2d4851a1d" />
    <TestEntry testId="72550580-46b5-6703-561d-3cfed8c98336" executionId="bfd4576b-1ba3-4854-8691-37a72b3054ec" testListId="8c84fa94-04c1-424b-9868-57a2d4851a1d" />
    <TestEntry testId="bbe5f8ed-bade-43de-48c3-ba8d1f1e70fa" executionId="4cee01b3-8cbf-4276-8562-3bceeffc4c57" testListId="8c84fa94-04c1-424b-9868-57a2d4851a1d" />
    <TestEntry testId="fdb8de22-6d59-9f01-34b6-b0134f87276d" executionId="3f0e9c8d-be9d-4154-a925-0efafe9c5770" testListId="8c84fa94-04c1-424b-9868-57a2d4851a1d" />
    <TestEntry testId="6dc6c08b-721f-5c34-4a04-c741f6bea575" executionId="040b9c5d-1178-4f71-87d2-9f40da12f729" testListId="8c84fa94-04c1-424b-9868-57a2d4851a1d" />
    <TestEntry testId="718ccfd8-483a-98d7-a8bf-809a9d971d2b" executionId="cc2d877f-223b-40e1-afe1-5272bbd3d316" testListId="8c84fa94-04c1-424b-9868-57a2d4851a1d" />
    <TestEntry testId="e718a674-3124-f4d0-a654-267d370835d9" executionId="aa633944-6072-4731-ba57-ab88176d8373" testListId="8c84fa94-04c1-424b-9868-57a2d4851a1d" />
    <TestEntry testId="c5d934a4-c263-aef4-0991-6d4adcbbfde4" executionId="f3e9d989-6349-44d3-a460-df623bbca415" testListId="8c84fa94-04c1-424b-9868-57a2d4851a1d" />
    <TestEntry testId="e32b6284-e336-e04d-2626-9dd4d2c0280c" executionId="0932c494-b282-457f-a57a-9e6f5e3a22b9" testListId="8c84fa94-04c1-424b-9868-57a2d4851a1d" />
    <TestEntry testId="1026fd82-0f11-1823-e4a7-c03316b7f68a" executionId="c59f08b6-5e8d-4525-96bb-c38ca3fcc59e" testListId="8c84fa94-04c1-424b-9868-57a2d4851a1d" />
    <TestEntry testId="aacc43b2-c883-08f5-12ee-0dba1554e8a7" executionId="7aa4cf4b-bf76-47e0-a24f-6723b0015d3b" testListId="8c84fa94-04c1-424b-9868-57a2d4851a1d" />
    <TestEntry testId="82c106c2-b83c-4880-ecc6-b256bc2684a2" executionId="00849d65-c7d7-4e58-b0bc-a4e5c8b066eb" testListId="8c84fa94-04c1-424b-9868-57a2d4851a1d" />
  </TestEntries>
  <TestLists>
    <TestList name="Results Not in a List" id="8c84fa94-04c1-424b-9868-57a2d4851a1d" />
    <TestList name="All Loaded Results" id="19431567-8539-422a-85d7-44ee4e166bda" />
  </TestLists>
  <ResultSummary outcome="Completed">
    <Counters total="57" executed="57" passed="57" failed="0" error="0" timeout="0" aborted="0" inconclusive="0" passedButRunAborted="0" notRunnable="0" notExecuted="0" disconnected="0" warning="0" completed="0" inProgress="0" pending="0" />
    <Output>
      <StdOut>[xUnit.net 00:00:00.00] xUnit.net VSTest Adapter v2.8.2+699d445a1a (64-bit .NET 9.0.13)&#xD;
[xUnit.net 00:00:01.45]   Discovering: DreamGenClone.Tests&#xD;
[xUnit.net 00:00:01.66]   Discovered:  DreamGenClone.Tests&#xD;
[xUnit.net 00:00:01.67]   Starting:    DreamGenClone.Tests&#xD;
[xUnit.net 00:00:24.50]   Finished:    DreamGenClone.Tests&#xD;
</StdOut>
    </Output>
  </ResultSummary>
</TestRun>