<?xml version="1.0" encoding="utf-8"?>
<TestRun id="692f7c0f-ebd5-4617-bcf2-5c90fda53d55" name="kenac@WOODGAME 2026-09-30 00:19:29" runUser="WOODGAME\kenac" xmlns="http://microsoft.com/schemas/VisualStudio/TeamTest/2010">
  <Times creation="2026-09-30T00:19:29.2251505-04:00" queuing="2026-09-30T00:19:29.2251510-04:00" start="2026-09-30T00:19:26.4736676-04:00" finish="2026-09-30T00:19:36.8780853-04:00" />
  <TestSettings name="default" id="13db6b46-4d74-44dd-8058-0939373438ff">
    <Deployment runDeploymentRoot="kenac_WOODGAME_2026-09-30_00_19_29" />
  </TestSettings>
  <Results>
    <UnitTestResult executionId="73685227-c6a9-483b-9e63-9c82660db877" testId="e32b6284-e336-e04d-2626-9dd4d2c0280c" testName="DreamGenClone.Tests.RolePlay.ComfyUIImageEditingClientTests.BuildWorkflow_BindsOrderedReferencesToBothEncoders(mergedCheckpoint: True)" computerName="WOODGAME" duration="00:00:00.0923032" startTime="2026-09-30T00:19:29.2152973-04:00" endTime="2026-09-30T00:19:29.2152973-04:00" testType="13cdc9d9-ddb5-4fa4-a97d-d965ccfc6d4b" outcome="Passed" testListId="8c84fa94-04c1-424b-9868-57a2d4851a1d" relativeResultsDirectory="73685227-c6a9-483b-9e63-9c82660db877" />
    <UnitTestResult executionId="77dd3125-0d64-4bbf-9908-9b45a1618ed4" testId="bca6b75e-204f-3db2-46db-726bdf6d7f5d" testName="DreamGenClone.Tests.RolePlay.ComfyUIImageEditingClientTests.BuildResolvedWorkflow_LoraNameWithoutStrength_FailsFast" computerName="WOODGAME" duration="00:00:00.0002540" startTime="2026-09-30T00:19:29.2175045-04:00" endTime="2026-09-30T00:19:29.2175045-04:00" testType="13cdc9d9-ddb5-4fa4-a97d-d965ccfc6d4b" outcome="Passed" testListId="8c84fa94-04c1-424b-9868-57a2d4851a1d" relativeResultsDirectory="77dd3125-0d64-4bbf-9908-9b45a1618ed4" />
    <UnitTestResult executionId="60987898-091c-413a-9d9d-b247904c40d9" testId="1fb30cdb-09b8-c0f4-0c07-959b900033f6" testName="DreamGenClone.Tests.RolePlay.MediaEditRegionOperationTests.GeometryTheGraphCannotHonourIsRefused(left: -1, top: 0, width: 10, height: 10, expected: &quot;non-negative edges&quot;)" computerName="WOODGAME" duration="00:00:00.0000206" startTime="2026-09-30T00:19:29.2064895-04:00" endTime="2026-09-30T00:19:29.2064896-04:00" testType="13cdc9d9-ddb5-4fa4-a97d-d965ccfc6d4b" outcome="Passed" testListId="8c84fa94-04c1-424b-9868-57a2d4851a1d" relativeResultsDirectory="60987898-091c-413a-9d9d-b247904c40d9" />
    <UnitTestResult executionId="4950da2b-3814-497d-857f-f04a6479b656" testId="20ab2053-6f87-0139-cef7-2e3251bef1fa" testName="DreamGenClone.Tests.RolePlay.MediaEditRegionOperationTests.AGrowValueOutsideTheHostsOwnBoundIsRefused(growMaskBy: -1)" computerName="WOODGAME" duration="00:00:00.0006360" startTime="2026-09-30T00:19:29.2136492-04:00" endTime="2026-09-30T00:19:29.2136492-04:00" testType="13cdc9d9-ddb5-4fa4-a97d-d965ccfc6d4b" outcome="Passed" testListId="8c84fa94-04c1-424b-9868-57a2d4851a1d" relativeResultsDirectory="4950da2b-3814-497d-857f-f04a6479b656" />
    <UnitTestResult executionId="edd262f2-0237-4332-a874-df8b8087038f" testId="dbb4a59b-b37a-3a92-59cf-f16dd56e0186" testName="DreamGenClone.Tests.RolePlay.MediaEditRegionOperationTests.GeometryTheGraphCannotHonourIsRefused(left: 10, top: 10, width: 10, height: 0, expected: &quot;positive size&quot;)" computerName="WOODGAME" duration="00:00:00.0000191" startTime="2026-09-30T00:19:29.2065422-04:00" endTime="2026-09-30T00:19:29.2065422-04:00" testType="13cdc9d9-ddb5-4fa4-a97d-d965ccfc6d4b" outcome="Passed" testListId="8c84fa94-04c1-424b-9868-57a2d4851a1d" relativeResultsDirectory="edd262f2-0237-4332-a874-df8b8087038f" />
    <UnitTestResult executionId="fea48909-e999-44d4-83a1-fe42f2571d81" testId="72550580-46b5-6703-561d-3cfed8c98336" testName="DreamGenClone.Tests.RolePlay.ComfyUIImageEditingClientTests.BuildResolvedWorkflow_UnconfiguredGraph_FailsFastWithoutGuessing" computerName="WOODGAME" duration="00:00:00.0001605" startTime="2026-09-30T00:19:29.2203497-04:00" endTime="2026-09-30T00:19:29.2203499-04:00" testType="13cdc9d9-ddb5-4fa4-a97d-d965ccfc6d4b" outcome="Passed" testListId="8c84fa94-04c1-424b-9868-57a2d4851a1d" relativeResultsDirectory="fea48909-e999-44d4-83a1-fe42f2571d81" />
    <UnitTestResult executionId="41d61a4e-1a26-4dbc-bfb7-b495b4dae4b9" testId="f3179e05-ddc8-3a16-eca0-4b54d0702a53" testName="DreamGenClone.Tests.RolePlay.ComfyUIImageEditingClientTests.BuildResolvedWorkflow_MergedCheckpointWithLora_RewiresModelAndBothClipBranches" computerName="WOODGAME" duration="00:00:00.0004303" startTime="2026-09-30T00:19:29.2161505-04:00" endTime="2026-09-30T00:19:29.2161507-04:00" testType="13cdc9d9-ddb5-4fa4-a97d-d965ccfc6d4b" outcome="Passed" testListId="8c84fa94-04c1-424b-9868-57a2d4851a1d" relativeResultsDirectory="41d61a4e-1a26-4dbc-bfb7-b495b4dae4b9" />
    <UnitTestResult executionId="b82ccf12-323a-43f6-9b52-9218db87c12d" testId="c550ed2c-f183-2bc5-8bd7-255a5d60aae4" testName="DreamGenClone.Tests.RolePlay.MediaEditRegionOperationTests.GeometryTheGraphCannotHonourIsRefused(left: 10, top: 10, width: 0, height: 10, expected: &quot;positive size&quot;)" computerName="WOODGAME" duration="00:00:00.0000178" startTime="2026-09-30T00:19:29.2134617-04:00" endTime="2026-09-30T00:19:29.2134618-04:00" testType="13cdc9d9-ddb5-4fa4-a97d-d965ccfc6d4b" outcome="Passed" testListId="8c84fa94-04c1-424b-9868-57a2d4851a1d" relativeResultsDirectory="b82ccf12-323a-43f6-9b52-9218db87c12d" />
    <UnitTestResult executionId="6b9ec14e-7e44-4dd0-b389-f5b4ca7b28ae" testId="872b803e-96fb-c716-790c-d010bb86a5fa" testName="DreamGenClone.Tests.RolePlay.ImageRegionMaskEngineTests.ARegionTooSmallForTheFrameIsRefusedRatherThanEmittedAsAnAllBlackMask" computerName="WOODGAME" duration="00:00:00.0835273" startTime="2026-09-30T00:19:29.2039983-04:00" endTime="2026-09-30T00:19:29.2040086-04:00" testType="13cdc9d9-ddb5-4fa4-a97d-d965ccfc6d4b" outcome="Passed" testListId="8c84fa94-04c1-424b-9868-57a2d4851a1d" relativeResultsDirectory="6b9ec14e-7e44-4dd0-b389-f5b4ca7b28ae" />
    <UnitTestResult executionId="17273534-208c-4630-81f8-a1ed69165d37" testId="0349578b-a431-2bc6-fa7d-45f019899d4b" testName="DreamGenClone.Tests.RolePlay.ComfyUIImageEditingClientTests.BuildResolvedWorkflow_Qwen21WithARegion_StartsTheSamplerFromAMaskedLatent" computerName="WOODGAME" duration="00:00:00.0001520" startTime="2026-09-30T00:19:29.2207481-04:00" endTime="2026-09-30T00:19:29.2207483-04:00" testType="13cdc9d9-ddb5-4fa4-a97d-d965ccfc6d4b" outcome="Passed" testListId="8c84fa94-04c1-424b-9868-57a2d4851a1d" relativeResultsDirectory="17273534-208c-4630-81f8-a1ed69165d37" />
    <UnitTestResult executionId="2972a63f-ce10-4bdf-a90e-0c0246966d63" testId="8c96bca5-e4c6-8b4f-2d03-c92effbc952c" testName="DreamGenClone.Tests.RolePlay.MediaEditImageEditingJobHandlerTests.Payload_CarriesAnExplicitSubjectKind" computerName="WOODGAME" duration="00:00:00.4407364" startTime="2026-09-30T00:19:32.3312367-04:00" endTime="2026-09-30T00:19:32.3312370-04:00" testType="13cdc9d9-ddb5-4fa4-a97d-d965ccfc6d4b" outcome="Passed" testListId="8c84fa94-04c1-424b-9868-57a2d4851a1d" relativeResultsDirectory="2972a63f-ce10-4bdf-a90e-0c0246966d63" />
    <UnitTestResult executionId="1c2d817b-6549-4aae-8a24-3aa76f6204b8" testId="c800f656-e852-498d-77a3-088eb4e54650" testName="DreamGenClone.Tests.RolePlay.ImageRegionMaskEngineTests.ARegionFlushWithTwoEdgesIsWhiteFromTheEdge" computerName="WOODGAME" duration="00:00:00.0012562" startTime="2026-09-30T00:19:29.3345431-04:00" endTime="2026-09-30T00:19:29.3345433-04:00" testType="13cdc9d9-ddb5-4fa4-a97d-d965ccfc6d4b" outcome="Passed" testListId="8c84fa94-04c1-424b-9868-57a2d4851a1d" relativeResultsDirectory="1c2d817b-6549-4aae-8a24-3aa76f6204b8" />
    <UnitTestResult executionId="137d859c-7145-4cab-a6cc-42a665e20447" testId="f6132641-d044-ed09-871a-d0d232b9f19b" testName="DreamGenClone.Tests.RolePlay.ComfyUIImageEditingClientTests.BuildResolvedWorkflow_Qwen21WithoutARegion_KeepsTheEncoderLatent" computerName="WOODGAME" duration="00:00:00.0000995" startTime="2026-09-30T00:19:29.2168797-04:00" endTime="2026-09-30T00:19:29.2168799-04:00" testType="13cdc9d9-ddb5-4fa4-a97d-d965ccfc6d4b" outcome="Passed" testListId="8c84fa94-04c1-424b-9868-57a2d4851a1d" relativeResultsDirectory="137d859c-7145-4cab-a6cc-42a665e20447" />
    <UnitTestResult executionId="b898395b-f588-43e5-8d5a-38dfcfbc8a44" testId="02b5b00b-ffcc-40ee-d097-533628b59cf9" testName="DreamGenClone.Tests.RolePlay.ComfyUIImageEditingClientTests.BuildResolvedWorkflow_Qwen21WithFeather_EmitsFeatherBetweenTheMaskAndTheEncoder" computerName="WOODGAME" duration="00:00:00.0019400" startTime="2026-09-30T00:19:29.2155828-04:00" endTime="2026-09-30T00:19:29.2155829-04:00" testType="13cdc9d9-ddb5-4fa4-a97d-d965ccfc6d4b" outcome="Passed" testListId="8c84fa94-04c1-424b-9868-57a2d4851a1d" relativeResultsDirectory="b898395b-f588-43e5-8d5a-38dfcfbc8a44" />
    <UnitTestResult executionId="36dc6a72-d1d9-4cc5-ae42-a83df97c176e" testId="3c9ef6d1-6e22-e965-df52-a0c78533c300" testName="DreamGenClone.Tests.RolePlay.ComfyUIImageEditingClientTests.BuildWorkflow_BindsOrderedReferencesToBothEncoders(mergedCheckpoint: False)" computerName="WOODGAME" duration="00:00:00.0018480" startTime="2026-09-30T00:19:29.2154070-04:00" endTime="2026-09-30T00:19:29.2154071-04:00" testType="13cdc9d9-ddb5-4fa4-a97d-d965ccfc6d4b" outcome="Passed" testListId="8c84fa94-04c1-424b-9868-57a2d4851a1d" relativeResultsDirectory="36dc6a72-d1d9-4cc5-ae42-a83df97c176e" />
    <UnitTestResult executionId="445f1271-f6c0-4c9d-82f8-93ec3bf3a3df" testId="09844cc1-42be-25fc-e320-25dba841235b" testName="DreamGenClone.Tests.RolePlay.MediaEditRegionOperationTests.GeometryTheGraphCannotHonourIsRefused(left: 80, top: 10, width: 30, height: 10, expected: &quot;inside the frame&quot;)" computerName="WOODGAME" duration="00:00:00.0003122" startTime="2026-09-30T00:19:29.2064444-04:00" endTime="2026-09-30T00:19:29.2064444-04:00" testType="13cdc9d9-ddb5-4fa4-a97d-d965ccfc6d4b" outcome="Passed" testListId="8c84fa94-04c1-424b-9868-57a2d4851a1d" relativeResultsDirectory="445f1271-f6c0-4c9d-82f8-93ec3bf3a3df" />
    <UnitTestResult executionId="8ca28765-97f4-42bc-a684-d885465524ef" testId="2699dfa7-ccd1-26d0-a95f-18fdb87a16fd" testName="DreamGenClone.Tests.RolePlay.MediaEditRegionOperationTests.RegionParametersOnAnotherKindAreRefused" computerName="WOODGAME" duration="00:00:00.0010816" startTime="2026-09-30T00:19:29.2138134-04:00" endTime="2026-09-30T00:19:29.2138135-04:00" testType="13cdc9d9-ddb5-4fa4-a97d-d965ccfc6d4b" outcome="Passed" testListId="8c84fa94-04c1-424b-9868-57a2d4851a1d" relativeResultsDirectory="8ca28765-97f4-42bc-a684-d885465524ef" />
    <UnitTestResult executionId="4cb921fc-ebd3-4bb5-b606-53264dbcea76" testId="0d66209c-ef4e-384a-b1ae-bb493294f629" testName="DreamGenClone.Tests.RolePlay.MediaEditImageEditingJobHandlerTests.AssetRun_FailsTheImageWhenTheEditorModelRejectsTheRequest" computerName="WOODGAME" duration="00:00:00.7347199" startTime="2026-09-30T00:19:29.8547115-04:00" endTime="2026-09-30T00:19:29.8547117-04:00" testType="13cdc9d9-ddb5-4fa4-a97d-d965ccfc6d4b" outcome="Passed" testListId="8c84fa94-04c1-424b-9868-57a2d4851a1d" relativeResultsDirectory="4cb921fc-ebd3-4bb5-b606-53264dbcea76" />
    <UnitTestResult executionId="16b77a94-1fec-44f4-a05b-bd9441ace442" testId="e81a9f55-9cd1-6079-29ff-c53524f81f7c" testName="DreamGenClone.Tests.RolePlay.ImageRegionMaskEngineTests.AFrameWithoutASizeIsRefused" computerName="WOODGAME" duration="00:00:00.0001547" startTime="2026-09-30T00:19:29.2063813-04:00" endTime="2026-09-30T00:19:29.2063814-04:00" testType="13cdc9d9-ddb5-4fa4-a97d-d965ccfc6d4b" outcome="Passed" testListId="8c84fa94-04c1-424b-9868-57a2d4851a1d" relativeResultsDirectory="16b77a94-1fec-44f4-a05b-bd9441ace442" />
    <UnitTestResult executionId="0a05e6c0-e110-420b-952a-41308b52e54f" testId="8e333ce5-f6db-de57-c58c-a47d88ac65cd" testName="DreamGenClone.Tests.RolePlay.MediaEditImageEditingJobHandlerTests.CropRun_IsIdempotentWhenTheImageAlreadyCompleted" computerName="WOODGAME" duration="00:00:00.4759024" startTime="2026-09-30T00:19:35.4483415-04:00" endTime="2026-09-30T00:19:35.4483418-04:00" testType="13cdc9d9-ddb5-4fa4-a97d-d965ccfc6d4b" outcome="Passed" testListId="8c84fa94-04c1-424b-9868-57a2d4851a1d" relativeResultsDirectory="0a05e6c0-e110-420b-952a-41308b52e54f" />
    <UnitTestResult executionId="bf521a57-5746-4bf9-ae23-687f35bc4105" testId="7ab5f2e0-d036-40c8-5127-83d9d86788a5" testName="DreamGenClone.Tests.RolePlay.MediaEditImageEditingJobHandlerTests.CropRun_HeadAwareWithoutAMeasurement_MarksTheImageFailed" computerName="WOODGAME" duration="00:00:00.4930169" startTime="2026-09-30T00:19:31.3827990-04:00" endTime="2026-09-30T00:19:31.3827992-04:00" testType="13cdc9d9-ddb5-4fa4-a97d-d965ccfc6d4b" outcome="Passed" testListId="8c84fa94-04c1-424b-9868-57a2d4851a1d" relativeResultsDirectory="bf521a57-5746-4bf9-ae23-687f35bc4105" />
    <UnitTestResult executionId="ffabde3b-5024-4540-8fb4-aaab43c55142" testId="9280b183-fa66-8a06-7a15-df47e3735142" testName="DreamGenClone.Tests.RolePlay.MediaEditImageEditingJobHandlerTests.AssetIdentityRun_SendsTheBoundFacesAndTheChosenModel" computerName="WOODGAME" duration="00:00:00.5158891" startTime="2026-09-30T00:19:30.8895026-04:00" endTime="2026-09-30T00:19:30.8895028-04:00" testType="13cdc9d9-ddb5-4fa4-a97d-d965ccfc6d4b" outcome="Passed" testListId="8c84fa94-04c1-424b-9868-57a2d4851a1d" relativeResultsDirectory="ffabde3b-5024-4540-8fb4-aaab43c55142" />
    <UnitTestResult executionId="0cef8026-4476-42a1-a895-8f278424d7ac" testId="d01942d8-f5fe-c448-c29f-32395caf5b96" testName="DreamGenClone.Tests.RolePlay.MediaEditRegionOperationTests.GeometryTheGraphCannotHonourIsRefused(left: 0, top: -5, width: 10, height: 10, expected: &quot;non-negative edges&quot;)" computerName="WOODGAME" duration="00:00:00.0834762" startTime="2026-09-30T00:19:29.2055445-04:00" endTime="2026-09-30T00:19:29.2055445-04:00" testType="13cdc9d9-ddb5-4fa4-a97d-d965ccfc6d4b" outcome="Passed" testListId="8c84fa94-04c1-424b-9868-57a2d4851a1d" relativeResultsDirectory="0cef8026-4476-42a1-a895-8f278424d7ac" />
    <UnitTestResult executionId="7dfde04a-68f3-4e74-bb40-b26065f3a4dd" testId="35106e36-e8e5-e743-da00-264f3a3a7177" testName="DreamGenClone.Tests.RolePlay.MediaEditImageEditingJobHandlerTests.CropRun_WritesANewImageAndLeavesTheSourceUntouched" computerName="WOODGAME" duration="00:00:00.5118170" startTime="2026-09-30T00:19:30.3674746-04:00" endTime="2026-09-30T00:19:30.3674748-04:00" testType="13cdc9d9-ddb5-4fa4-a97d-d965ccfc6d4b" outcome="Passed" testListId="8c84fa94-04c1-424b-9868-57a2d4851a1d" relativeResultsDirectory="7dfde04a-68f3-4e74-bb40-b26065f3a4dd" />
    <UnitTestResult executionId="70337068-0de1-42fe-a2df-843293603341" testId="935cb8f4-8c40-d55f-2930-9fb995128da8" testName="DreamGenClone.Tests.RolePlay.ComfyUIImageEditingClientTests.BuildWorkflow_UsesOnlyResolvedQwenArtifactsAndSamplerSettings" computerName="WOODGAME" duration="00:00:00.0001767" startTime="2026-09-30T00:19:29.2206249-04:00" endTime="2026-09-30T00:19:29.2206252-04:00" testType="13cdc9d9-ddb5-4fa4-a97d-d965ccfc6d4b" outcome="Passed" testListId="8c84fa94-04c1-424b-9868-57a2d4851a1d" relativeResultsDirectory="70337068-0de1-42fe-a2df-843293603341" />
    <UnitTestResult executionId="3b68a0ad-0ce0-4a81-bdba-7d5a6d42bec4" testId="e718a674-3124-f4d0-a654-267d370835d9" testName="DreamGenClone.Tests.RolePlay.MediaEditImageEditingJobHandlerTests.AssetRun_IsIdempotentWhenTheImageAlreadyCompleted" computerName="WOODGAME" duration="00:00:00.4918158" startTime="2026-09-30T00:19:34.4903677-04:00" endTime="2026-09-30T00:19:34.4903678-04:00" testType="13cdc9d9-ddb5-4fa4-a97d-d965ccfc6d4b" outcome="Passed" testListId="8c84fa94-04c1-424b-9868-57a2d4851a1d" relativeResultsDirectory="3b68a0ad-0ce0-4a81-bdba-7d5a6d42bec4" />
    <UnitTestResult executionId="7df551e0-00de-4d1e-9cb0-2e1d3bb75db1" testId="c30a4d45-e3b7-5e38-a612-47ac5415c4bb" testName="DreamGenClone.Tests.RolePlay.MediaEditRegionOperationTests.ARegionEditWithoutItsRegionIsRefused" computerName="WOODGAME" duration="00:00:00.0001037" startTime="2026-09-30T00:19:29.2138757-04:00" endTime="2026-09-30T00:19:29.2138758-04:00" testType="13cdc9d9-ddb5-4fa4-a97d-d965ccfc6d4b" outcome="Passed" testListId="8c84fa94-04c1-424b-9868-57a2d4851a1d" relativeResultsDirectory="7df551e0-00de-4d1e-9cb0-2e1d3bb75db1" />
    <UnitTestResult executionId="3a843e38-1591-4673-b7a5-80f98655cccc" testId="8a29aada-5c4b-1148-934c-8fd720f9bf8f" testName="DreamGenClone.Tests.RolePlay.ImageRegionMaskEngineTests.TheRegionIsWhiteAndEverythingElseIsBlack" computerName="WOODGAME" duration="00:00:00.1290176" startTime="2026-09-30T00:19:29.3331789-04:00" endTime="2026-09-30T00:19:29.3331792-04:00" testType="13cdc9d9-ddb5-4fa4-a97d-d965ccfc6d4b" outcome="Passed" testListId="8c84fa94-04c1-424b-9868-57a2d4851a1d" relativeResultsDirectory="3a843e38-1591-4673-b7a5-80f98655cccc" />
    <UnitTestResult executionId="4b65989d-2772-4b04-b6a8-e6e213caeea1" testId="c5d934a4-c263-aef4-0991-6d4adcbbfde4" testName="DreamGenClone.Tests.RolePlay.MediaEditImageEditingJobHandlerTests.CropRun_NeverResolvesAModelOrCallsTheEditorClient" computerName="WOODGAME" duration="00:00:00.4384676" startTime="2026-09-30T00:19:35.8871701-04:00" endTime="2026-09-30T00:19:35.8871706-04:00" testType="13cdc9d9-ddb5-4fa4-a97d-d965ccfc6d4b" outcome="Passed" testListId="8c84fa94-04c1-424b-9868-57a2d4851a1d" relativeResultsDirectory="4b65989d-2772-4b04-b6a8-e6e213caeea1" />
    <UnitTestResult executionId="32494d13-3301-4e8f-affc-651c86a4b86b" testId="fe14c807-adcd-02d2-e3f2-898146908fdf" testName="DreamGenClone.Tests.RolePlay.ComfyUIImageEditingClientTests.BuildResolvedWorkflow_MergedCheckpointGraph_EmitsCheckpointLoaderGraphWithResolvedSettings" computerName="WOODGAME" duration="00:00:00.0002924" startTime="2026-09-30T00:19:29.2166575-04:00" endTime="2026-09-30T00:19:29.2166579-04:00" testType="13cdc9d9-ddb5-4fa4-a97d-d965ccfc6d4b" outcome="Passed" testListId="8c84fa94-04c1-424b-9868-57a2d4851a1d" relativeResultsDirectory="32494d13-3301-4e8f-affc-651c86a4b86b" />
    <UnitTestResult executionId="e969320c-d23d-434a-aa5e-8f8bd72b2a66" testId="789c474d-3bbf-01f9-4c2b-4c0cd52baf9f" testName="DreamGenClone.Tests.RolePlay.MediaEditRegionOperationTests.AGrowValueOutsideTheHostsOwnBoundIsRefused(growMaskBy: 65)" computerName="WOODGAME" duration="00:00:00.0001579" startTime="2026-09-30T00:19:29.2136960-04:00" endTime="2026-09-30T00:19:29.2136960-04:00" testType="13cdc9d9-ddb5-4fa4-a97d-d965ccfc6d4b" outcome="Passed" testListId="8c84fa94-04c1-424b-9868-57a2d4851a1d" relativeResultsDirectory="e969320c-d23d-434a-aa5e-8f8bd72b2a66" />
    <UnitTestResult executionId="26d59cf4-3918-45e0-94ec-3d9204640d2b" testId="d3ea9e8e-b93a-2471-e308-c9cbb2937e3f" testName="DreamGenClone.Tests.RolePlay.ComfyUIImageEditingClientTests.BuildResolvedWorkflow_SplitUnetWithLora_RewiresUnetAndClipLoader" computerName="WOODGAME" duration="00:00:00.0001919" startTime="2026-09-30T00:19:29.2169488-04:00" endTime="2026-09-30T00:19:29.2169488-04:00" testType="13cdc9d9-ddb5-4fa4-a97d-d965ccfc6d4b" outcome="Passed" testListId="8c84fa94-04c1-424b-9868-57a2d4851a1d" relativeResultsDirectory="26d59cf4-3918-45e0-94ec-3d9204640d2b" />
    <UnitTestResult executionId="c256facc-9b5b-4642-a23c-92c4991f3282" testId="e16b6fd7-6073-955b-954f-8f610f24500f" testName="DreamGenClone.Tests.RolePlay.MediaEditRegionOperationTests.GeometryTheGraphCannotHonourIsRefused(left: 10, top: 80, width: 10, height: 30, expected: &quot;inside the frame&quot;)" computerName="WOODGAME" duration="00:00:00.0000169" startTime="2026-09-30T00:19:29.2135864-04:00" endTime="2026-09-30T00:19:29.2135866-04:00" testType="13cdc9d9-ddb5-4fa4-a97d-d965ccfc6d4b" outcome="Passed" testListId="8c84fa94-04c1-424b-9868-57a2d4851a1d" relativeResultsDirectory="c256facc-9b5b-4642-a23c-92c4991f3282" />
    <UnitTestResult executionId="71d2b22b-3426-43e9-bbf7-ac0276377290" testId="4d70e944-b06d-dba0-503d-d825e0f1d00a" testName="DreamGenClone.Tests.RolePlay.MediaEditRegionOperationTests.ARegionFlushWithTwoEdgesIsAccepted" computerName="WOODGAME" duration="00:00:00.0000426" startTime="2026-09-30T00:19:29.2152553-04:00" endTime="2026-09-30T00:19:29.2152554-04:00" testType="13cdc9d9-ddb5-4fa4-a97d-d965ccfc6d4b" outcome="Passed" testListId="8c84fa94-04c1-424b-9868-57a2d4851a1d" relativeResultsDirectory="71d2b22b-3426-43e9-bbf7-ac0276377290" />
    <UnitTestResult executionId="1fa70f1d-c1fa-4723-b604-bc852773e3f6" testId="8998c9ac-bfeb-b7e4-f2c7-b4e5ebf9ca2a" testName="DreamGenClone.Tests.RolePlay.ComfyUIImageEditingClientTests.BuildResolvedWorkflow_WithoutLora_EmitsNoLoraNode" computerName="WOODGAME" duration="00:00:00.0002446" startTime="2026-09-30T00:19:29.2176250-04:00" endTime="2026-09-30T00:19:29.2176250-04:00" testType="13cdc9d9-ddb5-4fa4-a97d-d965ccfc6d4b" outcome="Passed" testListId="8c84fa94-04c1-424b-9868-57a2d4851a1d" relativeResultsDirectory="1fa70f1d-c1fa-4723-b604-bc852773e3f6" />
    <UnitTestResult executionId="bcbce97f-fd09-46c2-a499-7b5d07485a64" testId="70b0bc71-3f33-6aa2-f46c-bee9c1d0cb07" testName="DreamGenClone.Tests.RolePlay.MediaEditImageEditingJobHandlerTests.AssetIdentityRun_RefusesARowWithoutTheChosenModel" computerName="WOODGAME" duration="00:00:00.4835148" startTime="2026-09-30T00:19:32.8150187-04:00" endTime="2026-09-30T00:19:32.8150190-04:00" testType="13cdc9d9-ddb5-4fa4-a97d-d965ccfc6d4b" outcome="Passed" testListId="8c84fa94-04c1-424b-9868-57a2d4851a1d" relativeResultsDirectory="bcbce97f-fd09-46c2-a499-7b5d07485a64" />
    <UnitTestResult executionId="d9499033-bc84-4d83-a60c-a9bb8ddb60b0" testId="9031749f-1908-eba5-9322-c84472a0bf34" testName="DreamGenClone.Tests.RolePlay.MediaEditImageEditingJobHandlerTests.Payload_WithoutAnOperationKind_FailsFastWithoutTouchingTheImage" computerName="WOODGAME" duration="00:00:00.6843482" startTime="2026-09-30T00:19:33.5005430-04:00" endTime="2026-09-30T00:19:33.5005434-04:00" testType="13cdc9d9-ddb5-4fa4-a97d-d965ccfc6d4b" outcome="Passed" testListId="8c84fa94-04c1-424b-9868-57a2d4851a1d" relativeResultsDirectory="d9499033-bc84-4d83-a60c-a9bb8ddb60b0" />
    <UnitTestResult executionId="3d128ce9-b9f5-4a87-8886-4caae157cb26" testId="ec1bf3ba-b3c4-392f-a890-6b2a3034383b" testName="DreamGenClone.Tests.RolePlay.MediaEditRegionOperationTests.ANegativeFeatherIsRefused" computerName="WOODGAME" duration="00:00:00.0000758" startTime="2026-09-30T00:19:29.2139984-04:00" endTime="2026-09-30T00:19:29.2139984-04:00" testType="13cdc9d9-ddb5-4fa4-a97d-d965ccfc6d4b" outcome="Passed" testListId="8c84fa94-04c1-424b-9868-57a2d4851a1d" relativeResultsDirectory="3d128ce9-b9f5-4a87-8886-4caae157cb26" />
    <UnitTestResult executionId="f367bd79-5901-4f64-b22a-ac46c52c0bcb" testId="eca99a3b-ade7-b69d-431b-5aab1d13484b" testName="DreamGenClone.Tests.RolePlay.ComfyUIImageEditingClientTests.GraphKindPersistence_RoundTripsKnownValuesAndRejectsUnknown" computerName="WOODGAME" duration="00:00:00.0024967" startTime="2026-09-30T00:19:29.2201923-04:00" endTime="2026-09-30T00:19:29.2201926-04:00" testType="13cdc9d9-ddb5-4fa4-a97d-d965ccfc6d4b" outcome="Passed" testListId="8c84fa94-04c1-424b-9868-57a2d4851a1d" relativeResultsDirectory="f367bd79-5901-4f64-b22a-ac46c52c0bcb" />
    <UnitTestResult executionId="1eb5c1c5-6d0b-4575-aba6-0d2e0edbb853" testId="b3f69e7a-0b2b-5d26-8d25-3e305684e842" testName="DreamGenClone.Tests.RolePlay.MediaEditRegionOperationTests.ARegionEditCarriesItsRegionAndDescribesIt" computerName="WOODGAME" duration="00:00:00.0038210" startTime="2026-09-30T00:19:29.2137523-04:00" endTime="2026-09-30T00:19:29.2137524-04:00" testType="13cdc9d9-ddb5-4fa4-a97d-d965ccfc6d4b" outcome="Passed" testListId="8c84fa94-04c1-424b-9868-57a2d4851a1d" relativeResultsDirectory="1eb5c1c5-6d0b-4575-aba6-0d2e0edbb853" />
    <UnitTestResult executionId="c84f4d55-0896-4e70-a354-6f3b7fcc85e9" testId="ef0d825f-2eda-9c83-8aba-45cb0db38ab0" testName="DreamGenClone.Tests.RolePlay.MediaEditImageEditingJobHandlerTests.AssetRun_RefusesProvenanceThatDoesNotMatchTheAcceptedRevision" computerName="WOODGAME" duration="00:00:00.5070340" startTime="2026-09-30T00:19:31.8901420-04:00" endTime="2026-09-30T00:19:31.8901422-04:00" testType="13cdc9d9-ddb5-4fa4-a97d-d965ccfc6d4b" outcome="Passed" testListId="8c84fa94-04c1-424b-9868-57a2d4851a1d" relativeResultsDirectory="c84f4d55-0896-4e70-a354-6f3b7fcc85e9" />
    <UnitTestResult executionId="65137f41-8f77-4f32-af76-9069feed095d" testId="06dcdee9-c73c-a298-9ee7-60a278755994" testName="DreamGenClone.Tests.RolePlay.ComfyUIImageEditingClientTests.BuildResolvedWorkflow_SplitUnetGraph_EmitsSeparateLoaderGraph" computerName="WOODGAME" duration="00:00:00.0007256" startTime="2026-09-30T00:19:29.2154755-04:00" endTime="2026-09-30T00:19:29.2154755-04:00" testType="13cdc9d9-ddb5-4fa4-a97d-d965ccfc6d4b" outcome="Passed" testListId="8c84fa94-04c1-424b-9868-57a2d4851a1d" relativeResultsDirectory="65137f41-8f77-4f32-af76-9069feed095d" />
    <UnitTestResult executionId="4d10b686-c8b9-41b7-b641-fd8d44101fbc" testId="82c106c2-b83c-4880-ecc6-b256bc2684a2" testName="DreamGenClone.Tests.RolePlay.ComfyUIImageEditingClientTests.BuildResolvedWorkflow_RegionOnANonQwen21Graph_IsRefusedNamingTheFix" computerName="WOODGAME" duration="00:00:00.0001832" startTime="2026-09-30T00:19:29.2175683-04:00" endTime="2026-09-30T00:19:29.2175683-04:00" testType="13cdc9d9-ddb5-4fa4-a97d-d965ccfc6d4b" outcome="Passed" testListId="8c84fa94-04c1-424b-9868-57a2d4851a1d" relativeResultsDirectory="4d10b686-c8b9-41b7-b641-fd8d44101fbc" />
    <UnitTestResult executionId="3cbccce9-6c86-47cd-9a03-d4da2f3f0ab9" testId="6dc6c08b-721f-5c34-4a04-c741f6bea575" testName="DreamGenClone.Tests.RolePlay.MediaEditImageEditingJobHandlerTests.Run_SkipsWhenTheRowCanNoLongerBeClaimed" computerName="WOODGAME" duration="00:00:00.0057088" startTime="2026-09-30T00:19:30.3732837-04:00" endTime="2026-09-30T00:19:30.3732840-04:00" testType="13cdc9d9-ddb5-4fa4-a97d-d965ccfc6d4b" outcome="Passed" testListId="8c84fa94-04c1-424b-9868-57a2d4851a1d" relativeResultsDirectory="3cbccce9-6c86-47cd-9a03-d4da2f3f0ab9" />
    <UnitTestResult executionId="3063cde4-5d21-41fe-9e19-6781dfd8a6b6" testId="c6d55864-9591-84c2-93fb-bc5a37a7fad6" testName="DreamGenClone.Tests.RolePlay.MediaEditRegionOperationTests.ARegionInsideTheFrameWithGrowAndFeatherIsAccepted" computerName="WOODGAME" duration="00:00:00.0000639" startTime="2026-09-30T00:19:29.2139326-04:00" endTime="2026-09-30T00:19:29.2139326-04:00" testType="13cdc9d9-ddb5-4fa4-a97d-d965ccfc6d4b" outcome="Passed" testListId="8c84fa94-04c1-424b-9868-57a2d4851a1d" relativeResultsDirectory="3063cde4-5d21-41fe-9e19-6781dfd8a6b6" />
    <UnitTestResult executionId="f659296f-8df2-493f-9479-fd739d6cc480" testId="66af0cf6-6954-2422-ac47-c9ae5db840eb" testName="DreamGenClone.Tests.RolePlay.MediaEditImageEditingJobHandlerTests.PresetRun_WhenThePresetWordingChanged_RefusesInsteadOfRenderingTheStaleText" computerName="WOODGAME" duration="00:00:00.5069734" startTime="2026-09-30T00:19:36.3944336-04:00" endTime="2026-09-30T00:19:36.3944338-04:00" testType="13cdc9d9-ddb5-4fa4-a97d-d965ccfc6d4b" outcome="Passed" testListId="8c84fa94-04c1-424b-9868-57a2d4851a1d" relativeResultsDirectory="f659296f-8df2-493f-9479-fd739d6cc480" />
    <UnitTestResult executionId="32b3117d-138c-4f86-be16-5e593d1f9e1e" testId="7b930681-6826-f7cf-4789-1188851978ca" testName="DreamGenClone.Tests.RolePlay.MediaEditImageEditingJobHandlerTests.PresetRun_SendsTheAssembledInstructionAndCompletes" computerName="WOODGAME" duration="00:00:00.4401406" startTime="2026-09-30T00:19:36.8348301-04:00" endTime="2026-09-30T00:19:36.8348303-04:00" testType="13cdc9d9-ddb5-4fa4-a97d-d965ccfc6d4b" outcome="Passed" testListId="8c84fa94-04c1-424b-9868-57a2d4851a1d" relativeResultsDirectory="32b3117d-138c-4f86-be16-5e593d1f9e1e" />
    <UnitTestResult executionId="2436b3a4-611e-4e37-a6f6-b1fd8d0e97cc" testId="af7d0a0a-2461-0c4e-b833-05876d6b55df" testName="DreamGenClone.Tests.RolePlay.MediaEditImageEditingJobHandlerTests.Run_ClaimsTheRowBeforeAnyWorkIsPaidFor" computerName="WOODGAME" duration="00:00:00.0006594" startTime="2026-09-30T00:19:32.8157510-04:00" endTime="2026-09-30T00:19:32.8157510-04:00" testType="13cdc9d9-ddb5-4fa4-a97d-d965ccfc6d4b" outcome="Passed" testListId="8c84fa94-04c1-424b-9868-57a2d4851a1d" relativeResultsDirectory="2436b3a4-611e-4e37-a6f6-b1fd8d0e97cc" />
    <UnitTestResult executionId="081cfa38-b767-40d3-97bc-2e55df03395c" testId="ca53f6e3-8c73-d98e-0e11-996a12ca75e8" testName="DreamGenClone.Tests.RolePlay.MediaEditImageEditingJobHandlerTests.PresetRun_WhenTheRowIsNotWhatThePresetAssembles_IsRefused" computerName="WOODGAME" duration="00:00:00.4973942" startTime="2026-09-30T00:19:33.9982616-04:00" endTime="2026-09-30T00:19:33.9982618-04:00" testType="13cdc9d9-ddb5-4fa4-a97d-d965ccfc6d4b" outcome="Passed" testListId="8c84fa94-04c1-424b-9868-57a2d4851a1d" relativeResultsDirectory="081cfa38-b767-40d3-97bc-2e55df03395c" />
    <UnitTestResult executionId="e0700860-4a48-4967-be28-401af9f8eca8" testId="4e0e5b3f-3962-fd02-63b6-1496da317233" testName="DreamGenClone.Tests.RolePlay.MediaEditImageEditingJobHandlerTests.AssetRun_WritesTheResultAndCompletesTheEditSession" computerName="WOODGAME" duration="00:00:00.4814157" startTime="2026-09-30T00:19:34.9721502-04:00" endTime="2026-09-30T00:19:34.9721507-04:00" testType="13cdc9d9-ddb5-4fa4-a97d-d965ccfc6d4b" outcome="Passed" testListId="8c84fa94-04c1-424b-9868-57a2d4851a1d" relativeResultsDirectory="e0700860-4a48-4967-be28-401af9f8eca8" />
  </Results>
  <TestDefinitions>
    <UnitTest name="DreamGenClone.Tests.RolePlay.MediaEditImageEditingJobHandlerTests.PresetRun_WhenTheRowIsNotWhatThePresetAssembles_IsRefused" storage="d:\src\dreamgenclone\dreamgenclone.tests\artifacts\build-check\region8\dreamgenclone.tests.dll" id="ca53f6e3-8c73-d98e-0e11-996a12ca75e8">
      <Execution id="081cfa38-b767-40d3-97bc-2e55df03395c" />
      <TestMethod codeBase="D:\src\DreamGenClone\DreamGenClone.Tests\artifacts\build-check\region8\DreamGenClone.Tests.dll" adapterTypeName="executor://xunit/VsTestRunner2/netcoreapp" className="DreamGenClone.Tests.RolePlay.MediaEditImageEditingJobHandlerTests" name="PresetRun_WhenTheRowIsNotWhatThePresetAssembles_IsRefused" />
    </UnitTest>
    <UnitTest name="DreamGenClone.Tests.RolePlay.MediaEditImageEditingJobHandlerTests.AssetRun_IsIdempotentWhenTheImageAlreadyCompleted" storage="d:\src\dreamgenclone\dreamgenclone.tests\artifacts\build-check\region8\dreamgenclone.tests.dll" id="e718a674-3124-f4d0-a654-267d370835d9">
      <Execution id="3b68a0ad-0ce0-4a81-bdba-7d5a6d42bec4" />
      <TestMethod codeBase="D:\src\DreamGenClone\DreamGenClone.Tests\artifacts\build-check\region8\DreamGenClone.Tests.dll" adapterTypeName="executor://xunit/VsTestRunner2/netcoreapp" className="DreamGenClone.Tests.RolePlay.MediaEditImageEditingJobHandlerTests" name="AssetRun_IsIdempotentWhenTheImageAlreadyCompleted" />
    </UnitTest>
    <UnitTest name="DreamGenClone.Tests.RolePlay.MediaEditRegionOperationTests.GeometryTheGraphCannotHonourIsRefused(left: 10, top: 10, width: 10, height: 0, expected: &quot;positive size&quot;)" storage="d:\src\dreamgenclone\dreamgenclone.tests\artifacts\build-check\region8\dreamgenclone.tests.dll" id="dbb4a59b-b37a-3a92-59cf-f16dd56e0186">
      <Execution id="edd262f2-0237-4332-a874-df8b8087038f" />
      <TestMethod codeBase="D:\src\DreamGenClone\DreamGenClone.Tests\artifacts\build-check\region8\DreamGenClone.Tests.dll" adapterTypeName="executor://xunit/VsTestRunner2/netcoreapp" className="DreamGenClone.Tests.RolePlay.MediaEditRegionOperationTests" name="GeometryTheGraphCannotHonourIsRefused" />
    </UnitTest>
    <UnitTest name="DreamGenClone.Tests.RolePlay.MediaEditImageEditingJobHandlerTests.AssetRun_FailsTheImageWhenTheEditorModelRejectsTheRequest" storage="d:\src\dreamgenclone\dreamgenclone.tests\artifacts\build-check\region8\dreamgenclone.tests.dll" id="0d66209c-ef4e-384a-b1ae-bb493294f629">
      <Execution id="4cb921fc-ebd3-4bb5-b606-53264dbcea76" />
      <TestMethod codeBase="D:\src\DreamGenClone\DreamGenClone.Tests\artifacts\build-check\region8\DreamGenClone.Tests.dll" adapterTypeName="executor://xunit/VsTestRunner2/netcoreapp" className="DreamGenClone.Tests.RolePlay.MediaEditImageEditingJobHandlerTests" name="AssetRun_FailsTheImageWhenTheEditorModelRejectsTheRequest" />
    </UnitTest>
    <UnitTest name="DreamGenClone.Tests.RolePlay.ComfyUIImageEditingClientTests.BuildResolvedWorkflow_UnconfiguredGraph_FailsFastWithoutGuessing" storage="d:\src\dreamgenclone\dreamgenclone.tests\artifacts\build-check\region8\dreamgenclone.tests.dll" id="72550580-46b5-6703-561d-3cfed8c98336">
      <Execution id="fea48909-e999-44d4-83a1-fe42f2571d81" />
      <TestMethod codeBase="D:\src\DreamGenClone\DreamGenClone.Tests\artifacts\build-check\region8\DreamGenClone.Tests.dll" adapterTypeName="executor://xunit/VsTestRunner2/netcoreapp" className="DreamGenClone.Tests.RolePlay.ComfyUIImageEditingClientTests" name="BuildResolvedWorkflow_UnconfiguredGraph_FailsFastWithoutGuessing" />
    </UnitTest>
    <UnitTest name="DreamGenClone.Tests.RolePlay.ComfyUIImageEditingClientTests.GraphKindPersistence_RoundTripsKnownValuesAndRejectsUnknown" storage="d:\src\dreamgenclone\dreamgenclone.tests\artifacts\build-check\region8\dreamgenclone.tests.dll" id="eca99a3b-ade7-b69d-431b-5aab1d13484b">
      <Execution id="f367bd79-5901-4f64-b22a-ac46c52c0bcb" />
      <TestMethod codeBase="D:\src\DreamGenClone\DreamGenClone.Tests\artifacts\build-check\region8\DreamGenClone.Tests.dll" adapterTypeName="executor://xunit/VsTestRunner2/netcoreapp" className="DreamGenClone.Tests.RolePlay.ComfyUIImageEditingClientTests" name="GraphKindPersistence_RoundTripsKnownValuesAndRejectsUnknown" />
    </UnitTest>
    <UnitTest name="DreamGenClone.Tests.RolePlay.MediaEditImageEditingJobHandlerTests.Payload_WithoutAnOperationKind_FailsFastWithoutTouchingTheImage" storage="d:\src\dreamgenclone\dreamgenclone.tests\artifacts\build-check\region8\dreamgenclone.tests.dll" id="9031749f-1908-eba5-9322-c84472a0bf34">
      <Execution id="d9499033-bc84-4d83-a60c-a9bb8ddb60b0" />
      <TestMethod codeBase="D:\src\DreamGenClone\DreamGenClone.Tests\artifacts\build-check\region8\DreamGenClone.Tests.dll" adapterTypeName="executor://xunit/VsTestRunner2/netcoreapp" className="DreamGenClone.Tests.RolePlay.MediaEditImageEditingJobHandlerTests" name="Payload_WithoutAnOperationKind_FailsFastWithoutTouchingTheImage" />
    </UnitTest>
    <UnitTest name="DreamGenClone.Tests.RolePlay.MediaEditRegionOperationTests.AGrowValueOutsideTheHostsOwnBoundIsRefused(growMaskBy: 65)" storage="d:\src\dreamgenclone\dreamgenclone.tests\artifacts\build-check\region8\dreamgenclone.tests.dll" id="789c474d-3bbf-01f9-4c2b-4c0cd52baf9f">
      <Execution id="e969320c-d23d-434a-aa5e-8f8bd72b2a66" />
      <TestMethod codeBase="D:\src\DreamGenClone\DreamGenClone.Tests\artifacts\build-check\region8\DreamGenClone.Tests.dll" adapterTypeName="executor://xunit/VsTestRunner2/netcoreapp" className="DreamGenClone.Tests.RolePlay.MediaEditRegionOperationTests" name="AGrowValueOutsideTheHostsOwnBoundIsRefused" />
    </UnitTest>
    <UnitTest name="DreamGenClone.Tests.RolePlay.ComfyUIImageEditingClientTests.BuildResolvedWorkflow_Qwen21WithARegion_StartsTheSamplerFromAMaskedLatent" storage="d:\src\dreamgenclone\dreamgenclone.tests\artifacts\build-check\region8\dreamgenclone.tests.dll" id="0349578b-a431-2bc6-fa7d-45f019899d4b">
      <Execution id="17273534-208c-4630-81f8-a1ed69165d37" />
      <TestMethod codeBase="D:\src\DreamGenClone\DreamGenClone.Tests\artifacts\build-check\region8\DreamGenClone.Tests.dll" adapterTypeName="executor://xunit/VsTestRunner2/netcoreapp" className="DreamGenClone.Tests.RolePlay.ComfyUIImageEditingClientTests" name="BuildResolvedWorkflow_Qwen21WithARegion_StartsTheSamplerFromAMaskedLatent" />
    </UnitTest>
    <UnitTest name="DreamGenClone.Tests.RolePlay.MediaEditImageEditingJobHandlerTests.CropRun_HeadAwareWithoutAMeasurement_MarksTheImageFailed" storage="d:\src\dreamgenclone\dreamgenclone.tests\artifacts\build-check\region8\dreamgenclone.tests.dll" id="7ab5f2e0-d036-40c8-5127-83d9d86788a5">
      <Execution id="bf521a57-5746-4bf9-ae23-687f35bc4105" />
      <TestMethod codeBase="D:\src\DreamGenClone\DreamGenClone.Tests\artifacts\build-check\region8\DreamGenClone.Tests.dll" adapterTypeName="executor://xunit/VsTestRunner2/netcoreapp" className="DreamGenClone.Tests.RolePlay.MediaEditImageEditingJobHandlerTests" name="CropRun_HeadAwareWithoutAMeasurement_MarksTheImageFailed" />
    </UnitTest>
    <UnitTest name="DreamGenClone.Tests.RolePlay.MediaEditImageEditingJobHandlerTests.AssetRun_RefusesProvenanceThatDoesNotMatchTheAcceptedRevision" storage="d:\src\dreamgenclone\dreamgenclone.tests\artifacts\build-check\region8\dreamgenclone.tests.dll" id="ef0d825f-2eda-9c83-8aba-45cb0db38ab0">
      <Execution id="c84f4d55-0896-4e70-a354-6f3b7fcc85e9" />
      <TestMethod codeBase="D:\src\DreamGenClone\DreamGenClone.Tests\artifacts\build-check\region8\DreamGenClone.Tests.dll" adapterTypeName="executor://xunit/VsTestRunner2/netcoreapp" className="DreamGenClone.Tests.RolePlay.MediaEditImageEditingJobHandlerTests" name="AssetRun_RefusesProvenanceThatDoesNotMatchTheAcceptedRevision" />
    </UnitTest>
    <UnitTest name="DreamGenClone.Tests.RolePlay.MediaEditRegionOperationTests.GeometryTheGraphCannotHonourIsRefused(left: 10, top: 80, width: 10, height: 30, expected: &quot;inside the frame&quot;)" storage="d:\src\dreamgenclone\dreamgenclone.tests\artifacts\build-check\region8\dreamgenclone.tests.dll" id="e16b6fd7-6073-955b-954f-8f610f24500f">
      <Execution id="c256facc-9b5b-4642-a23c-92c4991f3282" />
      <TestMethod codeBase="D:\src\DreamGenClone\DreamGenClone.Tests\artifacts\build-check\region8\DreamGenClone.Tests.dll" adapterTypeName="executor://xunit/VsTestRunner2/netcoreapp" className="DreamGenClone.Tests.RolePlay.MediaEditRegionOperationTests" name="GeometryTheGraphCannotHonourIsRefused" />
    </UnitTest>
    <UnitTest name="DreamGenClone.Tests.RolePlay.MediaEditRegionOperationTests.RegionParametersOnAnotherKindAreRefused" storage="d:\src\dreamgenclone\dreamgenclone.tests\artifacts\build-check\region8\dreamgenclone.tests.dll" id="2699dfa7-ccd1-26d0-a95f-18fdb87a16fd">
      <Execution id="8ca28765-97f4-42bc-a684-d885465524ef" />
      <TestMethod codeBase="D:\src\DreamGenClone\DreamGenClone.Tests\artifacts\build-check\region8\DreamGenClone.Tests.dll" adapterTypeName="executor://xunit/VsTestRunner2/netcoreapp" className="DreamGenClone.Tests.RolePlay.MediaEditRegionOperationTests" name="RegionParametersOnAnotherKindAreRefused" />
    </UnitTest>
    <UnitTest name="DreamGenClone.Tests.RolePlay.ComfyUIImageEditingClientTests.BuildResolvedWorkflow_Qwen21WithFeather_EmitsFeatherBetweenTheMaskAndTheEncoder" storage="d:\src\dreamgenclone\dreamgenclone.tests\artifacts\build-check\region8\dreamgenclone.tests.dll" id="02b5b00b-ffcc-40ee-d097-533628b59cf9">
      <Execution id="b898395b-f588-43e5-8d5a-38dfcfbc8a44" />
      <TestMethod codeBase="D:\src\DreamGenClone\DreamGenClone.Tests\artifacts\build-check\region8\DreamGenClone.Tests.dll" adapterTypeName="executor://xunit/VsTestRunner2/netcoreapp" className="DreamGenClone.Tests.RolePlay.ComfyUIImageEditingClientTests" name="BuildResolvedWorkflow_Qwen21WithFeather_EmitsFeatherBetweenTheMaskAndTheEncoder" />
    </UnitTest>
    <UnitTest name="DreamGenClone.Tests.RolePlay.ComfyUIImageEditingClientTests.BuildWorkflow_BindsOrderedReferencesToBothEncoders(mergedCheckpoint: True)" storage="d:\src\dreamgenclone\dreamgenclone.tests\artifacts\build-check\region8\dreamgenclone.tests.dll" id="e32b6284-e336-e04d-2626-9dd4d2c0280c">
      <Execution id="73685227-c6a9-483b-9e63-9c82660db877" />
      <TestMethod codeBase="D:\src\DreamGenClone\DreamGenClone.Tests\artifacts\build-check\region8\DreamGenClone.Tests.dll" adapterTypeName="executor://xunit/VsTestRunner2/netcoreapp" className="DreamGenClone.Tests.RolePlay.ComfyUIImageEditingClientTests" name="BuildWorkflow_BindsOrderedReferencesToBothEncoders" />
    </UnitTest>
    <UnitTest name="DreamGenClone.Tests.RolePlay.ComfyUIImageEditingClientTests.BuildResolvedWorkflow_MergedCheckpointWithLora_RewiresModelAndBothClipBranches" storage="d:\src\dreamgenclone\dreamgenclone.tests\artifacts\build-check\region8\dreamgenclone.tests.dll" id="f3179e05-ddc8-3a16-eca0-4b54d0702a53">
      <Execution id="41d61a4e-1a26-4dbc-bfb7-b495b4dae4b9" />
      <TestMethod codeBase="D:\src\DreamGenClone\DreamGenClone.Tests\artifacts\build-check\region8\DreamGenClone.Tests.dll" adapterTypeName="executor://xunit/VsTestRunner2/netcoreapp" className="DreamGenClone.Tests.RolePlay.ComfyUIImageEditingClientTests" name="BuildResolvedWorkflow_MergedCheckpointWithLora_RewiresModelAndBothClipBranches" />
    </UnitTest>
    <UnitTest name="DreamGenClone.Tests.RolePlay.ComfyUIImageEditingClientTests.BuildWorkflow_UsesOnlyResolvedQwenArtifactsAndSamplerSettings" storage="d:\src\dreamgenclone\dreamgenclone.tests\artifacts\build-check\region8\dreamgenclone.tests.dll" id="935cb8f4-8c40-d55f-2930-9fb995128da8">
      <Execution id="70337068-0de1-42fe-a2df-843293603341" />
      <TestMethod codeBase="D:\src\DreamGenClone\DreamGenClone.Tests\artifacts\build-check\region8\DreamGenClone.Tests.dll" adapterTypeName="executor://xunit/VsTestRunner2/netcoreapp" className="DreamGenClone.Tests.RolePlay.ComfyUIImageEditingClientTests" name="BuildWorkflow_UsesOnlyResolvedQwenArtifactsAndSamplerSettings" />
    </UnitTest>
    <UnitTest name="DreamGenClone.Tests.RolePlay.MediaEditImageEditingJobHandlerTests.Run_ClaimsTheRowBeforeAnyWorkIsPaidFor" storage="d:\src\dreamgenclone\dreamgenclone.tests\artifacts\build-check\region8\dreamgenclone.tests.dll" id="af7d0a0a-2461-0c4e-b833-05876d6b55df">
      <Execution id="2436b3a4-611e-4e37-a6f6-b1fd8d0e97cc" />
      <TestMethod codeBase="D:\src\DreamGenClone\DreamGenClone.Tests\artifacts\build-check\region8\DreamGenClone.Tests.dll" adapterTypeName="executor://xunit/VsTestRunner2/netcoreapp" className="DreamGenClone.Tests.RolePlay.MediaEditImageEditingJobHandlerTests" name="Run_ClaimsTheRowBeforeAnyWorkIsPaidFor" />
    </UnitTest>
    <UnitTest name="DreamGenClone.Tests.RolePlay.MediaEditRegionOperationTests.ARegionEditCarriesItsRegionAndDescribesIt" storage="d:\src\dreamgenclone\dreamgenclone.tests\artifacts\build-check\region8\dreamgenclone.tests.dll" id="b3f69e7a-0b2b-5d26-8d25-3e305684e842">
      <Execution id="1eb5c1c5-6d0b-4575-aba6-0d2e0edbb853" />
      <TestMethod codeBase="D:\src\DreamGenClone\DreamGenClone.Tests\artifacts\build-check\region8\DreamGenClone.Tests.dll" adapterTypeName="executor://xunit/VsTestRunner2/netcoreapp" className="DreamGenClone.Tests.RolePlay.MediaEditRegionOperationTests" name="ARegionEditCarriesItsRegionAndDescribesIt" />
    </UnitTest>
    <UnitTest name="DreamGenClone.Tests.RolePlay.ImageRegionMaskEngineTests.TheRegionIsWhiteAndEverythingElseIsBlack" storage="d:\src\dreamgenclone\dreamgenclone.tests\artifacts\build-check\region8\dreamgenclone.tests.dll" id="8a29aada-5c4b-1148-934c-8fd720f9bf8f">
      <Execution id="3a843e38-1591-4673-b7a5-80f98655cccc" />
      <TestMethod codeBase="D:\src\DreamGenClone\DreamGenClone.Tests\artifacts\build-check\region8\DreamGenClone.Tests.dll" adapterTypeName="executor://xunit/VsTestRunner2/netcoreapp" className="DreamGenClone.Tests.RolePlay.ImageRegionMaskEngineTests" name="TheRegionIsWhiteAndEverythingElseIsBlack" />
    </UnitTest>
    <UnitTest name="DreamGenClone.Tests.RolePlay.ComfyUIImageEditingClientTests.BuildResolvedWorkflow_SplitUnetGraph_EmitsSeparateLoaderGraph" storage="d:\src\dreamgenclone\dreamgenclone.tests\artifacts\build-check\region8\dreamgenclone.tests.dll" id="06dcdee9-c73c-a298-9ee7-60a278755994">
      <Execution id="65137f41-8f77-4f32-af76-9069feed095d" />
      <TestMethod codeBase="D:\src\DreamGenClone\DreamGenClone.Tests\artifacts\build-check\region8\DreamGenClone.Tests.dll" adapterTypeName="executor://xunit/VsTestRunner2/netcoreapp" className="DreamGenClone.Tests.RolePlay.ComfyUIImageEditingClientTests" name="BuildResolvedWorkflow_SplitUnetGraph_EmitsSeparateLoaderGraph" />
    </UnitTest>
    <UnitTest name="DreamGenClone.Tests.RolePlay.MediaEditImageEditingJobHandlerTests.AssetRun_WritesTheResultAndCompletesTheEditSession" storage="d:\src\dreamgenclone\dreamgenclone.tests\artifacts\build-check\region8\dreamgenclone.tests.dll" id="4e0e5b3f-3962-fd02-63b6-1496da317233">
      <Execution id="e0700860-4a48-4967-be28-401af9f8eca8" />
      <TestMethod codeBase="D:\src\DreamGenClone\DreamGenClone.Tests\artifacts\build-check\region8\DreamGenClone.Tests.dll" adapterTypeName="executor://xunit/VsTestRunner2/netcoreapp" className="DreamGenClone.Tests.RolePlay.MediaEditImageEditingJobHandlerTests" name="AssetRun_WritesTheResultAndCompletesTheEditSession" />
    </UnitTest>
    <UnitTest name="DreamGenClone.Tests.RolePlay.MediaEditRegionOperationTests.GeometryTheGraphCannotHonourIsRefused(left: -1, top: 0, width: 10, height: 10, expected: &quot;non-negative edges&quot;)" storage="d:\src\dreamgenclone\dreamgenclone.tests\artifacts\build-check\region8\dreamgenclone.tests.dll" id="1fb30cdb-09b8-c0f4-0c07-959b900033f6">
      <Execution id="60987898-091c-413a-9d9d-b247904c40d9" />
      <TestMethod codeBase="D:\src\DreamGenClone\DreamGenClone.Tests\artifacts\build-check\region8\DreamGenClone.Tests.dll" adapterTypeName="executor://xunit/VsTestRunner2/netcoreapp" className="DreamGenClone.Tests.RolePlay.MediaEditRegionOperationTests" name="GeometryTheGraphCannotHonourIsRefused" />
    </UnitTest>
    <UnitTest name="DreamGenClone.Tests.RolePlay.MediaEditImageEditingJobHandlerTests.AssetIdentityRun_RefusesARowWithoutTheChosenModel" storage="d:\src\dreamgenclone\dreamgenclone.tests\artifacts\build-check\region8\dreamgenclone.tests.dll" id="70b0bc71-3f33-6aa2-f46c-bee9c1d0cb07">
      <Execution id="bcbce97f-fd09-46c2-a499-7b5d07485a64" />
      <TestMethod codeBase="D:\src\DreamGenClone\DreamGenClone.Tests\artifacts\build-check\region8\DreamGenClone.Tests.dll" adapterTypeName="executor://xunit/VsTestRunner2/netcoreapp" className="DreamGenClone.Tests.RolePlay.MediaEditImageEditingJobHandlerTests" name="AssetIdentityRun_RefusesARowWithoutTheChosenModel" />
    </UnitTest>
    <UnitTest name="DreamGenClone.Tests.RolePlay.ComfyUIImageEditingClientTests.BuildResolvedWorkflow_SplitUnetWithLora_RewiresUnetAndClipLoader" storage="d:\src\dreamgenclone\dreamgenclone.tests\artifacts\build-check\region8\dreamgenclone.tests.dll" id="d3ea9e8e-b93a-2471-e308-c9cbb2937e3f">
      <Execution id="26d59cf4-3918-45e0-94ec-3d9204640d2b" />
      <TestMethod codeBase="D:\src\DreamGenClone\DreamGenClone.Tests\artifacts\build-check\region8\DreamGenClone.Tests.dll" adapterTypeName="executor://xunit/VsTestRunner2/netcoreapp" className="DreamGenClone.Tests.RolePlay.ComfyUIImageEditingClientTests" name="BuildResolvedWorkflow_SplitUnetWithLora_RewiresUnetAndClipLoader" />
    </UnitTest>
    <UnitTest name="DreamGenClone.Tests.RolePlay.MediaEditRegionOperationTests.GeometryTheGraphCannotHonourIsRefused(left: 0, top: -5, width: 10, height: 10, expected: &quot;non-negative edges&quot;)" storage="d:\src\dreamgenclone\dreamgenclone.tests\artifacts\build-check\region8\dreamgenclone.tests.dll" id="d01942d8-f5fe-c448-c29f-32395caf5b96">
      <Execution id="0cef8026-4476-42a1-a895-8f278424d7ac" />
      <TestMethod codeBase="D:\src\DreamGenClone\DreamGenClone.Tests\artifacts\build-check\region8\DreamGenClone.Tests.dll" adapterTypeName="executor://xunit/VsTestRunner2/netcoreapp" className="DreamGenClone.Tests.RolePlay.MediaEditRegionOperationTests" name="GeometryTheGraphCannotHonourIsRefused" />
    </UnitTest>
    <UnitTest name="DreamGenClone.Tests.RolePlay.ComfyUIImageEditingClientTests.BuildResolvedWorkflow_Qwen21WithoutARegion_KeepsTheEncoderLatent" storage="d:\src\dreamgenclone\dreamgenclone.tests\artifacts\build-check\region8\dreamgenclone.tests.dll" id="f6132641-d044-ed09-871a-d0d232b9f19b">
      <Execution id="137d859c-7145-4cab-a6cc-42a665e20447" />
      <TestMethod codeBase="D:\src\DreamGenClone\DreamGenClone.Tests\artifacts\build-check\region8\DreamGenClone.Tests.dll" adapterTypeName="executor://xunit/VsTestRunner2/netcoreapp" className="DreamGenClone.Tests.RolePlay.ComfyUIImageEditingClientTests" name="BuildResolvedWorkflow_Qwen21WithoutARegion_KeepsTheEncoderLatent" />
    </UnitTest>
    <UnitTest name="DreamGenClone.Tests.RolePlay.MediaEditRegionOperationTests.GeometryTheGraphCannotHonourIsRefused(left: 80, top: 10, width: 30, height: 10, expected: &quot;inside the frame&quot;)" storage="d:\src\dreamgenclone\dreamgenclone.tests\artifacts\build-check\region8\dreamgenclone.tests.dll" id="09844cc1-42be-25fc-e320-25dba841235b">
      <Execution id="445f1271-f6c0-4c9d-82f8-93ec3bf3a3df" />
      <TestMethod codeBase="D:\src\DreamGenClone\DreamGenClone.Tests\artifacts\build-check\region8\DreamGenClone.Tests.dll" adapterTypeName="executor://xunit/VsTestRunner2/netcoreapp" className="DreamGenClone.Tests.RolePlay.MediaEditRegionOperationTests" name="GeometryTheGraphCannotHonourIsRefused" />
    </UnitTest>
    <UnitTest name="DreamGenClone.Tests.RolePlay.ImageRegionMaskEngineTests.ARegionTooSmallForTheFrameIsRefusedRatherThanEmittedAsAnAllBlackMask" storage="d:\src\dreamgenclone\dreamgenclone.tests\artifacts\build-check\region8\dreamgenclone.tests.dll" id="872b803e-96fb-c716-790c-d010bb86a5fa">
      <Execution id="6b9ec14e-7e44-4dd0-b389-f5b4ca7b28ae" />
      <TestMethod codeBase="D:\src\DreamGenClone\DreamGenClone.Tests\artifacts\build-check\region8\DreamGenClone.Tests.dll" adapterTypeName="executor://xunit/VsTestRunner2/netcoreapp" className="DreamGenClone.Tests.RolePlay.ImageRegionMaskEngineTests" name="ARegionTooSmallForTheFrameIsRefusedRatherThanEmittedAsAnAllBlackMask" />
    </UnitTest>
    <UnitTest name="DreamGenClone.Tests.RolePlay.MediaEditImageEditingJobHandlerTests.CropRun_IsIdempotentWhenTheImageAlreadyCompleted" storage="d:\src\dreamgenclone\dreamgenclone.tests\artifacts\build-check\region8\dreamgenclone.tests.dll" id="8e333ce5-f6db-de57-c58c-a47d88ac65cd">
      <Execution id="0a05e6c0-e110-420b-952a-41308b52e54f" />
      <TestMethod codeBase="D:\src\DreamGenClone\DreamGenClone.Tests\artifacts\build-check\region8\DreamGenClone.Tests.dll" adapterTypeName="executor://xunit/VsTestRunner2/netcoreapp" className="DreamGenClone.Tests.RolePlay.MediaEditImageEditingJobHandlerTests" name="CropRun_IsIdempotentWhenTheImageAlreadyCompleted" />
    </UnitTest>
    <UnitTest name="DreamGenClone.Tests.RolePlay.MediaEditImageEditingJobHandlerTests.CropRun_NeverResolvesAModelOrCallsTheEditorClient" storage="d:\src\dreamgenclone\dreamgenclone.tests\artifacts\build-check\region8\dreamgenclone.tests.dll" id="c5d934a4-c263-aef4-0991-6d4adcbbfde4">
      <Execution id="4b65989d-2772-4b04-b6a8-e6e213caeea1" />
      <TestMethod codeBase="D:\src\DreamGenClone\DreamGenClone.Tests\artifacts\build-check\region8\DreamGenClone.Tests.dll" adapterTypeName="executor://xunit/VsTestRunner2/netcoreapp" className="DreamGenClone.Tests.RolePlay.MediaEditImageEditingJobHandlerTests" name="CropRun_NeverResolvesAModelOrCallsTheEditorClient" />
    </UnitTest>
    <UnitTest name="DreamGenClone.Tests.RolePlay.ComfyUIImageEditingClientTests.BuildResolvedWorkflow_MergedCheckpointGraph_EmitsCheckpointLoaderGraphWithResolvedSettings" storage="d:\src\dreamgenclone\dreamgenclone.tests\artifacts\build-check\region8\dreamgenclone.tests.dll" id="fe14c807-adcd-02d2-e3f2-898146908fdf">
      <Execution id="32494d13-3301-4e8f-affc-651c86a4b86b" />
      <TestMethod codeBase="D:\src\DreamGenClone\DreamGenClone.Tests\artifacts\build-check\region8\DreamGenClone.Tests.dll" adapterTypeName="executor://xunit/VsTestRunner2/netcoreapp" className="DreamGenClone.Tests.RolePlay.ComfyUIImageEditingClientTests" name="BuildResolvedWorkflow_MergedCheckpointGraph_EmitsCheckpointLoaderGraphWithResolvedSettings" />
    </UnitTest>
    <UnitTest name="DreamGenClone.Tests.RolePlay.ImageRegionMaskEngineTests.ARegionFlushWithTwoEdgesIsWhiteFromTheEdge" storage="d:\src\dreamgenclone\dreamgenclone.tests\artifacts\build-check\region8\dreamgenclone.tests.dll" id="c800f656-e852-498d-77a3-088eb4e54650">
      <Execution id="1c2d817b-6549-4aae-8a24-3aa76f6204b8" />
      <TestMethod codeBase="D:\src\DreamGenClone\DreamGenClone.Tests\artifacts\build-check\region8\DreamGenClone.Tests.dll" adapterTypeName="executor://xunit/VsTestRunner2/netcoreapp" className="DreamGenClone.Tests.RolePlay.ImageRegionMaskEngineTests" name="ARegionFlushWithTwoEdgesIsWhiteFromTheEdge" />
    </UnitTest>
    <UnitTest name="DreamGenClone.Tests.RolePlay.ImageRegionMaskEngineTests.AFrameWithoutASizeIsRefused" storage="d:\src\dreamgenclone\dreamgenclone.tests\artifacts\build-check\region8\dreamgenclone.tests.dll" id="e81a9f55-9cd1-6079-29ff-c53524f81f7c">
      <Execution id="16b77a94-1fec-44f4-a05b-bd9441ace442" />
      <TestMethod codeBase="D:\src\DreamGenClone\DreamGenClone.Tests\artifacts\build-check\region8\DreamGenClone.Tests.dll" adapterTypeName="executor://xunit/VsTestRunner2/netcoreapp" className="DreamGenClone.Tests.RolePlay.ImageRegionMaskEngineTests" name="AFrameWithoutASizeIsRefused" />
    </UnitTest>
    <UnitTest name="DreamGenClone.Tests.RolePlay.MediaEditRegionOperationTests.ARegionFlushWithTwoEdgesIsAccepted" storage="d:\src\dreamgenclone\dreamgenclone.tests\artifacts\build-check\region8\dreamgenclone.tests.dll" id="4d70e944-b06d-dba0-503d-d825e0f1d00a">
      <Execution id="71d2b22b-3426-43e9-bbf7-ac0276377290" />
      <TestMethod codeBase="D:\src\DreamGenClone\DreamGenClone.Tests\artifacts\build-check\region8\DreamGenClone.Tests.dll" adapterTypeName="executor://xunit/VsTestRunner2/netcoreapp" className="DreamGenClone.Tests.RolePlay.MediaEditRegionOperationTests" name="ARegionFlushWithTwoEdgesIsAccepted" />
    </UnitTest>
    <UnitTest name="DreamGenClone.Tests.RolePlay.MediaEditImageEditingJobHandlerTests.Run_SkipsWhenTheRowCanNoLongerBeClaimed" storage="d:\src\dreamgenclone\dreamgenclone.tests\artifacts\build-check\region8\dreamgenclone.tests.dll" id="6dc6c08b-721f-5c34-4a04-c741f6bea575">
      <Execution id="3cbccce9-6c86-47cd-9a03-d4da2f3f0ab9" />
      <TestMethod codeBase="D:\src\DreamGenClone\DreamGenClone.Tests\artifacts\build-check\region8\DreamGenClone.Tests.dll" adapterTypeName="executor://xunit/VsTestRunner2/netcoreapp" className="DreamGenClone.Tests.RolePlay.MediaEditImageEditingJobHandlerTests" name="Run_SkipsWhenTheRowCanNoLongerBeClaimed" />
    </UnitTest>
    <UnitTest name="DreamGenClone.Tests.RolePlay.MediaEditRegionOperationTests.ARegionEditWithoutItsRegionIsRefused" storage="d:\src\dreamgenclone\dreamgenclone.tests\artifacts\build-check\region8\dreamgenclone.tests.dll" id="c30a4d45-e3b7-5e38-a612-47ac5415c4bb">
      <Execution id="7df551e0-00de-4d1e-9cb0-2e1d3bb75db1" />
      <TestMethod codeBase="D:\src\DreamGenClone\DreamGenClone.Tests\artifacts\build-check\region8\DreamGenClone.Tests.dll" adapterTypeName="executor://xunit/VsTestRunner2/netcoreapp" className="DreamGenClone.Tests.RolePlay.MediaEditRegionOperationTests" name="ARegionEditWithoutItsRegionIsRefused" />
    </UnitTest>
    <UnitTest name="DreamGenClone.Tests.RolePlay.ComfyUIImageEditingClientTests.BuildResolvedWorkflow_RegionOnANonQwen21Graph_IsRefusedNamingTheFix" storage="d:\src\dreamgenclone\dreamgenclone.tests\artifacts\build-check\region8\dreamgenclone.tests.dll" id="82c106c2-b83c-4880-ecc6-b256bc2684a2">
      <Execution id="4d10b686-c8b9-41b7-b641-fd8d44101fbc" />
      <TestMethod codeBase="D:\src\DreamGenClone\DreamGenClone.Tests\artifacts\build-check\region8\DreamGenClone.Tests.dll" adapterTypeName="executor://xunit/VsTestRunner2/netcoreapp" className="DreamGenClone.Tests.RolePlay.ComfyUIImageEditingClientTests" name="BuildResolvedWorkflow_RegionOnANonQwen21Graph_IsRefusedNamingTheFix" />
    </UnitTest>
    <UnitTest name="DreamGenClone.Tests.RolePlay.ComfyUIImageEditingClientTests.BuildResolvedWorkflow_WithoutLora_EmitsNoLoraNode" storage="d:\src\dreamgenclone\dreamgenclone.tests\artifacts\build-check\region8\dreamgenclone.tests.dll" id="8998c9ac-bfeb-b7e4-f2c7-b4e5ebf9ca2a">
      <Execution id="1fa70f1d-c1fa-4723-b604-bc852773e3f6" />
      <TestMethod codeBase="D:\src\DreamGenClone\DreamGenClone.Tests\artifacts\build-check\region8\DreamGenClone.Tests.dll" adapterTypeName="executor://xunit/VsTestRunner2/netcoreapp" className="DreamGenClone.Tests.RolePlay.ComfyUIImageEditingClientTests" name="BuildResolvedWorkflow_WithoutLora_EmitsNoLoraNode" />
    </UnitTest>
    <UnitTest name="DreamGenClone.Tests.RolePlay.MediaEditImageEditingJobHandlerTests.Payload_CarriesAnExplicitSubjectKind" storage="d:\src\dreamgenclone\dreamgenclone.tests\artifacts\build-check\region8\dreamgenclone.tests.dll" id="8c96bca5-e4c6-8b4f-2d03-c92effbc952c">
      <Execution id="2972a63f-ce10-4bdf-a90e-0c0246966d63" />
      <TestMethod codeBase="D:\src\DreamGenClone\DreamGenClone.Tests\artifacts\build-check\region8\DreamGenClone.Tests.dll" adapterTypeName="executor://xunit/VsTestRunner2/netcoreapp" className="DreamGenClone.Tests.RolePlay.MediaEditImageEditingJobHandlerTests" name="Payload_CarriesAnExplicitSubjectKind" />
    </UnitTest>
    <UnitTest name="DreamGenClone.Tests.RolePlay.ComfyUIImageEditingClientTests.BuildResolvedWorkflow_LoraNameWithoutStrength_FailsFast" storage="d:\src\dreamgenclone\dreamgenclone.tests\artifacts\build-check\region8\dreamgenclone.tests.dll" id="bca6b75e-204f-3db2-46db-726bdf6d7f5d">
      <Execution id="77dd3125-0d64-4bbf-9908-9b45a1618ed4" />
      <TestMethod codeBase="D:\src\DreamGenClone\DreamGenClone.Tests\artifacts\build-check\region8\DreamGenClone.Tests.dll" adapterTypeName="executor://xunit/VsTestRunner2/netcoreapp" className="DreamGenClone.Tests.RolePlay.ComfyUIImageEditingClientTests" name="BuildResolvedWorkflow_LoraNameWithoutStrength_FailsFast" />
    </UnitTest>
    <UnitTest name="DreamGenClone.Tests.RolePlay.ComfyUIImageEditingClientTests.BuildWorkflow_BindsOrderedReferencesToBothEncoders(mergedCheckpoint: False)" storage="d:\src\dreamgenclone\dreamgenclone.tests\artifacts\build-check\region8\dreamgenclone.tests.dll" id="3c9ef6d1-6e22-e965-df52-a0c78533c300">
      <Execution id="36dc6a72-d1d9-4cc5-ae42-a83df97c176e" />
      <TestMethod codeBase="D:\src\DreamGenClone\DreamGenClone.Tests\artifacts\build-check\region8\DreamGenClone.Tests.dll" adapterTypeName="executor://xunit/VsTestRunner2/netcoreapp" className="DreamGenClone.Tests.RolePlay.ComfyUIImageEditingClientTests" name="BuildWorkflow_BindsOrderedReferencesToBothEncoders" />
    </UnitTest>
    <UnitTest name="DreamGenClone.Tests.RolePlay.MediaEditRegionOperationTests.GeometryTheGraphCannotHonourIsRefused(left: 10, top: 10, width: 0, height: 10, expected: &quot;positive size&quot;)" storage="d:\src\dreamgenclone\dreamgenclone.tests\artifacts\build-check\region8\dreamgenclone.tests.dll" id="c550ed2c-f183-2bc5-8bd7-255a5d60aae4">
      <Execution id="b82ccf12-323a-43f6-9b52-9218db87c12d" />
      <TestMethod codeBase="D:\src\DreamGenClone\DreamGenClone.Tests\artifacts\build-check\region8\DreamGenClone.Tests.dll" adapterTypeName="executor://xunit/VsTestRunner2/netcoreapp" className="DreamGenClone.Tests.RolePlay.MediaEditRegionOperationTests" name="GeometryTheGraphCannotHonourIsRefused" />
    </UnitTest>
    <UnitTest name="DreamGenClone.Tests.RolePlay.MediaEditImageEditingJobHandlerTests.PresetRun_SendsTheAssembledInstructionAndCompletes" storage="d:\src\dreamgenclone\dreamgenclone.tests\artifacts\build-check\region8\dreamgenclone.tests.dll" id="7b930681-6826-f7cf-4789-1188851978ca">
      <Execution id="32b3117d-138c-4f86-be16-5e593d1f9e1e" />
      <TestMethod codeBase="D:\src\DreamGenClone\DreamGenClone.Tests\artifacts\build-check\region8\DreamGenClone.Tests.dll" adapterTypeName="executor://xunit/VsTestRunner2/netcoreapp" className="DreamGenClone.Tests.RolePlay.MediaEditImageEditingJobHandlerTests" name="PresetRun_SendsTheAssembledInstructionAndCompletes" />
    </UnitTest>
    <UnitTest name="DreamGenClone.Tests.RolePlay.MediaEditRegionOperationTests.ARegionInsideTheFrameWithGrowAndFeatherIsAccepted" storage="d:\src\dreamgenclone\dreamgenclone.tests\artifacts\build-check\region8\dreamgenclone.tests.dll" id="c6d55864-9591-84c2-93fb-bc5a37a7fad6">
      <Execution id="3063cde4-5d21-41fe-9e19-6781dfd8a6b6" />
      <TestMethod codeBase="D:\src\DreamGenClone\DreamGenClone.Tests\artifacts\build-check\region8\DreamGenClone.Tests.dll" adapterTypeName="executor://xunit/VsTestRunner2/netcoreapp" className="DreamGenClone.Tests.RolePlay.MediaEditRegionOperationTests" name="ARegionInsideTheFrameWithGrowAndFeatherIsAccepted" />
    </UnitTest>
    <UnitTest name="DreamGenClone.Tests.RolePlay.MediaEditImageEditingJobHandlerTests.AssetIdentityRun_SendsTheBoundFacesAndTheChosenModel" storage="d:\src\dreamgenclone\dreamgenclone.tests\artifacts\build-check\region8\dreamgenclone.tests.dll" id="9280b183-fa66-8a06-7a15-df47e3735142">
      <Execution id="ffabde3b-5024-4540-8fb4-aaab43c55142" />
      <TestMethod codeBase="D:\src\DreamGenClone\DreamGenClone.Tests\artifacts\build-check\region8\DreamGenClone.Tests.dll" adapterTypeName="executor://xunit/VsTestRunner2/netcoreapp" className="DreamGenClone.Tests.RolePlay.MediaEditImageEditingJobHandlerTests" name="AssetIdentityRun_SendsTheBoundFacesAndTheChosenModel" />
    </UnitTest>
    <UnitTest name="DreamGenClone.Tests.RolePlay.MediaEditRegionOperationTests.ANegativeFeatherIsRefused" storage="d:\src\dreamgenclone\dreamgenclone.tests\artifacts\build-check\region8\dreamgenclone.tests.dll" id="ec1bf3ba-b3c4-392f-a890-6b2a3034383b">
      <Execution id="3d128ce9-b9f5-4a87-8886-4caae157cb26" />
      <TestMethod codeBase="D:\src\DreamGenClone\DreamGenClone.Tests\artifacts\build-check\region8\DreamGenClone.Tests.dll" adapterTypeName="executor://xunit/VsTestRunner2/netcoreapp" className="DreamGenClone.Tests.RolePlay.MediaEditRegionOperationTests" name="ANegativeFeatherIsRefused" />
    </UnitTest>
    <UnitTest name="DreamGenClone.Tests.RolePlay.MediaEditImageEditingJobHandlerTests.PresetRun_WhenThePresetWordingChanged_RefusesInsteadOfRenderingTheStaleText" storage="d:\src\dreamgenclone\dreamgenclone.tests\artifacts\build-check\region8\dreamgenclone.tests.dll" id="66af0cf6-6954-2422-ac47-c9ae5db840eb">
      <Execution id="f659296f-8df2-493f-9479-fd739d6cc480" />
      <TestMethod codeBase="D:\src\DreamGenClone\DreamGenClone.Tests\artifacts\build-check\region8\DreamGenClone.Tests.dll" adapterTypeName="executor://xunit/VsTestRunner2/netcoreapp" className="DreamGenClone.Tests.RolePlay.MediaEditImageEditingJobHandlerTests" name="PresetRun_WhenThePresetWordingChanged_RefusesInsteadOfRenderingTheStaleText" />
    </UnitTest>
    <UnitTest name="DreamGenClone.Tests.RolePlay.MediaEditRegionOperationTests.AGrowValueOutsideTheHostsOwnBoundIsRefused(growMaskBy: -1)" storage="d:\src\dreamgenclone\dreamgenclone.tests\artifacts\build-check\region8\dreamgenclone.tests.dll" id="20ab2053-6f87-0139-cef7-2e3251bef1fa">
      <Execution id="4950da2b-3814-497d-857f-f04a6479b656" />
      <TestMethod codeBase="D:\src\DreamGenClone\DreamGenClone.Tests\artifacts\build-check\region8\DreamGenClone.Tests.dll" adapterTypeName="executor://xunit/VsTestRunner2/netcoreapp" className="DreamGenClone.Tests.RolePlay.MediaEditRegionOperationTests" name="AGrowValueOutsideTheHostsOwnBoundIsRefused" />
    </UnitTest>
    <UnitTest name="DreamGenClone.Tests.RolePlay.MediaEditImageEditingJobHandlerTests.CropRun_WritesANewImageAndLeavesTheSourceUntouched" storage="d:\src\dreamgenclone\dreamgenclone.tests\artifacts\build-check\region8\dreamgenclone.tests.dll" id="35106e36-e8e5-e743-da00-264f3a3a7177">
      <Execution id="7dfde04a-68f3-4e74-bb40-b26065f3a4dd" />
      <TestMethod codeBase="D:\src\DreamGenClone\DreamGenClone.Tests\artifacts\build-check\region8\DreamGenClone.Tests.dll" adapterTypeName="executor://xunit/VsTestRunner2/netcoreapp" className="DreamGenClone.Tests.RolePlay.MediaEditImageEditingJobHandlerTests" name="CropRun_WritesANewImageAndLeavesTheSourceUntouched" />
    </UnitTest>
  </TestDefinitions>
  <TestEntries>
    <TestEntry testId="e32b6284-e336-e04d-2626-9dd4d2c0280c" executionId="73685227-c6a9-483b-9e63-9c82660db877" testListId="8c84fa94-04c1-424b-9868-57a2d4851a1d" />
    <TestEntry testId="bca6b75e-204f-3db2-46db-726bdf6d7f5d" executionId="77dd3125-0d64-4bbf-9908-9b45a1618ed4" testListId="8c84fa94-04c1-424b-9868-57a2d4851a1d" />
    <TestEntry testId="1fb30cdb-09b8-c0f4-0c07-959b900033f6" executionId="60987898-091c-413a-9d9d-b247904c40d9" testListId="8c84fa94-04c1-424b-9868-57a2d4851a1d" />
    <TestEntry testId="20ab2053-6f87-0139-cef7-2e3251bef1fa" executionId="4950da2b-3814-497d-857f-f04a6479b656" testListId="8c84fa94-04c1-424b-9868-57a2d4851a1d" />
    <TestEntry testId="dbb4a59b-b37a-3a92-59cf-f16dd56e0186" executionId="edd262f2-0237-4332-a874-df8b8087038f" testListId="8c84fa94-04c1-424b-9868-57a2d4851a1d" />
    <TestEntry testId="72550580-46b5-6703-561d-3cfed8c98336" executionId="fea48909-e999-44d4-83a1-fe42f2571d81" testListId="8c84fa94-04c1-424b-9868-57a2d4851a1d" />
    <TestEntry testId="f3179e05-ddc8-3a16-eca0-4b54d0702a53" executionId="41d61a4e-1a26-4dbc-bfb7-b495b4dae4b9" testListId="8c84fa94-04c1-424b-9868-57a2d4851a1d" />
    <TestEntry testId="c550ed2c-f183-2bc5-8bd7-255a5d60aae4" executionId="b82ccf12-323a-43f6-9b52-9218db87c12d" testListId="8c84fa94-04c1-424b-9868-57a2d4851a1d" />
    <TestEntry testId="872b803e-96fb-c716-790c-d010bb86a5fa" executionId="6b9ec14e-7e44-4dd0-b389-f5b4ca7b28ae" testListId="8c84fa94-04c1-424b-9868-57a2d4851a1d" />
    <TestEntry testId="0349578b-a431-2bc6-fa7d-45f019899d4b" executionId="17273534-208c-4630-81f8-a1ed69165d37" testListId="8c84fa94-04c1-424b-9868-57a2d4851a1d" />
    <TestEntry testId="8c96bca5-e4c6-8b4f-2d03-c92effbc952c" executionId="2972a63f-ce10-4bdf-a90e-0c0246966d63" testListId="8c84fa94-04c1-424b-9868-57a2d4851a1d" />
    <TestEntry testId="c800f656-e852-498d-77a3-088eb4e54650" executionId="1c2d817b-6549-4aae-8a24-3aa76f6204b8" testListId="8c84fa94-04c1-424b-9868-57a2d4851a1d" />
    <TestEntry testId="f6132641-d044-ed09-871a-d0d232b9f19b" executionId="137d859c-7145-4cab-a6cc-42a665e20447" testListId="8c84fa94-04c1-424b-9868-57a2d4851a1d" />
    <TestEntry testId="02b5b00b-ffcc-40ee-d097-533628b59cf9" executionId="b898395b-f588-43e5-8d5a-38dfcfbc8a44" testListId="8c84fa94-04c1-424b-9868-57a2d4851a1d" />
    <TestEntry testId="3c9ef6d1-6e22-e965-df52-a0c78533c300" executionId="36dc6a72-d1d9-4cc5-ae42-a83df97c176e" testListId="8c84fa94-04c1-424b-9868-57a2d4851a1d" />
    <TestEntry testId="09844cc1-42be-25fc-e320-25dba841235b" executionId="445f1271-f6c0-4c9d-82f8-93ec3bf3a3df" testListId="8c84fa94-04c1-424b-9868-57a2d4851a1d" />
    <TestEntry testId="2699dfa7-ccd1-26d0-a95f-18fdb87a16fd" executionId="8ca28765-97f4-42bc-a684-d885465524ef" testListId="8c84fa94-04c1-424b-9868-57a2d4851a1d" />
    <TestEntry testId="0d66209c-ef4e-384a-b1ae-bb493294f629" executionId="4cb921fc-ebd3-4bb5-b606-53264dbcea76" testListId="8c84fa94-04c1-424b-9868-57a2d4851a1d" />
    <TestEntry testId="e81a9f55-9cd1-6079-29ff-c53524f81f7c" executionId="16b77a94-1fec-44f4-a05b-bd9441ace442" testListId="8c84fa94-04c1-424b-9868-57a2d4851a1d" />
    <TestEntry testId="8e333ce5-f6db-de57-c58c-a47d88ac65cd" executionId="0a05e6c0-e110-420b-952a-41308b52e54f" testListId="8c84fa94-04c1-424b-9868-57a2d4851a1d" />
    <TestEntry testId="7ab5f2e0-d036-40c8-5127-83d9d86788a5" executionId="bf521a57-5746-4bf9-ae23-687f35bc4105" testListId="8c84fa94-04c1-424b-9868-57a2d4851a1d" />
    <TestEntry testId="9280b183-fa66-8a06-7a15-df47e3735142" executionId="ffabde3b-5024-4540-8fb4-aaab43c55142" testListId="8c84fa94-04c1-424b-9868-57a2d4851a1d" />
    <TestEntry testId="d01942d8-f5fe-c448-c29f-32395caf5b96" executionId="0cef8026-4476-42a1-a895-8f278424d7ac" testListId="8c84fa94-04c1-424b-9868-57a2d4851a1d" />
    <TestEntry testId="35106e36-e8e5-e743-da00-264f3a3a7177" executionId="7dfde04a-68f3-4e74-bb40-b26065f3a4dd" testListId="8c84fa94-04c1-424b-9868-57a2d4851a1d" />
    <TestEntry testId="935cb8f4-8c40-d55f-2930-9fb995128da8" executionId="70337068-0de1-42fe-a2df-843293603341" testListId="8c84fa94-04c1-424b-9868-57a2d4851a1d" />
    <TestEntry testId="e718a674-3124-f4d0-a654-267d370835d9" executionId="3b68a0ad-0ce0-4a81-bdba-7d5a6d42bec4" testListId="8c84fa94-04c1-424b-9868-57a2d4851a1d" />
    <TestEntry testId="c30a4d45-e3b7-5e38-a612-47ac5415c4bb" executionId="7df551e0-00de-4d1e-9cb0-2e1d3bb75db1" testListId="8c84fa94-04c1-424b-9868-57a2d4851a1d" />
    <TestEntry testId="8a29aada-5c4b-1148-934c-8fd720f9bf8f" executionId="3a843e38-1591-4673-b7a5-80f98655cccc" testListId="8c84fa94-04c1-424b-9868-57a2d4851a1d" />
    <TestEntry testId="c5d934a4-c263-aef4-0991-6d4adcbbfde4" executionId="4b65989d-2772-4b04-b6a8-e6e213caeea1" testListId="8c84fa94-04c1-424b-9868-57a2d4851a1d" />
    <TestEntry testId="fe14c807-adcd-02d2-e3f2-898146908fdf" executionId="32494d13-3301-4e8f-affc-651c86a4b86b" testListId="8c84fa94-04c1-424b-9868-57a2d4851a1d" />
    <TestEntry testId="789c474d-3bbf-01f9-4c2b-4c0cd52baf9f" executionId="e969320c-d23d-434a-aa5e-8f8bd72b2a66" testListId="8c84fa94-04c1-424b-9868-57a2d4851a1d" />
    <TestEntry testId="d3ea9e8e-b93a-2471-e308-c9cbb2937e3f" executionId="26d59cf4-3918-45e0-94ec-3d9204640d2b" testListId="8c84fa94-04c1-424b-9868-57a2d4851a1d" />
    <TestEntry testId="e16b6fd7-6073-955b-954f-8f610f24500f" executionId="c256facc-9b5b-4642-a23c-92c4991f3282" testListId="8c84fa94-04c1-424b-9868-57a2d4851a1d" />
    <TestEntry testId="4d70e944-b06d-dba0-503d-d825e0f1d00a" executionId="71d2b22b-3426-43e9-bbf7-ac0276377290" testListId="8c84fa94-04c1-424b-9868-57a2d4851a1d" />
    <TestEntry testId="8998c9ac-bfeb-b7e4-f2c7-b4e5ebf9ca2a" executionId="1fa70f1d-c1fa-4723-b604-bc852773e3f6" testListId="8c84fa94-04c1-424b-9868-57a2d4851a1d" />
    <TestEntry testId="70b0bc71-3f33-6aa2-f46c-bee9c1d0cb07" executionId="bcbce97f-fd09-46c2-a499-7b5d07485a64" testListId="8c84fa94-04c1-424b-9868-57a2d4851a1d" />
    <TestEntry testId="9031749f-1908-eba5-9322-c84472a0bf34" executionId="d9499033-bc84-4d83-a60c-a9bb8ddb60b0" testListId="8c84fa94-04c1-424b-9868-57a2d4851a1d" />
    <TestEntry testId="ec1bf3ba-b3c4-392f-a890-6b2a3034383b" executionId="3d128ce9-b9f5-4a87-8886-4caae157cb26" testListId="8c84fa94-04c1-424b-9868-57a2d4851a1d" />
    <TestEntry testId="eca99a3b-ade7-b69d-431b-5aab1d13484b" executionId="f367bd79-5901-4f64-b22a-ac46c52c0bcb" testListId="8c84fa94-04c1-424b-9868-57a2d4851a1d" />
    <TestEntry testId="b3f69e7a-0b2b-5d26-8d25-3e305684e842" executionId="1eb5c1c5-6d0b-4575-aba6-0d2e0edbb853" testListId="8c84fa94-04c1-424b-9868-57a2d4851a1d" />
    <TestEntry testId="ef0d825f-2eda-9c83-8aba-45cb0db38ab0" executionId="c84f4d55-0896-4e70-a354-6f3b7fcc85e9" testListId="8c84fa94-04c1-424b-9868-57a2d4851a1d" />
    <TestEntry testId="06dcdee9-c73c-a298-9ee7-60a278755994" executionId="65137f41-8f77-4f32-af76-9069feed095d" testListId="8c84fa94-04c1-424b-9868-57a2d4851a1d" />
    <TestEntry testId="82c106c2-b83c-4880-ecc6-b256bc2684a2" executionId="4d10b686-c8b9-41b7-b641-fd8d44101fbc" testListId="8c84fa94-04c1-424b-9868-57a2d4851a1d" />
    <TestEntry testId="6dc6c08b-721f-5c34-4a04-c741f6bea575" executionId="3cbccce9-6c86-47cd-9a03-d4da2f3f0ab9" testListId="8c84fa94-04c1-424b-9868-57a2d4851a1d" />
    <TestEntry testId="c6d55864-9591-84c2-93fb-bc5a37a7fad6" executionId="3063cde4-5d21-41fe-9e19-6781dfd8a6b6" testListId="8c84fa94-04c1-424b-9868-57a2d4851a1d" />
    <TestEntry testId="66af0cf6-6954-2422-ac47-c9ae5db840eb" executionId="f659296f-8df2-493f-9479-fd739d6cc480" testListId="8c84fa94-04c1-424b-9868-57a2d4851a1d" />
    <TestEntry testId="7b930681-6826-f7cf-4789-1188851978ca" executionId="32b3117d-138c-4f86-be16-5e593d1f9e1e" testListId="8c84fa94-04c1-424b-9868-57a2d4851a1d" />
    <TestEntry testId="af7d0a0a-2461-0c4e-b833-05876d6b55df" executionId="2436b3a4-611e-4e37-a6f6-b1fd8d0e97cc" testListId="8c84fa94-04c1-424b-9868-57a2d4851a1d" />
    <TestEntry testId="ca53f6e3-8c73-d98e-0e11-996a12ca75e8" executionId="081cfa38-b767-40d3-97bc-2e55df03395c" testListId="8c84fa94-04c1-424b-9868-57a2d4851a1d" />
    <TestEntry testId="4e0e5b3f-3962-fd02-63b6-1496da317233" executionId="e0700860-4a48-4967-be28-401af9f8eca8" testListId="8c84fa94-04c1-424b-9868-57a2d4851a1d" />
  </TestEntries>
  <TestLists>
    <TestList name="Results Not in a List" id="8c84fa94-04c1-424b-9868-57a2d4851a1d" />
    <TestList name="All Loaded Results" id="19431567-8539-422a-85d7-44ee4e166bda" />
  </TestLists>
  <ResultSummary outcome="Completed">
    <Counters total="50" executed="50" passed="50" failed="0" error="0" timeout="0" aborted="0" inconclusive="0" passedButRunAborted="0" notRunnable="0" notExecuted="0" disconnected="0" warning="0" completed="0" inProgress="0" pending="0" />
    <Output>
      <StdOut>[xUnit.net 00:00:00.00] xUnit.net VSTest Adapter v2.8.2+699d445a1a (64-bit .NET 9.0.13)&#xD;
[xUnit.net 00:00:01.23]   Discovering: DreamGenClone.Tests&#xD;
[xUnit.net 00:00:01.46]   Discovered:  DreamGenClone.Tests&#xD;
[xUnit.net 00:00:01.46]   Starting:    DreamGenClone.Tests&#xD;
[xUnit.net 00:00:09.21]   Finished:    DreamGenClone.Tests&#xD;
</StdOut>
    </Output>
  </ResultSummary>
</TestRun>